Archive member included to satisfy reference by file (symbol)

.\CortexM0\ARM_GCC_541\Debug\BLE_WDT_Lowpower.a(isr_WDT.o)
                              .\CortexM0\ARM_GCC_541\Debug\main.o (isr_WDT_StartEx)
.\CortexM0\ARM_GCC_541\Debug\BLE_WDT_Lowpower.a(LED_Status.o)
                              .\CortexM0\ARM_GCC_541\Debug\main.o (LED_Status_Write)
.\CortexM0\ARM_GCC_541\Debug\BLE_WDT_Lowpower.a(CyLib.o)
                              .\CortexM0\ARM_GCC_541\Debug\main.o (CySysClkImoStart)
.\CortexM0\ARM_GCC_541\Debug\BLE_WDT_Lowpower.a(cyPm.o)
                              .\CortexM0\ARM_GCC_541\Debug\main.o (CySysPmSleep)
.\CortexM0\ARM_GCC_541\Debug\BLE_WDT_Lowpower.a(CyLFClk.o)
                              .\CortexM0\ARM_GCC_541\Debug\cyfitter_cfg.o (CySysClkWcoStart)
.\CortexM0\ARM_GCC_541\Debug\BLE_WDT_Lowpower.a(BLE_1.o)
                              .\CortexM0\ARM_GCC_541\Debug\main.o (CyBle_Start)
.\CortexM0\ARM_GCC_541\Debug\BLE_WDT_Lowpower.a(BLE_1_gatt.o)
                              .\CortexM0\ARM_GCC_541\Debug\main.o (cyBle_state)
.\CortexM0\ARM_GCC_541\Debug\BLE_WDT_Lowpower.a(BLE_1_ias.o)
                              .\CortexM0\ARM_GCC_541\Debug\BLE_WDT_Lowpower.a(BLE_1.o) (CyBle_IasInit)
.\CortexM0\ARM_GCC_541\Debug\BLE_WDT_Lowpower.a(BLE_1_eventHandler.o)
                              .\CortexM0\ARM_GCC_541\Debug\BLE_WDT_Lowpower.a(BLE_1.o) (cyBle_connHandle)
.\CortexM0\ARM_GCC_541\Debug\BLE_WDT_Lowpower.a(CyBootAsmGnu.o)
                              .\CortexM0\ARM_GCC_541\Debug\cyfitter_cfg.o (CyDelayCycles)
C:\Users\Administrator\Documents\PSoC Creator\4.1\Downloads ( 4.1).cylib\BLE_v3_40\Library\gccCyBLEStack_BLE_SOC_PERIPHERAL.a(CyBle.o)
                              .\CortexM0\ARM_GCC_541\Debug\BLE_WDT_Lowpower.a(BLE_1_eventHandler.o) (CyBle_EnableDefaultDevicePrivacy)
C:\Users\Administrator\Documents\PSoC Creator\4.1\Downloads ( 4.1).cylib\BLE_v3_40\Library\gccCyBLEStack_BLE_SOC_PERIPHERAL.a(CyBleStackMgrIP_Interface.o)
                              C:\Users\Administrator\Documents\PSoC Creator\4.1\Downloads ( 4.1).cylib\BLE_v3_40\Library\gccCyBLEStack_BLE_SOC_PERIPHERAL.a(CyBle.o) (CyBleStackMgr_Init)
C:\Users\Administrator\Documents\PSoC Creator\4.1\Downloads ( 4.1).cylib\BLE_v3_40\Library\gccCyBLEStack_BLE_SOC_PERIPHERAL.a(BT_os.o)
                              C:\Users\Administrator\Documents\PSoC Creator\4.1\Downloads ( 4.1).cylib\BLE_v3_40\Library\gccCyBLEStack_BLE_SOC_PERIPHERAL.a(CyBleStackMgrIP_Interface.o) (cyBleStackMemoryConfig)
C:\Users\Administrator\Documents\PSoC Creator\4.1\Downloads ( 4.1).cylib\BLE_v3_40\Library\gccCyBLEStack_BLE_SOC_PERIPHERAL.a(BT_timer.o)
                              C:\Users\Administrator\Documents\PSoC Creator\4.1\Downloads ( 4.1).cylib\BLE_v3_40\Library\gccCyBLEStack_BLE_SOC_PERIPHERAL.a(CyBleStackMgrIP_Interface.o) (timer_init)
C:\Users\Administrator\Documents\PSoC Creator\4.1\Downloads ( 4.1).cylib\BLE_v3_40\Library\gccCyBLEStack_BLE_SOC_PERIPHERAL.a(CyBleStackMgr_StackTaskHandler.o)
                              C:\Users\Administrator\Documents\PSoC Creator\4.1\Downloads ( 4.1).cylib\BLE_v3_40\Library\gccCyBLEStack_BLE_SOC_PERIPHERAL.a(BT_timer.o) (BLE_STACK_TASK_EVT)
C:\Users\Administrator\Documents\PSoC Creator\4.1\Downloads ( 4.1).cylib\BLE_v3_40\Library\gccCyBLEStack_BLE_SOC_PERIPHERAL.a(transport_sf.o)
                              C:\Users\Administrator\Documents\PSoC Creator\4.1\Downloads ( 4.1).cylib\BLE_v3_40\Library\gccCyBLEStack_BLE_SOC_PERIPHERAL.a(CyBleStackMgr_StackTaskHandler.o) (hci_soft_transport_notify_data_received)
C:\Users\Administrator\Documents\PSoC Creator\4.1\Downloads ( 4.1).cylib\BLE_v3_40\Library\gccCyBLEStack_BLE_SOC_PERIPHERAL.a(CyBleStackMgr_PSoCHal.o)
                              C:\Users\Administrator\Documents\PSoC Creator\4.1\Downloads ( 4.1).cylib\BLE_v3_40\Library\gccCyBLEStack_BLE_SOC_PERIPHERAL.a(BT_timer.o) (CyBleStackMgr_GetTime)
C:\Users\Administrator\Documents\PSoC Creator\4.1\Downloads ( 4.1).cylib\BLE_v3_40\Library\gccCyBLEStack_BLE_SOC_PERIPHERAL.a(CyBleStackMgr_BleSSDriver.o)
                              C:\Users\Administrator\Documents\PSoC Creator\4.1\Downloads ( 4.1).cylib\BLE_v3_40\Library\gccCyBLEStack_BLE_SOC_PERIPHERAL.a(CyBleStackMgrIP_Interface.o) (CyBleStackMgr_BleSSInit)
C:\Users\Administrator\Documents\PSoC Creator\4.1\Downloads ( 4.1).cylib\BLE_v3_40\Library\gccCyBLEStack_BLE_SOC_PERIPHERAL.a(config_bin.o)
                              C:\Users\Administrator\Documents\PSoC Creator\4.1\Downloads ( 4.1).cylib\BLE_v3_40\Library\gccCyBLEStack_BLE_SOC_PERIPHERAL.a(CyBleStackMgr_PSoCHal.o) (bt_cfg_pdata)
C:\Users\Administrator\Documents\PSoC Creator\4.1\Downloads ( 4.1).cylib\BLE_v3_40\Library\gccCyBLEStack_BLE_SOC_PERIPHERAL.a(storage_pl.o)
                              C:\Users\Administrator\Documents\PSoC Creator\4.1\Downloads ( 4.1).cylib\BLE_v3_40\Library\gccCyBLEStack_BLE_SOC_PERIPHERAL.a(CyBle.o) (storage_register_flash_pointer)
[...]
Memory Configuration

Name             Origin             Length             Attributes
rom              0x00000000         0x00020000         xr
ram              0x20000000         0x00004000         xrw
*default*        0x00000000         0xffffffff

Linker script and memory map

LOAD d:/program files (x86)/cypress/psoc creator/4.1/psoc creator/import/gnu/arm/5.4.1/bin/../lib/gcc/arm-none-eabi/5.4.1/armv6-m/crti.o
LOAD d:/program files (x86)/cypress/psoc creator/4.1/psoc creator/import/gnu/arm/5.4.1/bin/../lib/gcc/arm-none-eabi/5.4.1/armv6-m/crtbegin.o
LOAD d:/program files (x86)/cypress/psoc creator/4.1/psoc creator/import/gnu/arm/5.4.1/bin/../lib/gcc/arm-none-eabi/5.4.1/../../../../arm-none-eabi/lib/armv6-m/crt0.o
START GROUP
LOAD .\CortexM0\ARM_GCC_541\Debug\main.o
LOAD .\CortexM0\ARM_GCC_541\Debug\cyfitter_cfg.o
LOAD .\CortexM0\ARM_GCC_541\Debug\cymetadata.o
LOAD .\CortexM0\ARM_GCC_541\Debug\Cm0Start.o
LOAD .\CortexM0\ARM_GCC_541\Debug\BLE_WDT_Lowpower.a
LOAD C:\Users\Administrator\Documents\PSoC Creator\4.1\Downloads ( 4.1).cylib\BLE_v3_40\Library\gccCyBLEStack_BLE_SOC_PERIPHERAL.a
LOAD D:\Program Files (x86)\Cypress\PSoC Creator\4.1\PSoC Creator\psoc\content\cycomponentlibrary\CyComponentLibrary.cylib\CortexM0\ARM_GCC_541\Debug\CyComponentLibrary.a
END GROUP
START GROUP
LOAD d:/program files (x86)/cypress/psoc creator/4.1/psoc creator/import/gnu/arm/5.4.1/bin/../lib/gcc/arm-none-eabi/5.4.1/armv6-m\libgcc.a
LOAD d:/program files (x86)/cypress/psoc creator/4.1/psoc creator/import/gnu/arm/5.4.1/bin/../lib/gcc/arm-none-eabi/5.4.1/../../../../arm-none-eabi/lib/armv6-m\libg_nano.a
LOAD d:/program files (x86)/cypress/psoc creator/4.1/psoc creator/import/gnu/arm/5.4.1/bin/../lib/gcc/arm-none-eabi/5.4.1/../../../../arm-none-eabi/lib/armv6-m\libc_nano.a
END GROUP
START GROUP
LOAD d:/program files (x86)/cypress/psoc creator/4.1/psoc creator/import/gnu/arm/5.4.1/bin/../lib/gcc/arm-none-eabi/5.4.1/armv6-m\libgcc.a
LOAD d:/program files (x86)/cypress/psoc creator/4.1/psoc creator/import/gnu/arm/5.4.1/bin/../lib/gcc/arm-none-eabi/5.4.1/../../../../arm-none-eabi/lib/armv6-m\libc_nano.a
END GROUP
LOAD d:/program files (x86)/cypress/psoc creator/4.1/psoc creator/import/gnu/arm/5.4.1/bin/../lib/gcc/arm-none-eabi/5.4.1/armv6-m/crtend.o
LOAD d:/program files (x86)/cypress/psoc creator/4.1/psoc creator/import/gnu/arm/5.4.1/bin/../lib/gcc/arm-none-eabi/5.4.1/armv6-m/crtn.o
START GROUP
LOAD d:/program files (x86)/cypress/psoc creator/4.1/psoc creator/import/gnu/arm/5.4.1/bin/../lib/gcc/arm-none-eabi/5.4.1/armv6-m\libgcc.a
LOAD d:/program files (x86)/cypress/psoc creator/4.1/psoc creator/import/gnu/arm/5.4.1/bin/../lib/gcc/arm-none-eabi/5.4.1/../../../../arm-none-eabi/lib/armv6-m\libc.a
LOAD d:/program files (x86)/cypress/psoc creator/4.1/psoc creator/import/gnu/arm/5.4.1/bin/../lib/gcc/arm-none-eabi/5.4.1/../../../../arm-none-eabi/lib/armv6-m\libnosys.a
END GROUP
                0x00000000                CY_APPL_ORIGIN = 0x0
                0x00000080                CY_FLASH_ROW_SIZE = 0x80
                0x00000001                CY_APPL_NUM = 0x1
                0x00000001                CY_APPL_MAX = 0x1
                0x00000040                CY_METADATA_SIZE = 0x40
                0x00000000                CY_APPL_LOADABLE = 0x0
                0x00000000                CY_CHECKSUM_EXCLUDE_SIZE = ALIGN (0x0, CY_FLASH_ROW_SIZE)
                0x00000000                CY_APP_FOR_STACK_AND_COPIER = 0x0
                [!provide]                PROVIDE (__cy_heap_start, _end)
                0x00000001                PROVIDE (__cy_region_num, ((__cy_regions_end - __cy_regions) / 0x10))
                0x20004000                PROVIDE (__cy_stack, (ORIGIN (ram) + LENGTH (ram)))
                [!provide]                PROVIDE (__cy_heap_end, (__cy_stack - 0x800))

.cybootloader   0x00000000        0x0
 *(.cybootloader)
                0x00000000                appl1_start = CY_APPL_ORIGIN?CY_APPL_ORIGIN:ALIGN (CY_FLASH_ROW_SIZE)
                0x0000ff80                appl2_start = (appl1_start + ALIGN ((((LENGTH (rom) - appl1_start) - (0x2 * CY_FLASH_ROW_SIZE)) / 0x2), CY_FLASH_ROW_SIZE))
                0x00000000                appl_start = (CY_APPL_NUM == 0x1)?appl1_start:appl2_start
                0x00000001                cy_project_type_bootloader = (appl_start == 0x0)?0x1:0x0
                0x00000000                cy_project_type_app_for_stack_and_copier = (CY_APP_FOR_STACK_AND_COPIER == 0x1)?0x1:0x0

.text           0x00000000     0x15b0
 CREATE_OBJECT_SYMBOLS
                0x00000000                PROVIDE (__cy_interrupt_vector, RomVectors)
 *(.romvectors)
 .romvectors    0x00000000       0x10 .\CortexM0\ARM_GCC_541\Debug\Cm0Start.o
                0x00000000                RomVectors
                0x00000001                ASSERT ((. != __cy_interrupt_vector), No interrupt vector)
                0x00000001                ASSERT (CY_APPL_ORIGIN?(SIZEOF (.cybootloader) <= CY_APPL_ORIGIN):0x1, Wrong image location)
                0x00000010                PROVIDE (__cy_reset, Reset)
 *(.text.Reset)
 .text.Reset    0x00000010        0x8 .\CortexM0\ARM_GCC_541\Debug\Cm0Start.o
                0x00000010                Reset
                0x00000001                ASSERT ((. != __cy_reset), No reset code)
 *(.psocinit)
 .psocinit      0x00000018      0x12c .\CortexM0\ARM_GCC_541\Debug\cyfitter_cfg.o
                0x000000bc                cyfitter_cfg
                0x00000144                . = MAX (., 0x100)
 *(.text .text.* .gnu.linkonce.t.*)
 .text          0x00000144       0x60 d:/program files (x86)/cypress/psoc creator/4.1/psoc creator/import/gnu/arm/5.4.1/bin/../lib/gcc/arm-none-eabi/5.4.1/armv6-m/crtbegin.o
 .text.WDT_Handly
                0x000001a4       0x1c .\CortexM0\ARM_GCC_541\Debug\main.o
                0x000001a4                WDT_Handly
 .text.AppCallBack
                0x000001c0       0x1c .\CortexM0\ARM_GCC_541\Debug\main.o
                0x000001c0                AppCallBack
 .text.ManageSystemPower
                0x000001dc       0x40 .\CortexM0\ARM_GCC_541\Debug\main.o
                0x000001dc                ManageSystemPower
 .text.main     0x0000021c       0x84 .\CortexM0\ARM_GCC_541\Debug\main.o
                0x0000021c                main
 .text.AnalogSetDefault
                0x000002a0       0x20 .\CortexM0\ARM_GCC_541\Debug\cyfitter_cfg.o
 .text.CYMEMZERO
                0x000002c0        0xc .\CortexM0\ARM_GCC_541\Debug\cyfitter_cfg.o
 .text.IntDefaultHandler
                0x000002cc       0x10 .\CortexM0\ARM_GCC_541\Debug\Cm0Start.o
                0x000002cc                IntDefaultHandler
 .text.Start_c  0x000002dc       0x48 .\CortexM0\ARM_GCC_541\Debug\Cm0Start.o
                0x000002dc                Start_c
 .text.initialize_psoc
                0x00000324       0x4c .\CortexM0\ARM_GCC_541\Debug\Cm0Start.o
                0x00000324                initialize_psoc
 .text.isr_WDT_SetVector
                0x00000370        0xc .\CortexM0\ARM_GCC_541\Debug\BLE_WDT_Lowpower.a(isr_WDT.o)
                0x00000370                isr_WDT_SetVector
 .text.isr_WDT_SetPriority
                0x0000037c       0x20 .\CortexM0\ARM_GCC_541\Debug\BLE_WDT_Lowpower.a(isr_WDT.o)
                0x0000037c                isr_WDT_SetPriority
 .text.isr_WDT_Enable
                0x0000039c       0x10 .\CortexM0\ARM_GCC_541\Debug\BLE_WDT_Lowpower.a(isr_WDT.o)
                0x0000039c                isr_WDT_Enable
 .text.isr_WDT_Disable
                0x000003ac       0x10 .\CortexM0\ARM_GCC_541\Debug\BLE_WDT_Lowpower.a(isr_WDT.o)
                0x000003ac                isr_WDT_Disable
 .text.isr_WDT_StartEx
                0x000003bc       0x1c .\CortexM0\ARM_GCC_541\Debug\BLE_WDT_Lowpower.a(isr_WDT.o)
                0x000003bc                isr_WDT_StartEx
 .text.isr_WDT_ClearPending
                0x000003d8       0x10 .\CortexM0\ARM_GCC_541\Debug\BLE_WDT_Lowpower.a(isr_WDT.o)
                0x000003d8                isr_WDT_ClearPending
 .text.LED_Status_Write
                0x000003e8       0x18 .\CortexM0\ARM_GCC_541\Debug\BLE_WDT_Lowpower.a(LED_Status.o)
                0x000003e8                LED_Status_Write
 .text.LED_Status_Read
                0x00000400       0x10 .\CortexM0\ARM_GCC_541\Debug\BLE_WDT_Lowpower.a(LED_Status.o)
                0x00000400                LED_Status_Read
 .text.CySysClkImoStart
                0x00000410       0x14 .\CortexM0\ARM_GCC_541\Debug\BLE_WDT_Lowpower.a(CyLib.o)
                0x00000410                CySysClkImoStart
 .text.CySysClkImoStop
                0x00000424       0x10 .\CortexM0\ARM_GCC_541\Debug\BLE_WDT_Lowpower.a(CyLib.o)
                0x00000424                CySysClkImoStop
 .text.CySysClkWriteHfclkDirect
                0x00000434       0x20 .\CortexM0\ARM_GCC_541\Debug\BLE_WDT_Lowpower.a(CyLib.o)
                0x00000434                CySysClkWriteHfclkDirect
 .text.CySysClkWriteSysclkDiv
                0x00000454       0x30 .\CortexM0\ARM_GCC_541\Debug\BLE_WDT_Lowpower.a(CyLib.o)
                0x00000454                CySysClkWriteSysclkDiv
 .text.CySysClkWriteImoFreq
                0x00000484       0x64 .\CortexM0\ARM_GCC_541\Debug\BLE_WDT_Lowpower.a(CyLib.o)
                0x00000484                CySysClkWriteImoFreq
 .text.CySysClkEcoReadStatus
                0x000004e8       0x10 .\CortexM0\ARM_GCC_541\Debug\BLE_WDT_Lowpower.a(CyLib.o)
                0x000004e8                CySysClkEcoReadStatus
 .text.CyHalt   0x000004f8        0x4 .\CortexM0\ARM_GCC_541\Debug\BLE_WDT_Lowpower.a(CyLib.o)
                0x000004f8                CyHalt
 .text.CySysClkWriteEcoDiv
                0x000004fc       0x38 .\CortexM0\ARM_GCC_541\Debug\BLE_WDT_Lowpower.a(CyLib.o)
                0x000004fc                CySysClkWriteEcoDiv
 .text.CyDelay  0x00000534       0x30 .\CortexM0\ARM_GCC_541\Debug\BLE_WDT_Lowpower.a(CyLib.o)
                0x00000534                CyDelay
 .text.CyDelayUs
                0x00000564       0x14 .\CortexM0\ARM_GCC_541\Debug\BLE_WDT_Lowpower.a(CyLib.o)
                0x00000564                CyDelayUs
 .text.CySysClkEcoStart
                0x00000578       0x54 .\CortexM0\ARM_GCC_541\Debug\BLE_WDT_Lowpower.a(CyLib.o)
                0x00000578                CySysClkEcoStart
 .text.CySysPmSleep
                0x000005cc       0x1c .\CortexM0\ARM_GCC_541\Debug\BLE_WDT_Lowpower.a(cyPm.o)
                0x000005cc                CySysPmSleep
 .text.CySysPmDeepSleep
                0x000005e8       0x58 .\CortexM0\ARM_GCC_541\Debug\BLE_WDT_Lowpower.a(cyPm.o)
                0x000005e8                CySysPmDeepSleep
 .text.CySysClkIloEnabled
                0x00000640       0x14 .\CortexM0\ARM_GCC_541\Debug\BLE_WDT_Lowpower.a(CyLFClk.o)
 .text.CySysClkGetLfclkSource
                0x00000654       0x10 .\CortexM0\ARM_GCC_541\Debug\BLE_WDT_Lowpower.a(CyLFClk.o)
 .text.CySysWdtLocked
                0x00000664       0x14 .\CortexM0\ARM_GCC_541\Debug\BLE_WDT_Lowpower.a(CyLFClk.o)
 .text.CySysClkWcoStart
                0x00000678       0x40 .\CortexM0\ARM_GCC_541\Debug\BLE_WDT_Lowpower.a(CyLFClk.o)
                0x00000678                CySysClkWcoStart
 .text.CySysClkWcoSetPowerMode
                0x000006b8       0x80 .\CortexM0\ARM_GCC_541\Debug\BLE_WDT_Lowpower.a(CyLFClk.o)
                0x000006b8                CySysClkWcoSetPowerMode
 .text.CySysWdtLock
                0x00000738       0x1c .\CortexM0\ARM_GCC_541\Debug\BLE_WDT_Lowpower.a(CyLFClk.o)
                0x00000738                CySysWdtLock
 .text.CySysWdtUnlock
                0x00000754       0x30 .\CortexM0\ARM_GCC_541\Debug\BLE_WDT_Lowpower.a(CyLFClk.o)
                0x00000754                CySysWdtUnlock
 .text.CySysWdtGetEnabledStatus
                0x00000784       0x24 .\CortexM0\ARM_GCC_541\Debug\BLE_WDT_Lowpower.a(CyLFClk.o)
                0x00000784                CySysWdtGetEnabledStatus
 .text.CySysWdtSetMode
                0x000007a8       0x38 .\CortexM0\ARM_GCC_541\Debug\BLE_WDT_Lowpower.a(CyLFClk.o)
                0x000007a8                CySysWdtSetMode
 .text.CySysClkLfclkPosedgeRestore
                0x000007e0       0x2c .\CortexM0\ARM_GCC_541\Debug\BLE_WDT_Lowpower.a(CyLFClk.o)
 .text.CySysWdtGetMode
                0x0000080c       0x14 .\CortexM0\ARM_GCC_541\Debug\BLE_WDT_Lowpower.a(CyLFClk.o)
                0x0000080c                CySysWdtGetMode
 .text.CySysWdtSetClearOnMatch
                0x00000820       0x34 .\CortexM0\ARM_GCC_541\Debug\BLE_WDT_Lowpower.a(CyLFClk.o)
                0x00000820                CySysWdtSetClearOnMatch
 .text.CySysWdtEnable
                0x00000854       0x3c .\CortexM0\ARM_GCC_541\Debug\BLE_WDT_Lowpower.a(CyLFClk.o)
                0x00000854                CySysWdtEnable
 .text.CySysWdtSetMatch
                0x00000890       0x54 .\CortexM0\ARM_GCC_541\Debug\BLE_WDT_Lowpower.a(CyLFClk.o)
                0x00000890                CySysWdtSetMatch
 .text.CySysWdtGetCount
                0x000008e4       0x3c .\CortexM0\ARM_GCC_541\Debug\BLE_WDT_Lowpower.a(CyLFClk.o)
                0x000008e4                CySysWdtGetCount
 .text.CySysClkLfclkPosedgeCatch
                0x00000920       0x74 .\CortexM0\ARM_GCC_541\Debug\BLE_WDT_Lowpower.a(CyLFClk.o)
 .text.CySysClkIloStop
                0x00000994       0x4c .\CortexM0\ARM_GCC_541\Debug\BLE_WDT_Lowpower.a(CyLFClk.o)
                0x00000994                CySysClkIloStop
 .text.CySysWdtClearInterrupt
                0x000009e0       0x4c .\CortexM0\ARM_GCC_541\Debug\BLE_WDT_Lowpower.a(CyLFClk.o)
                0x000009e0                CySysWdtClearInterrupt
 .text.CyBle_ServiceInit
                0x00000a2c        0x8 .\CortexM0\ARM_GCC_541\Debug\BLE_WDT_Lowpower.a(BLE_1.o)
                0x00000a2c                CyBle_ServiceInit
 .text.CyBle_Init
                0x00000a34       0x34 .\CortexM0\ARM_GCC_541\Debug\BLE_WDT_Lowpower.a(BLE_1.o)
                0x00000a34                CyBle_Init
 .text.CyBle_Start
                0x00000a68       0xb0 .\CortexM0\ARM_GCC_541\Debug\BLE_WDT_Lowpower.a(BLE_1.o)
                0x00000a68                CyBle_Start
 .text.CyBle_GappStartAdvertisement
                0x00000b18       0x8c .\CortexM0\ARM_GCC_541\Debug\BLE_WDT_Lowpower.a(BLE_1.o)
                0x00000b18                CyBle_GappStartAdvertisement
 .text.CyBle_ChangeAdDeviceAddress
                0x00000ba4        0x4 .\CortexM0\ARM_GCC_541\Debug\BLE_WDT_Lowpower.a(BLE_1.o)
                0x00000ba4                CyBle_ChangeAdDeviceAddress
 .text.CyBle_Get16ByPtr
                0x00000ba8        0xc .\CortexM0\ARM_GCC_541\Debug\BLE_WDT_Lowpower.a(BLE_1.o)
                0x00000ba8                CyBle_Get16ByPtr
 .text.CyBle_GattsWriteEventHandler
                0x00000bb4       0x58 .\CortexM0\ARM_GCC_541\Debug\BLE_WDT_Lowpower.a(BLE_1_gatt.o)
                0x00000bb4                CyBle_GattsWriteEventHandler
 .text.CyBle_IasInit
                0x00000c0c        0x4 .\CortexM0\ARM_GCC_541\Debug\BLE_WDT_Lowpower.a(BLE_1_ias.o)
                0x00000c0c                CyBle_IasInit
 .text.CyBle_IassDisconnectEventHandler
                0x00000c10       0x28 .\CortexM0\ARM_GCC_541\Debug\BLE_WDT_Lowpower.a(BLE_1_ias.o)
                0x00000c10                CyBle_IassDisconnectEventHandler
 .text.CyBle_IassWriteCmdEventHandler
                0x00000c38       0x64 .\CortexM0\ARM_GCC_541\Debug\BLE_WDT_Lowpower.a(BLE_1_ias.o)
                0x00000c38                CyBle_IassWriteCmdEventHandler
 .text.CyBle_GattDisconnectEventHandler
                0x00000c9c       0x14 .\CortexM0\ARM_GCC_541\Debug\BLE_WDT_Lowpower.a(BLE_1_eventHandler.o)
 .text.CyBle_WriteReqHandler
                0x00000cb0       0x38 .\CortexM0\ARM_GCC_541\Debug\BLE_WDT_Lowpower.a(BLE_1_eventHandler.o)
 .text.CyBle_IsDeviceAddressValid
                0x00000ce8       0x24 .\CortexM0\ARM_GCC_541\Debug\BLE_WDT_Lowpower.a(BLE_1_eventHandler.o)
                0x00000ce8                CyBle_IsDeviceAddressValid
 .text.CyBle_EventHandler
                0x00000d0c      0x2d4 .\CortexM0\ARM_GCC_541\Debug\BLE_WDT_Lowpower.a(BLE_1_eventHandler.o)
                0x00000d0c                CyBle_EventHandler
 .text          0x00000fe0       0x20 .\CortexM0\ARM_GCC_541\Debug\BLE_WDT_Lowpower.a(CyBootAsmGnu.o)
                0x00000fe0                CyDelayCycles
                0x00000ff2                CyEnterCriticalSection
                0x00000ffa                CyExitCriticalSection
 .text.CyBLE_Bless_LlRegWrite
                0x00001000        0x4 .\CortexM0\ARM_GCC_541\Debug\BLE_WDT_Lowpower.a(BLE_1_HAL_PVT.o)
                0x00001000                CyBLE_Bless_LlRegWrite
 .text.CyBLE_Bless_RfRegWrite
                0x00001004        0x4 .\CortexM0\ARM_GCC_541\Debug\BLE_WDT_Lowpower.a(BLE_1_HAL_PVT.o)
                0x00001004                CyBLE_Bless_RfRegWrite
 .text.CyBLE_BlessDeviceConfig
                0x00001008      0x134 .\CortexM0\ARM_GCC_541\Debug\BLE_WDT_Lowpower.a(BLE_1_HAL_PVT.o)
                0x00001008                CyBLE_BlessDeviceConfig
 .text.CyBleHal_DelayUs
                0x0000113c        0x8 .\CortexM0\ARM_GCC_541\Debug\BLE_WDT_Lowpower.a(BLE_1_HAL_PVT.o)
                0x0000113c                CyBleHal_DelayUs
 .text.CyBleHal_DelayMs
                0x00001144        0x8 .\CortexM0\ARM_GCC_541\Debug\BLE_WDT_Lowpower.a(BLE_1_HAL_PVT.o)
                0x00001144                CyBleHal_DelayMs
 .text.CyBleHal_EnableGlobalInterrupts
                0x0000114c        0x8 .\CortexM0\ARM_GCC_541\Debug\BLE_WDT_Lowpower.a(BLE_1_HAL_PVT.o)
                0x0000114c                CyBleHal_EnableGlobalInterrupts
 .text.CyBleHal_DisableGlobalInterrupts
                0x00001154        0x8 .\CortexM0\ARM_GCC_541\Debug\BLE_WDT_Lowpower.a(BLE_1_HAL_PVT.o)
                0x00001154                CyBleHal_DisableGlobalInterrupts
 .text.CyBle_HalInit
                0x0000115c       0x18 .\CortexM0\ARM_GCC_541\Debug\BLE_WDT_Lowpower.a(BLE_1_HAL_PVT.o)
                0x0000115c                CyBle_HalInit
 .text.CYBLE_BlessStart
                0x00001174       0x10 .\CortexM0\ARM_GCC_541\Debug\BLE_WDT_Lowpower.a(BLE_1_HAL_PVT.o)
                0x00001174                CYBLE_BlessStart
 .text.CyBLE_GetIpBlockVersion
                0x00001184        0x8 .\CortexM0\ARM_GCC_541\Debug\BLE_WDT_Lowpower.a(BLE_1_HAL_PVT.o)
                0x00001184                CyBLE_GetIpBlockVersion
 .text.CyBle_Hal_pairing_local_public_key_handler
                0x0000118c        0x4 .\CortexM0\ARM_GCC_541\Debug\BLE_WDT_Lowpower.a(BLE_1_HAL_PVT.o)
                0x0000118c                CyBle_Hal_pairing_local_public_key_handler
 .text.CyBle_Hal_pairing_remote_key_handler
                0x00001190        0x4 .\CortexM0\ARM_GCC_541\Debug\BLE_WDT_Lowpower.a(BLE_1_HAL_PVT.o)
                0x00001190                CyBle_Hal_pairing_remote_key_handler
 .text.CyBle_Hal_pairing_dhkey_handler
                0x00001194        0x4 .\CortexM0\ARM_GCC_541\Debug\BLE_WDT_Lowpower.a(BLE_1_HAL_PVT.o)
                0x00001194                CyBle_Hal_pairing_dhkey_handler
 .text.CyBle_Hal_pairing_dhkey_check_handler
                0x00001198        0x4 .\CortexM0\ARM_GCC_541\Debug\BLE_WDT_Lowpower.a(BLE_1_HAL_PVT.o)
                0x00001198                CyBle_Hal_pairing_dhkey_check_handler
 .text.CyBle_Hal_pairing_keypress_notification_handler
                0x0000119c        0x4 .\CortexM0\ARM_GCC_541\Debug\BLE_WDT_Lowpower.a(BLE_1_HAL_PVT.o)
                0x0000119c                CyBle_Hal_pairing_keypress_notification_handler
 .text.CyBle_Hal_pairing_rand_handler
                0x000011a0        0x4 .\CortexM0\ARM_GCC_541\Debug\BLE_WDT_Lowpower.a(BLE_1_HAL_PVT.o)
                0x000011a0                CyBle_Hal_pairing_rand_handler
 .text.CyBle_Hal_pairing_confirm_handler
                0x000011a4        0x4 .\CortexM0\ARM_GCC_541\Debug\BLE_WDT_Lowpower.a(BLE_1_HAL_PVT.o)
                0x000011a4                CyBle_Hal_pairing_confirm_handler
 .text.CyBle_Hal_pairing_lr_confirming_handler
                0x000011a8        0x4 .\CortexM0\ARM_GCC_541\Debug\BLE_WDT_Lowpower.a(BLE_1_HAL_PVT.o)
                0x000011a8                CyBle_Hal_pairing_lr_confirming_handler
 .text.CyBle_Hal_pairing_sc_tbx_local_pubkey_generate_complete
                0x000011ac        0x4 .\CortexM0\ARM_GCC_541\Debug\BLE_WDT_Lowpower.a(BLE_1_HAL_PVT.o)
                0x000011ac                CyBle_Hal_pairing_sc_tbx_local_pubkey_generate_complete
 .text.CyBle_Hal_pairing_sc_tbx_generate_local_P256_public_key
                0x000011b0        0x4 .\CortexM0\ARM_GCC_541\Debug\BLE_WDT_Lowpower.a(BLE_1_HAL_PVT.o)
                0x000011b0                CyBle_Hal_pairing_sc_tbx_generate_local_P256_public_key
 .text.CyBle_Hal_se_smp_sc_user_passkey_handler
                0x000011b4        0x4 .\CortexM0\ARM_GCC_541\Debug\BLE_WDT_Lowpower.a(BLE_1_HAL_PVT.o)
                0x000011b4                CyBle_Hal_se_smp_sc_user_passkey_handler
 .text.CyBle_Hal_EccPointMult
                0x000011b8        0x4 .\CortexM0\ARM_GCC_541\Debug\BLE_WDT_Lowpower.a(BLE_1_HAL_PVT.o)
                0x000011b8                CyBle_Hal_EccPointMult
 .text.BLE_1_bless_isr_SetVector
                0x000011bc        0xc .\CortexM0\ARM_GCC_541\Debug\BLE_WDT_Lowpower.a(BLE_1_bless_isr.o)
                0x000011bc                BLE_1_bless_isr_SetVector
 .text.BLE_1_bless_isr_SetPriority
                0x000011c8       0x20 .\CortexM0\ARM_GCC_541\Debug\BLE_WDT_Lowpower.a(BLE_1_bless_isr.o)
                0x000011c8                BLE_1_bless_isr_SetPriority
 .text.BLE_1_bless_isr_Enable
                0x000011e8       0x10 .\CortexM0\ARM_GCC_541\Debug\BLE_WDT_Lowpower.a(BLE_1_bless_isr.o)
                0x000011e8                BLE_1_bless_isr_Enable
 .text.BLE_1_bless_isr_Disable
                0x000011f8       0x10 .\CortexM0\ARM_GCC_541\Debug\BLE_WDT_Lowpower.a(BLE_1_bless_isr.o)
                0x000011f8                BLE_1_bless_isr_Disable
 .text.BLE_1_bless_isr_StartEx
                0x00001208       0x1c .\CortexM0\ARM_GCC_541\Debug\BLE_WDT_Lowpower.a(BLE_1_bless_isr.o)
                0x00001208                BLE_1_bless_isr_StartEx
 .text.CyBLE_Bless_Interrupt
                0x00001224        0x8 .\CortexM0\ARM_GCC_541\Debug\BLE_WDT_Lowpower.a(BLE_1_HAL_INT.o)
                0x00001224                CyBLE_Bless_Interrupt
 .text          0x0000122c      0x114 d:/program files (x86)/cypress/psoc creator/4.1/psoc creator/import/gnu/arm/5.4.1/bin/../lib/gcc/arm-none-eabi/5.4.1/armv6-m\libgcc.a(_udivsi3.o)
                0x0000122c                __aeabi_uidiv
                0x0000122c                __udivsi3
                0x00001338                __aeabi_uidivmod
 .text          0x00001340      0x1d4 d:/program files (x86)/cypress/psoc creator/4.1/psoc creator/import/gnu/arm/5.4.1/bin/../lib/gcc/arm-none-eabi/5.4.1/armv6-m\libgcc.a(_divsi3.o)
                0x00001340                __divsi3
                0x00001340                __aeabi_idiv
                0x0000150c                __aeabi_idivmod
 .text          0x00001514        0x4 d:/program files (x86)/cypress/psoc creator/4.1/psoc creator/import/gnu/arm/5.4.1/bin/../lib/gcc/arm-none-eabi/5.4.1/armv6-m\libgcc.a(_dvmd_tls.o)
                0x00001514                __aeabi_idiv0
                0x00001514                __aeabi_ldiv0
 .text.__errno  0x00001518        0xc d:/program files (x86)/cypress/psoc creator/4.1/psoc creator/import/gnu/arm/5.4.1/bin/../lib/gcc/arm-none-eabi/5.4.1/../../../../arm-none-eabi/lib/armv6-m\libg_nano.a(lib_a-errno.o)
                0x00001518                __errno
 .text.__libc_init_array
                0x00001524       0x4c d:/program files (x86)/cypress/psoc creator/4.1/psoc creator/import/gnu/arm/5.4.1/bin/../lib/gcc/arm-none-eabi/5.4.1/../../../../arm-none-eabi/lib/armv6-m\libg_nano.a(lib_a-init.o)
                0x00001524                __libc_init_array
 .text.memcmp   0x00001570       0x1e d:/program files (x86)/cypress/psoc creator/4.1/psoc creator/import/gnu/arm/5.4.1/bin/../lib/gcc/arm-none-eabi/5.4.1/../../../../arm-none-eabi/lib/armv6-m\libg_nano.a(lib_a-memcmp.o)
                0x00001570                memcmp
 .text.memcpy   0x0000158e       0x12 d:/program files (x86)/cypress/psoc creator/4.1/psoc creator/import/gnu/arm/5.4.1/bin/../lib/gcc/arm-none-eabi/5.4.1/../../../../arm-none-eabi/lib/armv6-m\libg_nano.a(lib_a-memcpy-stub.o)
                0x0000158e                memcpy
 .text.memset   0x000015a0       0x10 d:/program files (x86)/cypress/psoc creator/4.1/psoc creator/import/gnu/arm/5.4.1/bin/../lib/gcc/arm-none-eabi/5.4.1/../../../../arm-none-eabi/lib/armv6-m\libg_nano.a(lib_a-memset.o)
                0x000015a0                memset
 *(.plt)
 *(.gnu.warning)
 *(.glue_7t)
 .glue_7t       0x000015b0        0x0 linker stubs
 *(.glue_7)
 .glue_7        0x000015b0        0x0 linker stubs
 *(.vfp11_veneer)
 .vfp11_veneer  0x000015b0        0x0 linker stubs
 *(.bootloader)
 *(.ARM.extab* .gnu.linkonce.armextab.*)
 *(.gcc_except_table)

.v4_bx          0x000015b0        0x0
 .v4_bx         0x000015b0        0x0 linker stubs

.iplt           0x000015b0        0x0
 .iplt          0x000015b0        0x0 d:/program files (x86)/cypress/psoc creator/4.1/psoc creator/import/gnu/arm/5.4.1/bin/../lib/gcc/arm-none-eabi/5.4.1/armv6-m/crtbegin.o

i.CyBle_ControllerGetFeatureHeapReq
                0x000015b0       0x58
 i.CyBle_ControllerGetFeatureHeapReq
                0x000015b0       0x58 C:\Users\Administrator\Documents\PSoC Creator\4.1\Downloads ( 4.1).cylib\BLE_v3_40\Library\gccCyBLEStack_BLE_SOC_PERIPHERAL.a(CyBle.o)
                0x000015b0                CyBle_ControllerGetFeatureHeapReq

i.CyBle_EnableDefaultDevicePrivacy
                0x00001608        0x8
 i.CyBle_EnableDefaultDevicePrivacy
                0x00001608        0x8 C:\Users\Administrator\Documents\PSoC Creator\4.1\Downloads ( 4.1).cylib\BLE_v3_40\Library\gccCyBLEStack_BLE_SOC_PERIPHERAL.a(CyBle.o)
                0x00001608                CyBle_EnableDefaultDevicePrivacy

i.CyBle_EnterLPM
                0x00001610        0x8
 i.CyBle_EnterLPM
                0x00001610        0x8 C:\Users\Administrator\Documents\PSoC Creator\4.1\Downloads ( 4.1).cylib\BLE_v3_40\Library\gccCyBLEStack_BLE_SOC_PERIPHERAL.a(CyBle.o)
                0x00001610                CyBle_EnterLPM

i.CyBle_ExitLPM
                0x00001618        0x8
 i.CyBle_ExitLPM
                0x00001618        0x8 C:\Users\Administrator\Documents\PSoC Creator\4.1\Downloads ( 4.1).cylib\BLE_v3_40\Library\gccCyBLEStack_BLE_SOC_PERIPHERAL.a(CyBle.o)
                0x00001618                CyBle_ExitLPM

i.CyBle_ProcessEvents
                0x00001620        0x8
 i.CyBle_ProcessEvents
                0x00001620        0x8 C:\Users\Administrator\Documents\PSoC Creator\4.1\Downloads ( 4.1).cylib\BLE_v3_40\Library\gccCyBLEStack_BLE_SOC_PERIPHERAL.a(CyBle.o)
                0x00001620                CyBle_ProcessEvents

i.CyBle_SetDeviceAddress
                0x00001628       0x24
 i.CyBle_SetDeviceAddress
                0x00001628       0x24 C:\Users\Administrator\Documents\PSoC Creator\4.1\Downloads ( 4.1).cylib\BLE_v3_40\Library\gccCyBLEStack_BLE_SOC_PERIPHERAL.a(CyBle.o)
                0x00001628                CyBle_SetDeviceAddress

i.CyBle_StackGetFeatureConfig
                0x0000164c       0x38
 i.CyBle_StackGetFeatureConfig
                0x0000164c       0x38 C:\Users\Administrator\Documents\PSoC Creator\4.1\Downloads ( 4.1).cylib\BLE_v3_40\Library\gccCyBLEStack_BLE_SOC_PERIPHERAL.a(CyBle.o)
                0x0000164c                CyBle_StackGetFeatureConfig

i.CyBle_StackInit
                0x00001684      0x154
 i.CyBle_StackInit
                0x00001684      0x154 C:\Users\Administrator\Documents\PSoC Creator\4.1\Downloads ( 4.1).cylib\BLE_v3_40\Library\gccCyBLEStack_BLE_SOC_PERIPHERAL.a(CyBle.o)
                0x00001684                CyBle_StackInit

i.CyBle_StackSetFeatureConfig
                0x000017d8       0xe8
 i.CyBle_StackSetFeatureConfig
                0x000017d8       0xe8 C:\Users\Administrator\Documents\PSoC Creator\4.1\Downloads ( 4.1).cylib\BLE_v3_40\Library\gccCyBLEStack_BLE_SOC_PERIPHERAL.a(CyBle.o)
                0x000017d8                CyBle_StackSetFeatureConfig

i.CyBle_StackValidateInputParams
                0x000018c0       0xf4
 i.CyBle_StackValidateInputParams
                0x000018c0       0xf4 C:\Users\Administrator\Documents\PSoC Creator\4.1\Downloads ( 4.1).cylib\BLE_v3_40\Library\gccCyBLEStack_BLE_SOC_PERIPHERAL.a(CyBle.o)

i.__ARM_common_switch8
                0x000019b4       0x1a
 i.__ARM_common_switch8
                0x000019b4       0x1a C:\Users\Administrator\Documents\PSoC Creator\4.1\Downloads ( 4.1).cylib\BLE_v3_40\Library\gccCyBLEStack_BLE_SOC_PERIPHERAL.a(CyBle.o)
                0x000019b4                __ARM_common_switch8

i.CyBleStackMgr_Init
                0x000019d0      0x10c
 i.CyBleStackMgr_Init
                0x000019d0      0x10c C:\Users\Administrator\Documents\PSoC Creator\4.1\Downloads ( 4.1).cylib\BLE_v3_40\Library\gccCyBLEStack_BLE_SOC_PERIPHERAL.a(CyBleStackMgrIP_Interface.o)
                0x000019d0                CyBleStackMgr_Init

i.CyBleStackMgr_ProcessBleEvents
                0x00001adc       0x14
 i.CyBleStackMgr_ProcessBleEvents
                0x00001adc       0x14 C:\Users\Administrator\Documents\PSoC Creator\4.1\Downloads ( 4.1).cylib\BLE_v3_40\Library\gccCyBLEStack_BLE_SOC_PERIPHERAL.a(CyBleStackMgrIP_Interface.o)
                0x00001adc                CyBleStackMgr_ProcessBleEvents

i.CyBle_GetHeapMemory
                0x00001af0       0x28
 i.CyBle_GetHeapMemory
                0x00001af0       0x28 C:\Users\Administrator\Documents\PSoC Creator\4.1\Downloads ( 4.1).cylib\BLE_v3_40\Library\gccCyBLEStack_BLE_SOC_PERIPHERAL.a(CyBleStackMgrIP_Interface.o)
                0x00001af0                CyBle_GetHeapMemory

i.CyBle_GetNumAppBufferPools
                0x00001b18        0xc
 i.CyBle_GetNumAppBufferPools
                0x00001b18        0xc C:\Users\Administrator\Documents\PSoC Creator\4.1\Downloads ( 4.1).cylib\BLE_v3_40\Library\gccCyBLEStack_BLE_SOC_PERIPHERAL.a(CyBleStackMgrIP_Interface.o)
                0x00001b18                CyBle_GetNumAppBufferPools

i.CyBle_HostStackBufferPoolInit
                0x00001b24       0xec
 i.CyBle_HostStackBufferPoolInit
                0x00001b24       0xec C:\Users\Administrator\Documents\PSoC Creator\4.1\Downloads ( 4.1).cylib\BLE_v3_40\Library\gccCyBLEStack_BLE_SOC_PERIPHERAL.a(CyBleStackMgrIP_Interface.o)

i.ble_stack_idle_task_callback
                0x00001c10        0x2
 i.ble_stack_idle_task_callback
                0x00001c10        0x2 C:\Users\Administrator\Documents\PSoC Creator\4.1\Downloads ( 4.1).cylib\BLE_v3_40\Library\gccCyBLEStack_BLE_SOC_PERIPHERAL.a(CyBleStackMgrIP_Interface.o)
                0x00001c10                ble_stack_idle_task_callback

i.BT_OSFreeBuf  0x00001c14       0x20
 i.BT_OSFreeBuf
                0x00001c14       0x20 C:\Users\Administrator\Documents\PSoC Creator\4.1\Downloads ( 4.1).cylib\BLE_v3_40\Library\gccCyBLEStack_BLE_SOC_PERIPHERAL.a(BT_os.o)
                0x00001c14                BT_OSFreeBuf

i.BT_OSGetBuF   0x00001c34       0x34
 i.BT_OSGetBuF  0x00001c34       0x34 C:\Users\Administrator\Documents\PSoC Creator\4.1\Downloads ( 4.1).cylib\BLE_v3_40\Library\gccCyBLEStack_BLE_SOC_PERIPHERAL.a(BT_os.o)
                0x00001c34                BT_OSGetBuF

i.BT_OSMemCreate
                0x00001c68       0x3c
 i.BT_OSMemCreate
                0x00001c68       0x3c C:\Users\Administrator\Documents\PSoC Creator\4.1\Downloads ( 4.1).cylib\BLE_v3_40\Library\gccCyBLEStack_BLE_SOC_PERIPHERAL.a(BT_os.o)
                0x00001c68                BT_OSMemCreate

i.BT_alloc_mem_ext
                0x00001ca4       0x3c
 i.BT_alloc_mem_ext
                0x00001ca4       0x3c C:\Users\Administrator\Documents\PSoC Creator\4.1\Downloads ( 4.1).cylib\BLE_v3_40\Library\gccCyBLEStack_BLE_SOC_PERIPHERAL.a(BT_os.o)
                0x00001ca4                BT_alloc_mem_ext

i.BT_free_mem   0x00001ce0        0xc
 i.BT_free_mem  0x00001ce0        0xc C:\Users\Administrator\Documents\PSoC Creator\4.1\Downloads ( 4.1).cylib\BLE_v3_40\Library\gccCyBLEStack_BLE_SOC_PERIPHERAL.a(BT_os.o)
                0x00001ce0                BT_free_mem

i.bt_stack_create_buffer_pool
                0x00001cec       0x30
 i.bt_stack_create_buffer_pool
                0x00001cec       0x30 C:\Users\Administrator\Documents\PSoC Creator\4.1\Downloads ( 4.1).cylib\BLE_v3_40\Library\gccCyBLEStack_BLE_SOC_PERIPHERAL.a(BT_os.o)
                0x00001cec                bt_stack_create_buffer_pool

i.BT_start_timer
                0x00001d1c       0xa8
 i.BT_start_timer
                0x00001d1c       0xa8 C:\Users\Administrator\Documents\PSoC Creator\4.1\Downloads ( 4.1).cylib\BLE_v3_40\Library\gccCyBLEStack_BLE_SOC_PERIPHERAL.a(BT_timer.o)
                0x00001d1c                BT_start_timer

i.BT_stop_timer
                0x00001dc4       0x64
 i.BT_stop_timer
                0x00001dc4       0x64 C:\Users\Administrator\Documents\PSoC Creator\4.1\Downloads ( 4.1).cylib\BLE_v3_40\Library\gccCyBLEStack_BLE_SOC_PERIPHERAL.a(BT_timer.o)
                0x00001dc4                BT_stop_timer

i.BT_timer_process_signals
                0x00001e28       0xa4
 i.BT_timer_process_signals
                0x00001e28       0xa4 C:\Users\Administrator\Documents\PSoC Creator\4.1\Downloads ( 4.1).cylib\BLE_v3_40\Library\gccCyBLEStack_BLE_SOC_PERIPHERAL.a(BT_timer.o)
                0x00001e28                BT_timer_process_signals

i.pf_timer_handle_callback
                0x00001ecc       0x20
 i.pf_timer_handle_callback
                0x00001ecc       0x20 C:\Users\Administrator\Documents\PSoC Creator\4.1\Downloads ( 4.1).cylib\BLE_v3_40\Library\gccCyBLEStack_BLE_SOC_PERIPHERAL.a(BT_timer.o)
                0x00001ecc                pf_timer_handle_callback

i.timer_active_entity
                0x00001eec       0x24
 i.timer_active_entity
                0x00001eec       0x24 C:\Users\Administrator\Documents\PSoC Creator\4.1\Downloads ( 4.1).cylib\BLE_v3_40\Library\gccCyBLEStack_BLE_SOC_PERIPHERAL.a(BT_timer.o)
                0x00001eec                timer_active_entity

i.timer_alloc_entity
                0x00001f10       0x1c
 i.timer_alloc_entity
                0x00001f10       0x1c C:\Users\Administrator\Documents\PSoC Creator\4.1\Downloads ( 4.1).cylib\BLE_v3_40\Library\gccCyBLEStack_BLE_SOC_PERIPHERAL.a(BT_timer.o)
                0x00001f10                timer_alloc_entity

i.timer_allocated_entity
                0x00001f2c       0x34
 i.timer_allocated_entity
                0x00001f2c       0x34 C:\Users\Administrator\Documents\PSoC Creator\4.1\Downloads ( 4.1).cylib\BLE_v3_40\Library\gccCyBLEStack_BLE_SOC_PERIPHERAL.a(BT_timer.o)
                0x00001f2c                timer_allocated_entity

i.timer_bt_init
                0x00001f60        0x2
 i.timer_bt_init
                0x00001f60        0x2 C:\Users\Administrator\Documents\PSoC Creator\4.1\Downloads ( 4.1).cylib\BLE_v3_40\Library\gccCyBLEStack_BLE_SOC_PERIPHERAL.a(BT_timer.o)
                0x00001f60                timer_bt_init

i.timer_init    0x00001f64       0x28
 i.timer_init   0x00001f64       0x28 C:\Users\Administrator\Documents\PSoC Creator\4.1\Downloads ( 4.1).cylib\BLE_v3_40\Library\gccCyBLEStack_BLE_SOC_PERIPHERAL.a(BT_timer.o)
                0x00001f64                timer_init

i.timer_update_offsets
                0x00001f8c       0x2c
 i.timer_update_offsets
                0x00001f8c       0x2c C:\Users\Administrator\Documents\PSoC Creator\4.1\Downloads ( 4.1).cylib\BLE_v3_40\Library\gccCyBLEStack_BLE_SOC_PERIPHERAL.a(BT_timer.o)

i.CyBle_CheckBleStackTaskStatus
                0x00001fb8        0x4
 i.CyBle_CheckBleStackTaskStatus
                0x00001fb8        0x4 C:\Users\Administrator\Documents\PSoC Creator\4.1\Downloads ( 4.1).cylib\BLE_v3_40\Library\gccCyBLEStack_BLE_SOC_PERIPHERAL.a(CyBleStackMgr_StackTaskHandler.o)
                0x00001fb8                CyBle_CheckBleStackTaskStatus

i.CyBle_CreateBleStackTask
                0x00001fbc       0x2c
 i.CyBle_CreateBleStackTask
                0x00001fbc       0x2c C:\Users\Administrator\Documents\PSoC Creator\4.1\Downloads ( 4.1).cylib\BLE_v3_40\Library\gccCyBLEStack_BLE_SOC_PERIPHERAL.a(CyBleStackMgr_StackTaskHandler.o)
                0x00001fbc                CyBle_CreateBleStackTask

i.CyBle_SignalBleStackTask
                0x00001fe8       0x50
 i.CyBle_SignalBleStackTask
                0x00001fe8       0x50 C:\Users\Administrator\Documents\PSoC Creator\4.1\Downloads ( 4.1).cylib\BLE_v3_40\Library\gccCyBLEStack_BLE_SOC_PERIPHERAL.a(CyBleStackMgr_StackTaskHandler.o)
                0x00001fe8                CyBle_SignalBleStackTask

i.CyBle_StackTaskHandler
                0x00002038       0x64
 i.CyBle_StackTaskHandler
                0x00002038       0x64 C:\Users\Administrator\Documents\PSoC Creator\4.1\Downloads ( 4.1).cylib\BLE_v3_40\Library\gccCyBLEStack_BLE_SOC_PERIPHERAL.a(CyBleStackMgr_StackTaskHandler.o)
                0x00002038                CyBle_StackTaskHandler

i.hci_soft_transport_notify_data_received
                0x0000209c        0xc
 i.hci_soft_transport_notify_data_received
                0x0000209c        0xc C:\Users\Administrator\Documents\PSoC Creator\4.1\Downloads ( 4.1).cylib\BLE_v3_40\Library\gccCyBLEStack_BLE_SOC_PERIPHERAL.a(transport_sf.o)
                0x0000209c                hci_soft_transport_notify_data_received

i.hci_soft_transport_rx_data
                0x000020a8       0x40
 i.hci_soft_transport_rx_data
                0x000020a8       0x40 C:\Users\Administrator\Documents\PSoC Creator\4.1\Downloads ( 4.1).cylib\BLE_v3_40\Library\gccCyBLEStack_BLE_SOC_PERIPHERAL.a(transport_sf.o)
                0x000020a8                hci_soft_transport_rx_data

i.hci_transport_bt_init
                0x000020e8        0x2
 i.hci_transport_bt_init
                0x000020e8        0x2 C:\Users\Administrator\Documents\PSoC Creator\4.1\Downloads ( 4.1).cylib\BLE_v3_40\Library\gccCyBLEStack_BLE_SOC_PERIPHERAL.a(transport_sf.o)
                0x000020e8                hci_transport_bt_init

i.hci_transport_init
                0x000020ec       0x10
 i.hci_transport_init
                0x000020ec       0x10 C:\Users\Administrator\Documents\PSoC Creator\4.1\Downloads ( 4.1).cylib\BLE_v3_40\Library\gccCyBLEStack_BLE_SOC_PERIPHERAL.a(transport_sf.o)
                0x000020ec                hci_transport_init

i.hci_transport_write_data
                0x000020fc       0xd4
 i.hci_transport_write_data
                0x000020fc       0xd4 C:\Users\Administrator\Documents\PSoC Creator\4.1\Downloads ( 4.1).cylib\BLE_v3_40\Library\gccCyBLEStack_BLE_SOC_PERIPHERAL.a(transport_sf.o)
                0x000020fc                hci_transport_write_data

i.pf_hci_soft_transport_write
                0x000021d0       0x44
 i.pf_hci_soft_transport_write
                0x000021d0       0x44 C:\Users\Administrator\Documents\PSoC Creator\4.1\Downloads ( 4.1).cylib\BLE_v3_40\Library\gccCyBLEStack_BLE_SOC_PERIPHERAL.a(transport_sf.o)
                0x000021d0                pf_hci_soft_transport_write

i.pf_soft_hci_transport_init
                0x00002214        0xc
 i.pf_soft_hci_transport_init
                0x00002214        0xc C:\Users\Administrator\Documents\PSoC Creator\4.1\Downloads ( 4.1).cylib\BLE_v3_40\Library\gccCyBLEStack_BLE_SOC_PERIPHERAL.a(transport_sf.o)
                0x00002214                pf_soft_hci_transport_init

i.CyBleStackMgr_GetTime
                0x00002220       0x14
 i.CyBleStackMgr_GetTime
                0x00002220       0x14 C:\Users\Administrator\Documents\PSoC Creator\4.1\Downloads ( 4.1).cylib\BLE_v3_40\Library\gccCyBLEStack_BLE_SOC_PERIPHERAL.a(CyBleStackMgr_PSoCHal.o)
                0x00002220                CyBleStackMgr_GetTime

i.CyBleStackMgr_HalInit
                0x00002234       0x24
 i.CyBleStackMgr_HalInit
                0x00002234       0x24 C:\Users\Administrator\Documents\PSoC Creator\4.1\Downloads ( 4.1).cylib\BLE_v3_40\Library\gccCyBLEStack_BLE_SOC_PERIPHERAL.a(CyBleStackMgr_PSoCHal.o)
                0x00002234                CyBleStackMgr_HalInit

i.CyBleStackMgr_HalIntrEnable
                0x00002258        0x8
 i.CyBleStackMgr_HalIntrEnable
                0x00002258        0x8 C:\Users\Administrator\Documents\PSoC Creator\4.1\Downloads ( 4.1).cylib\BLE_v3_40\Library\gccCyBLEStack_BLE_SOC_PERIPHERAL.a(CyBleStackMgr_PSoCHal.o)
                0x00002258                CyBleStackMgr_HalIntrEnable

i.CyBleStackMgr_HandleLinkLayerTick
                0x00002260       0x5c
 i.CyBleStackMgr_HandleLinkLayerTick
                0x00002260       0x5c C:\Users\Administrator\Documents\PSoC Creator\4.1\Downloads ( 4.1).cylib\BLE_v3_40\Library\gccCyBLEStack_BLE_SOC_PERIPHERAL.a(CyBleStackMgr_PSoCHal.o)
                0x00002260                CyBleStackMgr_HandleLinkLayerTick

i.CyBleStackMgr_HciPortInit
                0x000022bc        0xc
 i.CyBleStackMgr_HciPortInit
                0x000022bc        0xc C:\Users\Administrator\Documents\PSoC Creator\4.1\Downloads ( 4.1).cylib\BLE_v3_40\Library\gccCyBLEStack_BLE_SOC_PERIPHERAL.a(CyBleStackMgr_PSoCHal.o)
                0x000022bc                CyBleStackMgr_HciPortInit

i.CyBleStackMgr_HciPortReset
                0x000022c8        0x2
 i.CyBleStackMgr_HciPortReset
                0x000022c8        0x2 C:\Users\Administrator\Documents\PSoC Creator\4.1\Downloads ( 4.1).cylib\BLE_v3_40\Library\gccCyBLEStack_BLE_SOC_PERIPHERAL.a(CyBleStackMgr_PSoCHal.o)
                0x000022c8                CyBleStackMgr_HciPortReset

i.CyBleStackMgr_HciPortWrite
                0x000022ca        0x8
 i.CyBleStackMgr_HciPortWrite
                0x000022ca        0x8 C:\Users\Administrator\Documents\PSoC Creator\4.1\Downloads ( 4.1).cylib\BLE_v3_40\Library\gccCyBLEStack_BLE_SOC_PERIPHERAL.a(CyBleStackMgr_PSoCHal.o)
                0x000022ca                CyBleStackMgr_HciPortWrite

i.CyBleStackMgr_ResetLinkLayerTimerEntity
                0x000022d4       0x14
 i.CyBleStackMgr_ResetLinkLayerTimerEntity
                0x000022d4       0x14 C:\Users\Administrator\Documents\PSoC Creator\4.1\Downloads ( 4.1).cylib\BLE_v3_40\Library\gccCyBLEStack_BLE_SOC_PERIPHERAL.a(CyBleStackMgr_PSoCHal.o)
                0x000022d4                CyBleStackMgr_ResetLinkLayerTimerEntity

i.CyBleStackMgr_TimerStart
                0x000022e8       0x2c
 i.CyBleStackMgr_TimerStart
                0x000022e8       0x2c C:\Users\Administrator\Documents\PSoC Creator\4.1\Downloads ( 4.1).cylib\BLE_v3_40\Library\gccCyBLEStack_BLE_SOC_PERIPHERAL.a(CyBleStackMgr_PSoCHal.o)
                0x000022e8                CyBleStackMgr_TimerStart

i.CyBleStackMgr_TimerStop
                0x00002314       0x18
 i.CyBleStackMgr_TimerStop
                0x00002314       0x18 C:\Users\Administrator\Documents\PSoC Creator\4.1\Downloads ( 4.1).cylib\BLE_v3_40\Library\gccCyBLEStack_BLE_SOC_PERIPHERAL.a(CyBleStackMgr_PSoCHal.o)
                0x00002314                CyBleStackMgr_TimerStop

i.CyBleStackMgr_isTimerRunning
                0x0000232c       0x10
 i.CyBleStackMgr_isTimerRunning
                0x0000232c       0x10 C:\Users\Administrator\Documents\PSoC Creator\4.1\Downloads ( 4.1).cylib\BLE_v3_40\Library\gccCyBLEStack_BLE_SOC_PERIPHERAL.a(CyBleStackMgr_PSoCHal.o)
                0x0000232c                CyBleStackMgr_isTimerRunning

i.CyBleAtlantisRadioInit
                0x0000233c      0x168
 i.CyBleAtlantisRadioInit
                0x0000233c      0x168 C:\Users\Administrator\Documents\PSoC Creator\4.1\Downloads ( 4.1).cylib\BLE_v3_40\Library\gccCyBLEStack_BLE_SOC_PERIPHERAL.a(CyBleStackMgr_BleSSDriver.o)

i.CyBleStackMgr_BleSSFifoRead
                0x000024a4       0x38
 i.CyBleStackMgr_BleSSFifoRead
                0x000024a4       0x38 C:\Users\Administrator\Documents\PSoC Creator\4.1\Downloads ( 4.1).cylib\BLE_v3_40\Library\gccCyBLEStack_BLE_SOC_PERIPHERAL.a(CyBleStackMgr_BleSSDriver.o)
                0x000024a4                CyBleStackMgr_BleSSFifoRead

i.CyBleStackMgr_BleSSFifoWrite
                0x000024dc       0x30
 i.CyBleStackMgr_BleSSFifoWrite
                0x000024dc       0x30 C:\Users\Administrator\Documents\PSoC Creator\4.1\Downloads ( 4.1).cylib\BLE_v3_40\Library\gccCyBLEStack_BLE_SOC_PERIPHERAL.a(CyBleStackMgr_BleSSDriver.o)
                0x000024dc                CyBleStackMgr_BleSSFifoWrite

i.CyBleStackMgr_BleSSInit
                0x0000250c       0x50
 i.CyBleStackMgr_BleSSInit
                0x0000250c       0x50 C:\Users\Administrator\Documents\PSoC Creator\4.1\Downloads ( 4.1).cylib\BLE_v3_40\Library\gccCyBLEStack_BLE_SOC_PERIPHERAL.a(CyBleStackMgr_BleSSDriver.o)
                0x0000250c                CyBleStackMgr_BleSSInit

i.CyBleStackMgr_BleSSMemRead
                0x0000255c       0x32
 i.CyBleStackMgr_BleSSMemRead
                0x0000255c       0x32 C:\Users\Administrator\Documents\PSoC Creator\4.1\Downloads ( 4.1).cylib\BLE_v3_40\Library\gccCyBLEStack_BLE_SOC_PERIPHERAL.a(CyBleStackMgr_BleSSDriver.o)
                0x0000255c                CyBleStackMgr_BleSSMemRead

i.CyBleStackMgr_BleSSMemWrite
                0x00002590       0x34
 i.CyBleStackMgr_BleSSMemWrite
                0x00002590       0x34 C:\Users\Administrator\Documents\PSoC Creator\4.1\Downloads ( 4.1).cylib\BLE_v3_40\Library\gccCyBLEStack_BLE_SOC_PERIPHERAL.a(CyBleStackMgr_BleSSDriver.o)
                0x00002590                CyBleStackMgr_BleSSMemWrite

i.CyBleStackMgr_BleSSMemWriteFields
                0x000025c4       0x78
 i.CyBleStackMgr_BleSSMemWriteFields
                0x000025c4       0x78 C:\Users\Administrator\Documents\PSoC Creator\4.1\Downloads ( 4.1).cylib\BLE_v3_40\Library\gccCyBLEStack_BLE_SOC_PERIPHERAL.a(CyBleStackMgr_BleSSDriver.o)
                0x000025c4                CyBleStackMgr_BleSSMemWriteFields

i.CyBleStackMgr_BleSSRegRead
                0x0000263c        0xc
 i.CyBleStackMgr_BleSSRegRead
                0x0000263c        0xc C:\Users\Administrator\Documents\PSoC Creator\4.1\Downloads ( 4.1).cylib\BLE_v3_40\Library\gccCyBLEStack_BLE_SOC_PERIPHERAL.a(CyBleStackMgr_BleSSDriver.o)
                0x0000263c                CyBleStackMgr_BleSSRegRead

i.CyBleStackMgr_BleSSReset
                0x00002648       0x38
 i.CyBleStackMgr_BleSSReset
                0x00002648       0x38 C:\Users\Administrator\Documents\PSoC Creator\4.1\Downloads ( 4.1).cylib\BLE_v3_40\Library\gccCyBLEStack_BLE_SOC_PERIPHERAL.a(CyBleStackMgr_BleSSDriver.o)
                0x00002648                CyBleStackMgr_BleSSReset

i.CyBleStackMgr_BleSSShutdown
                0x00002680       0x3c
 i.CyBleStackMgr_BleSSShutdown
                0x00002680       0x3c C:\Users\Administrator\Documents\PSoC Creator\4.1\Downloads ( 4.1).cylib\BLE_v3_40\Library\gccCyBLEStack_BLE_SOC_PERIPHERAL.a(CyBleStackMgr_BleSSDriver.o)
                0x00002680                CyBleStackMgr_BleSSShutdown

i.CyBleStackMgr_GenericIface
                0x000026bc       0x3c
 i.CyBleStackMgr_GenericIface
                0x000026bc       0x3c C:\Users\Administrator\Documents\PSoC Creator\4.1\Downloads ( 4.1).cylib\BLE_v3_40\Library\gccCyBLEStack_BLE_SOC_PERIPHERAL.a(CyBleStackMgr_BleSSDriver.o)
                0x000026bc                CyBleStackMgr_GenericIface

i.CyBleStackMgr_HandleBleSSIntr
                0x000026f8       0xa0
 i.CyBleStackMgr_HandleBleSSIntr
                0x000026f8       0xa0 C:\Users\Administrator\Documents\PSoC Creator\4.1\Downloads ( 4.1).cylib\BLE_v3_40\Library\gccCyBLEStack_BLE_SOC_PERIPHERAL.a(CyBleStackMgr_BleSSDriver.o)
                0x000026f8                CyBleStackMgr_HandleBleSSIntr

i.CyBleStackMgr_SetClockParam
                0x00002798       0xb4
 i.CyBleStackMgr_SetClockParam
                0x00002798       0xb4 C:\Users\Administrator\Documents\PSoC Creator\4.1\Downloads ( 4.1).cylib\BLE_v3_40\Library\gccCyBLEStack_BLE_SOC_PERIPHERAL.a(CyBleStackMgr_BleSSDriver.o)

i.CyBleStackMgr_isXtalCpuClkSource
                0x0000284c       0x18
 i.CyBleStackMgr_isXtalCpuClkSource
                0x0000284c       0x18 C:\Users\Administrator\Documents\PSoC Creator\4.1\Downloads ( 4.1).cylib\BLE_v3_40\Library\gccCyBLEStack_BLE_SOC_PERIPHERAL.a(CyBleStackMgr_BleSSDriver.o)
                0x0000284c                CyBleStackMgr_isXtalCpuClkSource

i.CyBle_EnterDsmMode
                0x00002864       0x3c
 i.CyBle_EnterDsmMode
                0x00002864       0x3c C:\Users\Administrator\Documents\PSoC Creator\4.1\Downloads ( 4.1).cylib\BLE_v3_40\Library\gccCyBLEStack_BLE_SOC_PERIPHERAL.a(CyBleStackMgr_BleSSDriver.o)
                0x00002864                CyBle_EnterDsmMode

i.CyBle_ExitDsmMode
                0x000028a0       0x2c
 i.CyBle_ExitDsmMode
                0x000028a0       0x2c C:\Users\Administrator\Documents\PSoC Creator\4.1\Downloads ( 4.1).cylib\BLE_v3_40\Library\gccCyBLEStack_BLE_SOC_PERIPHERAL.a(CyBleStackMgr_BleSSDriver.o)
                0x000028a0                CyBle_ExitDsmMode

i.CyBle_GetBleSsOperationalMode
                0x000028cc        0xc
 i.CyBle_GetBleSsOperationalMode
                0x000028cc        0xc C:\Users\Administrator\Documents\PSoC Creator\4.1\Downloads ( 4.1).cylib\BLE_v3_40\Library\gccCyBLEStack_BLE_SOC_PERIPHERAL.a(CyBleStackMgr_BleSSDriver.o)
                0x000028cc                CyBle_GetBleSsOperationalMode

i.CyBle_GetEventCloseState
                0x000028d8       0x10
 i.CyBle_GetEventCloseState
                0x000028d8       0x10 C:\Users\Administrator\Documents\PSoC Creator\4.1\Downloads ( 4.1).cylib\BLE_v3_40\Library\gccCyBLEStack_BLE_SOC_PERIPHERAL.a(CyBleStackMgr_BleSSDriver.o)
                0x000028d8                CyBle_GetEventCloseState

i.CyBle_GetLpMode
                0x000028e8       0x26
 i.CyBle_GetLpMode
                0x000028e8       0x26 C:\Users\Administrator\Documents\PSoC Creator\4.1\Downloads ( 4.1).cylib\BLE_v3_40\Library\gccCyBLEStack_BLE_SOC_PERIPHERAL.a(CyBleStackMgr_BleSSDriver.o)
                0x000028e8                CyBle_GetLpMode

i.CyBle_GetTxGainMode
                0x00002910       0x2c
 i.CyBle_GetTxGainMode
                0x00002910       0x2c C:\Users\Administrator\Documents\PSoC Creator\4.1\Downloads ( 4.1).cylib\BLE_v3_40\Library\gccCyBLEStack_BLE_SOC_PERIPHERAL.a(CyBleStackMgr_BleSSDriver.o)
                0x00002910                CyBle_GetTxGainMode

i.CyBle_SetAutoWakeUp
                0x0000293c        0xc
 i.CyBle_SetAutoWakeUp
                0x0000293c        0xc C:\Users\Administrator\Documents\PSoC Creator\4.1\Downloads ( 4.1).cylib\BLE_v3_40\Library\gccCyBLEStack_BLE_SOC_PERIPHERAL.a(CyBleStackMgr_BleSSDriver.o)
                0x0000293c                CyBle_SetAutoWakeUp

i.CyBle_SetBleSsOperationalMode
                0x00002948       0x20
 i.CyBle_SetBleSsOperationalMode
                0x00002948       0x20 C:\Users\Administrator\Documents\PSoC Creator\4.1\Downloads ( 4.1).cylib\BLE_v3_40\Library\gccCyBLEStack_BLE_SOC_PERIPHERAL.a(CyBleStackMgr_BleSSDriver.o)
                0x00002948                CyBle_SetBleSsOperationalMode

i.CyBle_SetEventCloseState
                0x00002968        0xc
 i.CyBle_SetEventCloseState
                0x00002968        0xc C:\Users\Administrator\Documents\PSoC Creator\4.1\Downloads ( 4.1).cylib\BLE_v3_40\Library\gccCyBLEStack_BLE_SOC_PERIPHERAL.a(CyBleStackMgr_BleSSDriver.o)
                0x00002968                CyBle_SetEventCloseState

i.CyBle_SetRxGainMode
                0x00002974       0x20
 i.CyBle_SetRxGainMode
                0x00002974       0x20 C:\Users\Administrator\Documents\PSoC Creator\4.1\Downloads ( 4.1).cylib\BLE_v3_40\Library\gccCyBLEStack_BLE_SOC_PERIPHERAL.a(CyBleStackMgr_BleSSDriver.o)
                0x00002974                CyBle_SetRxGainMode

i.CyBle_SetTxGainMode
                0x00002994       0x38
 i.CyBle_SetTxGainMode
                0x00002994       0x38 C:\Users\Administrator\Documents\PSoC Creator\4.1\Downloads ( 4.1).cylib\BLE_v3_40\Library\gccCyBLEStack_BLE_SOC_PERIPHERAL.a(CyBleStackMgr_BleSSDriver.o)
                0x00002994                CyBle_SetTxGainMode

i.pf_rf_get_abs_rssi
                0x000029cc       0x50
 i.pf_rf_get_abs_rssi
                0x000029cc       0x50 C:\Users\Administrator\Documents\PSoC Creator\4.1\Downloads ( 4.1).cylib\BLE_v3_40\Library\gccCyBLEStack_BLE_SOC_PERIPHERAL.a(CyBleStackMgr_BleSSDriver.o)
                0x000029cc                pf_rf_get_abs_rssi

i.BleStackFlashStorageInit
                0x00002a1c       0x84
 i.BleStackFlashStorageInit
                0x00002a1c       0x84 C:\Users\Administrator\Documents\PSoC Creator\4.1\Downloads ( 4.1).cylib\BLE_v3_40\Library\gccCyBLEStack_BLE_SOC_PERIPHERAL.a(storage_pl.o)
                0x00002a1c                BleStackFlashStorageInit

i.BleStackIsFlashCorrupted
                0x00002aa0       0x3c
 i.BleStackIsFlashCorrupted
                0x00002aa0       0x3c C:\Users\Administrator\Documents\PSoC Creator\4.1\Downloads ( 4.1).cylib\BLE_v3_40\Library\gccCyBLEStack_BLE_SOC_PERIPHERAL.a(storage_pl.o)
                0x00002aa0                BleStackIsFlashCorrupted

i.BleStackWriteToFlashPending
                0x00002adc       0x24
 i.BleStackWriteToFlashPending
                0x00002adc       0x24 C:\Users\Administrator\Documents\PSoC Creator\4.1\Downloads ( 4.1).cylib\BLE_v3_40\Library\gccCyBLEStack_BLE_SOC_PERIPHERAL.a(storage_pl.o)
                0x00002adc                BleStackWriteToFlashPending

i.BleStackWriteToFlashRam
                0x00002b00       0x78
 i.BleStackWriteToFlashRam
                0x00002b00       0x78 C:\Users\Administrator\Documents\PSoC Creator\4.1\Downloads ( 4.1).cylib\BLE_v3_40\Library\gccCyBLEStack_BLE_SOC_PERIPHERAL.a(storage_pl.o)
                0x00002b00                BleStackWriteToFlashRam

i.calc_checksum
                0x00002b78       0x1a
 i.calc_checksum
                0x00002b78       0x1a C:\Users\Administrator\Documents\PSoC Creator\4.1\Downloads ( 4.1).cylib\BLE_v3_40\Library\gccCyBLEStack_BLE_SOC_PERIPHERAL.a(storage_pl.o)
                0x00002b78                calc_checksum

i.storage_bt_init_pl
                0x00002b94       0x30
 i.storage_bt_init_pl
                0x00002b94       0x30 C:\Users\Administrator\Documents\PSoC Creator\4.1\Downloads ( 4.1).cylib\BLE_v3_40\Library\gccCyBLEStack_BLE_SOC_PERIPHERAL.a(storage_pl.o)
                0x00002b94                storage_bt_init_pl

i.storage_close_pl
                0x00002bc4        0x4
 i.storage_close_pl
                0x00002bc4        0x4 C:\Users\Administrator\Documents\PSoC Creator\4.1\Downloads ( 4.1).cylib\BLE_v3_40\Library\gccCyBLEStack_BLE_SOC_PERIPHERAL.a(storage_pl.o)
                0x00002bc4                storage_close_pl

i.storage_open_pl
                0x00002bc8       0x1c
 i.storage_open_pl
                0x00002bc8       0x1c C:\Users\Administrator\Documents\PSoC Creator\4.1\Downloads ( 4.1).cylib\BLE_v3_40\Library\gccCyBLEStack_BLE_SOC_PERIPHERAL.a(storage_pl.o)
                0x00002bc8                storage_open_pl

i.storage_read_pl
                0x00002be4       0x28
 i.storage_read_pl
                0x00002be4       0x28 C:\Users\Administrator\Documents\PSoC Creator\4.1\Downloads ( 4.1).cylib\BLE_v3_40\Library\gccCyBLEStack_BLE_SOC_PERIPHERAL.a(storage_pl.o)
                0x00002be4                storage_read_pl

i.storage_read_signature_pl
                0x00002c0c       0x2c
 i.storage_read_signature_pl
                0x00002c0c       0x2c C:\Users\Administrator\Documents\PSoC Creator\4.1\Downloads ( 4.1).cylib\BLE_v3_40\Library\gccCyBLEStack_BLE_SOC_PERIPHERAL.a(storage_pl.o)
                0x00002c0c                storage_read_signature_pl

i.storage_register_flash_pointer
                0x00002c38       0x20
 i.storage_register_flash_pointer
                0x00002c38       0x20 C:\Users\Administrator\Documents\PSoC Creator\4.1\Downloads ( 4.1).cylib\BLE_v3_40\Library\gccCyBLEStack_BLE_SOC_PERIPHERAL.a(storage_pl.o)
                0x00002c38                storage_register_flash_pointer

i.storage_reset_storage_offset
                0x00002c58       0x10
 i.storage_reset_storage_offset
                0x00002c58       0x10 C:\Users\Administrator\Documents\PSoC Creator\4.1\Downloads ( 4.1).cylib\BLE_v3_40\Library\gccCyBLEStack_BLE_SOC_PERIPHERAL.a(storage_pl.o)

i.storage_write_pl
                0x00002c68       0x24
 i.storage_write_pl
                0x00002c68       0x24 C:\Users\Administrator\Documents\PSoC Creator\4.1\Downloads ( 4.1).cylib\BLE_v3_40\Library\gccCyBLEStack_BLE_SOC_PERIPHERAL.a(storage_pl.o)
                0x00002c68                storage_write_pl

i.storage_write_signature_pl
                0x00002c8c       0x14
 i.storage_write_signature_pl
                0x00002c8c       0x14 C:\Users\Administrator\Documents\PSoC Creator\4.1\Downloads ( 4.1).cylib\BLE_v3_40\Library\gccCyBLEStack_BLE_SOC_PERIPHERAL.a(storage_pl.o)
                0x00002c8c                storage_write_signature_pl

i.OS_init       0x00002ca0       0x64
 i.OS_init      0x00002ca0       0x64 C:\Users\Administrator\Documents\PSoC Creator\4.1\Downloads ( 4.1).cylib\BLE_v3_40\Library\gccCyBLEStack_BLE_SOC_PERIPHERAL.a(mint_os.o)
                0x00002ca0                OS_init

i.mintos_malloc
                0x00002d04       0x34
 i.mintos_malloc
                0x00002d04       0x34 C:\Users\Administrator\Documents\PSoC Creator\4.1\Downloads ( 4.1).cylib\BLE_v3_40\Library\gccCyBLEStack_BLE_SOC_PERIPHERAL.a(mint_os.o)
                0x00002d04                mintos_malloc

i.OS_create_queue
                0x00002d38       0x64
 i.OS_create_queue
                0x00002d38       0x64 C:\Users\Administrator\Documents\PSoC Creator\4.1\Downloads ( 4.1).cylib\BLE_v3_40\Library\gccCyBLEStack_BLE_SOC_PERIPHERAL.a(mint_os_queue.o)
                0x00002d38                OS_create_queue

i.OS_enqueue_item
                0x00002d9c       0x8c
 i.OS_enqueue_item
                0x00002d9c       0x8c C:\Users\Administrator\Documents\PSoC Creator\4.1\Downloads ( 4.1).cylib\BLE_v3_40\Library\gccCyBLEStack_BLE_SOC_PERIPHERAL.a(mint_os_queue.o)
                0x00002d9c                OS_enqueue_item

i.OS_queue_get_num_of_items
                0x00002e28       0x28
 i.OS_queue_get_num_of_items
                0x00002e28       0x28 C:\Users\Administrator\Documents\PSoC Creator\4.1\Downloads ( 4.1).cylib\BLE_v3_40\Library\gccCyBLEStack_BLE_SOC_PERIPHERAL.a(mint_os_queue.o)
                0x00002e28                OS_queue_get_num_of_items

i.OS_queue_mgmt_init
                0x00002e50       0x40
 i.OS_queue_mgmt_init
                0x00002e50       0x40 C:\Users\Administrator\Documents\PSoC Creator\4.1\Downloads ( 4.1).cylib\BLE_v3_40\Library\gccCyBLEStack_BLE_SOC_PERIPHERAL.a(mint_os_queue.o)
                0x00002e50                OS_queue_mgmt_init

i.OS_remove_item
                0x00002e90       0xa0
 i.OS_remove_item
                0x00002e90       0xa0 C:\Users\Administrator\Documents\PSoC Creator\4.1\Downloads ( 4.1).cylib\BLE_v3_40\Library\gccCyBLEStack_BLE_SOC_PERIPHERAL.a(mint_os_queue.o)
                0x00002e90                OS_remove_item

i.OS_create_task
                0x00002f30       0x88
 i.OS_create_task
                0x00002f30       0x88 C:\Users\Administrator\Documents\PSoC Creator\4.1\Downloads ( 4.1).cylib\BLE_v3_40\Library\gccCyBLEStack_BLE_SOC_PERIPHERAL.a(mint_os_task.o)
                0x00002f30                OS_create_task

i.OS_isr_send_signal_to_task
                0x00002fb8        0xc
 i.OS_isr_send_signal_to_task
                0x00002fb8        0xc C:\Users\Administrator\Documents\PSoC Creator\4.1\Downloads ( 4.1).cylib\BLE_v3_40\Library\gccCyBLEStack_BLE_SOC_PERIPHERAL.a(mint_os_task.o)
                0x00002fb8                OS_isr_send_signal_to_task

i.OS_scheduler  0x00002fc4       0x64
 i.OS_scheduler
                0x00002fc4       0x64 C:\Users\Administrator\Documents\PSoC Creator\4.1\Downloads ( 4.1).cylib\BLE_v3_40\Library\gccCyBLEStack_BLE_SOC_PERIPHERAL.a(mint_os_task.o)
                0x00002fc4                OS_scheduler

i.OS_send_signal_to_task
                0x00003028        0xc
 i.OS_send_signal_to_task
                0x00003028        0xc C:\Users\Administrator\Documents\PSoC Creator\4.1\Downloads ( 4.1).cylib\BLE_v3_40\Library\gccCyBLEStack_BLE_SOC_PERIPHERAL.a(mint_os_task.o)
                0x00003028                OS_send_signal_to_task

i.OS_send_signal_to_task_context
                0x00003034       0x3c
 i.OS_send_signal_to_task_context
                0x00003034       0x3c C:\Users\Administrator\Documents\PSoC Creator\4.1\Downloads ( 4.1).cylib\BLE_v3_40\Library\gccCyBLEStack_BLE_SOC_PERIPHERAL.a(mint_os_task.o)

i.OS_task_mgmt_init
                0x00003070       0x50
 i.OS_task_mgmt_init
                0x00003070       0x50 C:\Users\Administrator\Documents\PSoC Creator\4.1\Downloads ( 4.1).cylib\BLE_v3_40\Library\gccCyBLEStack_BLE_SOC_PERIPHERAL.a(mint_os_task.o)
                0x00003070                OS_task_mgmt_init

i.mint_buf_mgmt_allocate_buffer
                0x000030c0       0x4c
 i.mint_buf_mgmt_allocate_buffer
                0x000030c0       0x4c C:\Users\Administrator\Documents\PSoC Creator\4.1\Downloads ( 4.1).cylib\BLE_v3_40\Library\gccCyBLEStack_BLE_SOC_PERIPHERAL.a(mint_buf_mgmt.o)
                0x000030c0                mint_buf_mgmt_allocate_buffer

i.mint_buf_mgmt_create_pool
                0x0000310c       0xd0
 i.mint_buf_mgmt_create_pool
                0x0000310c       0xd0 C:\Users\Administrator\Documents\PSoC Creator\4.1\Downloads ( 4.1).cylib\BLE_v3_40\Library\gccCyBLEStack_BLE_SOC_PERIPHERAL.a(mint_buf_mgmt.o)
                0x0000310c                mint_buf_mgmt_create_pool

i.mint_buf_mgmt_free_buffer
                0x000031dc       0xa4
 i.mint_buf_mgmt_free_buffer
                0x000031dc       0xa4 C:\Users\Administrator\Documents\PSoC Creator\4.1\Downloads ( 4.1).cylib\BLE_v3_40\Library\gccCyBLEStack_BLE_SOC_PERIPHERAL.a(mint_buf_mgmt.o)
                0x000031dc                mint_buf_mgmt_free_buffer

i.mint_buf_mgmt_init
                0x00003280       0x44
 i.mint_buf_mgmt_init
                0x00003280       0x44 C:\Users\Administrator\Documents\PSoC Creator\4.1\Downloads ( 4.1).cylib\BLE_v3_40\Library\gccCyBLEStack_BLE_SOC_PERIPHERAL.a(mint_buf_mgmt.o)
                0x00003280                mint_buf_mgmt_init

i.mint_buf_mgmt_malloc
                0x000032c4       0x28
 i.mint_buf_mgmt_malloc
                0x000032c4       0x28 C:\Users\Administrator\Documents\PSoC Creator\4.1\Downloads ( 4.1).cylib\BLE_v3_40\Library\gccCyBLEStack_BLE_SOC_PERIPHERAL.a(mint_buf_mgmt.o)
                0x000032c4                mint_buf_mgmt_malloc

i.mint_buf_mgmt_pl_init
                0x000032ec       0x48
 i.mint_buf_mgmt_pl_init
                0x000032ec       0x48 C:\Users\Administrator\Documents\PSoC Creator\4.1\Downloads ( 4.1).cylib\BLE_v3_40\Library\gccCyBLEStack_BLE_SOC_PERIPHERAL.a(mint_buf_mgmt.o)
                0x000032ec                mint_buf_mgmt_pl_init

i.mint_buf_mgmt_reset_pool
                0x00003334       0x70
 i.mint_buf_mgmt_reset_pool
                0x00003334       0x70 C:\Users\Administrator\Documents\PSoC Creator\4.1\Downloads ( 4.1).cylib\BLE_v3_40\Library\gccCyBLEStack_BLE_SOC_PERIPHERAL.a(mint_buf_mgmt.o)
                0x00003334                mint_buf_mgmt_reset_pool

i.mint_buf_mgmt_stack_init
                0x000033a4       0x24
 i.mint_buf_mgmt_stack_init
                0x000033a4       0x24 C:\Users\Administrator\Documents\PSoC Creator\4.1\Downloads ( 4.1).cylib\BLE_v3_40\Library\gccCyBLEStack_BLE_SOC_PERIPHERAL.a(mint_buf_mgmt.o)
                0x000033a4                mint_buf_mgmt_stack_init

i.mint_buf_mgmt_stack_pop
                0x000033c8       0x36
 i.mint_buf_mgmt_stack_pop
                0x000033c8       0x36 C:\Users\Administrator\Documents\PSoC Creator\4.1\Downloads ( 4.1).cylib\BLE_v3_40\Library\gccCyBLEStack_BLE_SOC_PERIPHERAL.a(mint_buf_mgmt.o)
                0x000033c8                mint_buf_mgmt_stack_pop

i.mint_buf_mgmt_stack_push
                0x000033fe       0x36
 i.mint_buf_mgmt_stack_push
                0x000033fe       0x36 C:\Users\Administrator\Documents\PSoC Creator\4.1\Downloads ( 4.1).cylib\BLE_v3_40\Library\gccCyBLEStack_BLE_SOC_PERIPHERAL.a(mint_buf_mgmt.o)
                0x000033fe                mint_buf_mgmt_stack_push

i.mint_buf_mgmt_stack_reset
                0x00003434       0x1e
 i.mint_buf_mgmt_stack_reset
                0x00003434       0x1e C:\Users\Administrator\Documents\PSoC Creator\4.1\Downloads ( 4.1).cylib\BLE_v3_40\Library\gccCyBLEStack_BLE_SOC_PERIPHERAL.a(mint_buf_mgmt.o)
                0x00003434                mint_buf_mgmt_stack_reset

i.mint_buf_mgmt_stack_search_item
                0x00003452       0x30
 i.mint_buf_mgmt_stack_search_item
                0x00003452       0x30 C:\Users\Administrator\Documents\PSoC Creator\4.1\Downloads ( 4.1).cylib\BLE_v3_40\Library\gccCyBLEStack_BLE_SOC_PERIPHERAL.a(mint_buf_mgmt.o)
                0x00003452                mint_buf_mgmt_stack_search_item

i.CyBleControllerIP_GetPingState
                0x00003484        0xc
 i.CyBleControllerIP_GetPingState
                0x00003484        0xc C:\Users\Administrator\Documents\PSoC Creator\4.1\Downloads ( 4.1).cylib\BLE_v3_40\Library\gccCyBLEStack_BLE_SOC_PERIPHERAL.a(CyBleControllerIP_Interface.o)
                0x00003484                CyBleControllerIP_GetPingState

i.CyBleController_AddDeviceToWhiteList
                0x00003490       0x48
 i.CyBleController_AddDeviceToWhiteList
                0x00003490       0x48 C:\Users\Administrator\Documents\PSoC Creator\4.1\Downloads ( 4.1).cylib\BLE_v3_40\Library\gccCyBLEStack_BLE_SOC_PERIPHERAL.a(CyBleControllerIP_Interface.o)
                0x00003490                CyBleController_AddDeviceToWhiteList

i.CyBleController_EnableDefaultDevicePrivacy
                0x000034d8        0xc
 i.CyBleController_EnableDefaultDevicePrivacy
                0x000034d8        0xc C:\Users\Administrator\Documents\PSoC Creator\4.1\Downloads ( 4.1).cylib\BLE_v3_40\Library\gccCyBLEStack_BLE_SOC_PERIPHERAL.a(CyBleControllerIP_Interface.o)
                0x000034d8                CyBleController_EnableDefaultDevicePrivacy

i.CyBleController_EnterLowPowerMode
                0x000034e4       0x2c
 i.CyBleController_EnterLowPowerMode
                0x000034e4       0x2c C:\Users\Administrator\Documents\PSoC Creator\4.1\Downloads ( 4.1).cylib\BLE_v3_40\Library\gccCyBLEStack_BLE_SOC_PERIPHERAL.a(CyBleControllerIP_Interface.o)
                0x000034e4                CyBleController_EnterLowPowerMode

i.CyBleController_ExitLowPowerMode
                0x00003510       0x10
 i.CyBleController_ExitLowPowerMode
                0x00003510       0x10 C:\Users\Administrator\Documents\PSoC Creator\4.1\Downloads ( 4.1).cylib\BLE_v3_40\Library\gccCyBLEStack_BLE_SOC_PERIPHERAL.a(CyBleControllerIP_Interface.o)
                0x00003510                CyBleController_ExitLowPowerMode

i.CyBleController_GetDeviceAddress
                0x00003520       0x22
 i.CyBleController_GetDeviceAddress
                0x00003520       0x22 C:\Users\Administrator\Documents\PSoC Creator\4.1\Downloads ( 4.1).cylib\BLE_v3_40\Library\gccCyBLEStack_BLE_SOC_PERIPHERAL.a(CyBleControllerIP_Interface.o)
                0x00003520                CyBleController_GetDeviceAddress

i.CyBleController_GetDleHeapMemory
                0x00003542       0x10
 i.CyBleController_GetDleHeapMemory
                0x00003542       0x10 C:\Users\Administrator\Documents\PSoC Creator\4.1\Downloads ( 4.1).cylib\BLE_v3_40\Library\gccCyBLEStack_BLE_SOC_PERIPHERAL.a(CyBleControllerIP_Interface.o)
                0x00003542                CyBleController_GetDleHeapMemory

i.CyBleController_GetPrivacyHeapMemory
                0x00003554       0x1c
 i.CyBleController_GetPrivacyHeapMemory
                0x00003554       0x1c C:\Users\Administrator\Documents\PSoC Creator\4.1\Downloads ( 4.1).cylib\BLE_v3_40\Library\gccCyBLEStack_BLE_SOC_PERIPHERAL.a(CyBleControllerIP_Interface.o)
                0x00003554                CyBleController_GetPrivacyHeapMemory

i.CyBleController_Init
                0x00003570       0x40
 i.CyBleController_Init
                0x00003570       0x40 C:\Users\Administrator\Documents\PSoC Creator\4.1\Downloads ( 4.1).cylib\BLE_v3_40\Library\gccCyBLEStack_BLE_SOC_PERIPHERAL.a(CyBleControllerIP_Interface.o)
                0x00003570                CyBleController_Init

i.CyBleController_LlReset
                0x000035b0       0x10
 i.CyBleController_LlReset
                0x000035b0       0x10 C:\Users\Administrator\Documents\PSoC Creator\4.1\Downloads ( 4.1).cylib\BLE_v3_40\Library\gccCyBLEStack_BLE_SOC_PERIPHERAL.a(CyBleControllerIP_Interface.o)
                0x000035b0                CyBleController_LlReset

i.CyBleController_SetDeviceAddress
                0x000035c0       0x2e
 i.CyBleController_SetDeviceAddress
                0x000035c0       0x2e C:\Users\Administrator\Documents\PSoC Creator\4.1\Downloads ( 4.1).cylib\BLE_v3_40\Library\gccCyBLEStack_BLE_SOC_PERIPHERAL.a(CyBleControllerIP_Interface.o)
                0x000035c0                CyBleController_SetDeviceAddress

i.CyBleController_SetDleParams
                0x000035f0       0x1c
 i.CyBleController_SetDleParams
                0x000035f0       0x1c C:\Users\Administrator\Documents\PSoC Creator\4.1\Downloads ( 4.1).cylib\BLE_v3_40\Library\gccCyBLEStack_BLE_SOC_PERIPHERAL.a(CyBleControllerIP_Interface.o)
                0x000035f0                CyBleController_SetDleParams

i.CyBleController_SetLePrivacyParams
                0x0000360c       0x18
 i.CyBleController_SetLePrivacyParams
                0x0000360c       0x18 C:\Users\Administrator\Documents\PSoC Creator\4.1\Downloads ( 4.1).cylib\BLE_v3_40\Library\gccCyBLEStack_BLE_SOC_PERIPHERAL.a(CyBleControllerIP_Interface.o)
                0x0000360c                CyBleController_SetLePrivacyParams

i.CyBle_GetBleSsState
                0x00003624       0x10
 i.CyBle_GetBleSsState
                0x00003624       0x10 C:\Users\Administrator\Documents\PSoC Creator\4.1\Downloads ( 4.1).cylib\BLE_v3_40\Library\gccCyBLEStack_BLE_SOC_PERIPHERAL.a(CyBleControllerIP_Interface.o)
                0x00003624                CyBle_GetBleSsState

i.CyBle_GetFirmwareProgrammedDSM
                0x00003634        0xc
 i.CyBle_GetFirmwareProgrammedDSM
                0x00003634        0xc C:\Users\Administrator\Documents\PSoC Creator\4.1\Downloads ( 4.1).cylib\BLE_v3_40\Library\gccCyBLEStack_BLE_SOC_PERIPHERAL.a(CyBleControllerIP_Interface.o)
                0x00003634                CyBle_GetFirmwareProgrammedDSM

i.CyBle_GetTxPowerLevel
                0x00003640       0x54
 i.CyBle_GetTxPowerLevel
                0x00003640       0x54 C:\Users\Administrator\Documents\PSoC Creator\4.1\Downloads ( 4.1).cylib\BLE_v3_40\Library\gccCyBLEStack_BLE_SOC_PERIPHERAL.a(CyBleControllerIP_Interface.o)
                0x00003640                CyBle_GetTxPowerLevel

i.CyBle_SendBlessEvtoAPP
                0x00003694        0xc
 i.CyBle_SendBlessEvtoAPP
                0x00003694        0xc C:\Users\Administrator\Documents\PSoC Creator\4.1\Downloads ( 4.1).cylib\BLE_v3_40\Library\gccCyBLEStack_BLE_SOC_PERIPHERAL.a(CyBleControllerIP_Interface.o)
                0x00003694                CyBle_SendBlessEvtoAPP

i.CyBle_SendEventToApp
                0x000036a0       0x38
 i.CyBle_SendEventToApp
                0x000036a0       0x38 C:\Users\Administrator\Documents\PSoC Creator\4.1\Downloads ( 4.1).cylib\BLE_v3_40\Library\gccCyBLEStack_BLE_SOC_PERIPHERAL.a(CyBleControllerIP_Interface.o)
                0x000036a0                CyBle_SendEventToApp

i.CyBle_SetFirmwareProgrammedDSM
                0x000036d8        0xc
 i.CyBle_SetFirmwareProgrammedDSM
                0x000036d8        0xc C:\Users\Administrator\Documents\PSoC Creator\4.1\Downloads ( 4.1).cylib\BLE_v3_40\Library\gccCyBLEStack_BLE_SOC_PERIPHERAL.a(CyBleControllerIP_Interface.o)
                0x000036d8                CyBle_SetFirmwareProgrammedDSM

i.CyBle_SetTxPowerLevel
                0x000036e4       0x88
 i.CyBle_SetTxPowerLevel
                0x000036e4       0x88 C:\Users\Administrator\Documents\PSoC Creator\4.1\Downloads ( 4.1).cylib\BLE_v3_40\Library\gccCyBLEStack_BLE_SOC_PERIPHERAL.a(CyBleControllerIP_Interface.o)
                0x000036e4                CyBle_SetTxPowerLevel

i.ll_check_and_mark_packet_ready_for_transmission
                0x0000376c       0x44
 i.ll_check_and_mark_packet_ready_for_transmission
                0x0000376c       0x44 C:\Users\Administrator\Documents\PSoC Creator\4.1\Downloads ( 4.1).cylib\BLE_v3_40\Library\gccCyBLEStack_BLE_SOC_PERIPHERAL.a(ll.o)
                0x0000376c                ll_check_and_mark_packet_ready_for_transmission

i.ll_cleanup_pending_data_pdu
                0x000037b0       0x44
 i.ll_cleanup_pending_data_pdu
                0x000037b0       0x44 C:\Users\Administrator\Documents\PSoC Creator\4.1\Downloads ( 4.1).cylib\BLE_v3_40\Library\gccCyBLEStack_BLE_SOC_PERIPHERAL.a(ll.o)
                0x000037b0                ll_cleanup_pending_data_pdu

i.ll_enter_dsm_mode
                0x000037f4      0x15c
 i.ll_enter_dsm_mode
                0x000037f4      0x15c C:\Users\Administrator\Documents\PSoC Creator\4.1\Downloads ( 4.1).cylib\BLE_v3_40\Library\gccCyBLEStack_BLE_SOC_PERIPHERAL.a(ll.o)
                0x000037f4                ll_enter_dsm_mode

i.ll_enter_hibernate_mode
                0x00003950       0x28
 i.ll_enter_hibernate_mode
                0x00003950       0x28 C:\Users\Administrator\Documents\PSoC Creator\4.1\Downloads ( 4.1).cylib\BLE_v3_40\Library\gccCyBLEStack_BLE_SOC_PERIPHERAL.a(ll.o)
                0x00003950                ll_enter_hibernate_mode

i.ll_enter_sm_mode
                0x00003978       0x60
 i.ll_enter_sm_mode
                0x00003978       0x60 C:\Users\Administrator\Documents\PSoC Creator\4.1\Downloads ( 4.1).cylib\BLE_v3_40\Library\gccCyBLEStack_BLE_SOC_PERIPHERAL.a(ll.o)
                0x00003978                ll_enter_sm_mode

i.ll_exit_low_power_mode
                0x000039d8       0x84
 i.ll_exit_low_power_mode
                0x000039d8       0x84 C:\Users\Administrator\Documents\PSoC Creator\4.1\Downloads ( 4.1).cylib\BLE_v3_40\Library\gccCyBLEStack_BLE_SOC_PERIPHERAL.a(ll.o)
                0x000039d8                ll_exit_low_power_mode

i.ll_get_ack_status
                0x00003a5c       0x44
 i.ll_get_ack_status
                0x00003a5c       0x44 C:\Users\Administrator\Documents\PSoC Creator\4.1\Downloads ( 4.1).cylib\BLE_v3_40\Library\gccCyBLEStack_BLE_SOC_PERIPHERAL.a(ll.o)
                0x00003a5c                ll_get_ack_status

i.ll_get_ack_status_for_all_connections
                0x00003aa0       0x34
 i.ll_get_ack_status_for_all_connections
                0x00003aa0       0x34 C:\Users\Administrator\Documents\PSoC Creator\4.1\Downloads ( 4.1).cylib\BLE_v3_40\Library\gccCyBLEStack_BLE_SOC_PERIPHERAL.a(ll.o)
                0x00003aa0                ll_get_ack_status_for_all_connections

i.ll_get_adv_ch_tx_power
                0x00003ad4       0x20
 i.ll_get_adv_ch_tx_power
                0x00003ad4       0x20 C:\Users\Administrator\Documents\PSoC Creator\4.1\Downloads ( 4.1).cylib\BLE_v3_40\Library\gccCyBLEStack_BLE_SOC_PERIPHERAL.a(ll.o)
                0x00003ad4                ll_get_adv_ch_tx_power

i.ll_get_data_channel_map
                0x00003af4       0x28
 i.ll_get_data_channel_map
                0x00003af4       0x28 C:\Users\Administrator\Documents\PSoC Creator\4.1\Downloads ( 4.1).cylib\BLE_v3_40\Library\gccCyBLEStack_BLE_SOC_PERIPHERAL.a(ll.o)
                0x00003af4                ll_get_data_channel_map

i.ll_get_max_white_list_size
                0x00003b1c        0xc
 i.ll_get_max_white_list_size
                0x00003b1c        0xc C:\Users\Administrator\Documents\PSoC Creator\4.1\Downloads ( 4.1).cylib\BLE_v3_40\Library\gccCyBLEStack_BLE_SOC_PERIPHERAL.a(ll.o)
                0x00003b1c                ll_get_max_white_list_size

i.ll_get_my_role
                0x00003b28        0xc
 i.ll_get_my_role
                0x00003b28        0xc C:\Users\Administrator\Documents\PSoC Creator\4.1\Downloads ( 4.1).cylib\BLE_v3_40\Library\gccCyBLEStack_BLE_SOC_PERIPHERAL.a(ll.o)
                0x00003b28                ll_get_my_role

i.ll_get_next_available_fifo_for_data_pdu
                0x00003b34        0x8
 i.ll_get_next_available_fifo_for_data_pdu
                0x00003b34        0x8 C:\Users\Administrator\Documents\PSoC Creator\4.1\Downloads ( 4.1).cylib\BLE_v3_40\Library\gccCyBLEStack_BLE_SOC_PERIPHERAL.a(ll.o)
                0x00003b34                ll_get_next_available_fifo_for_data_pdu

i.ll_get_next_available_fifo_for_ll_pdu
                0x00003b3c       0x2c
 i.ll_get_next_available_fifo_for_ll_pdu
                0x00003b3c       0x2c C:\Users\Administrator\Documents\PSoC Creator\4.1\Downloads ( 4.1).cylib\BLE_v3_40\Library\gccCyBLEStack_BLE_SOC_PERIPHERAL.a(ll.o)
                0x00003b3c                ll_get_next_available_fifo_for_ll_pdu

i.ll_get_rssi_value
                0x00003b68       0x26
 i.ll_get_rssi_value
                0x00003b68       0x26 C:\Users\Administrator\Documents\PSoC Creator\4.1\Downloads ( 4.1).cylib\BLE_v3_40\Library\gccCyBLEStack_BLE_SOC_PERIPHERAL.a(ll.o)
                0x00003b68                ll_get_rssi_value

i.ll_get_transmit_power_level
                0x00003b90       0x2c
 i.ll_get_transmit_power_level
                0x00003b90       0x2c C:\Users\Administrator\Documents\PSoC Creator\4.1\Downloads ( 4.1).cylib\BLE_v3_40\Library\gccCyBLEStack_BLE_SOC_PERIPHERAL.a(ll.o)
                0x00003b90                ll_get_transmit_power_level

i.ll_handle_ack_received
                0x00003bbc       0x74
 i.ll_handle_ack_received
                0x00003bbc       0x74 C:\Users\Administrator\Documents\PSoC Creator\4.1\Downloads ( 4.1).cylib\BLE_v3_40\Library\gccCyBLEStack_BLE_SOC_PERIPHERAL.a(ll.o)
                0x00003bbc                ll_handle_ack_received

i.ll_handle_add_device_in_whitelist
                0x00003c30       0x50
 i.ll_handle_add_device_in_whitelist
                0x00003c30       0x50 C:\Users\Administrator\Documents\PSoC Creator\4.1\Downloads ( 4.1).cylib\BLE_v3_40\Library\gccCyBLEStack_BLE_SOC_PERIPHERAL.a(ll.o)
                0x00003c30                ll_handle_add_device_in_whitelist

i.ll_handle_clear_whitelist
                0x00003c80       0x24
 i.ll_handle_clear_whitelist
                0x00003c80       0x24 C:\Users\Administrator\Documents\PSoC Creator\4.1\Downloads ( 4.1).cylib\BLE_v3_40\Library\gccCyBLEStack_BLE_SOC_PERIPHERAL.a(ll.o)
                0x00003c80                ll_handle_clear_whitelist

i.ll_handle_encrypt_host_data
                0x00003ca4       0x36
 i.ll_handle_encrypt_host_data
                0x00003ca4       0x36 C:\Users\Administrator\Documents\PSoC Creator\4.1\Downloads ( 4.1).cylib\BLE_v3_40\Library\gccCyBLEStack_BLE_SOC_PERIPHERAL.a(ll.o)
                0x00003ca4                ll_handle_encrypt_host_data

i.ll_handle_host_data_packet
                0x00003cdc       0x9c
 i.ll_handle_host_data_packet
                0x00003cdc       0x9c C:\Users\Administrator\Documents\PSoC Creator\4.1\Downloads ( 4.1).cylib\BLE_v3_40\Library\gccCyBLEStack_BLE_SOC_PERIPHERAL.a(ll.o)
                0x00003cdc                ll_handle_host_data_packet

i.ll_handle_read_host_channel_map
                0x00003d78        0x4
 i.ll_handle_read_host_channel_map
                0x00003d78        0x4 C:\Users\Administrator\Documents\PSoC Creator\4.1\Downloads ( 4.1).cylib\BLE_v3_40\Library\gccCyBLEStack_BLE_SOC_PERIPHERAL.a(ll.o)
                0x00003d78                ll_handle_read_host_channel_map

i.ll_handle_remove_device_in_whitelist
                0x00003d7c       0x38
 i.ll_handle_remove_device_in_whitelist
                0x00003d7c       0x38 C:\Users\Administrator\Documents\PSoC Creator\4.1\Downloads ( 4.1).cylib\BLE_v3_40\Library\gccCyBLEStack_BLE_SOC_PERIPHERAL.a(ll.o)
                0x00003d7c                ll_handle_remove_device_in_whitelist

i.ll_handle_reset
                0x00003db4        0xe
 i.ll_handle_reset
                0x00003db4        0xe C:\Users\Administrator\Documents\PSoC Creator\4.1\Downloads ( 4.1).cylib\BLE_v3_40\Library\gccCyBLEStack_BLE_SOC_PERIPHERAL.a(ll.o)
                0x00003db4                ll_handle_reset

i.ll_handle_set_random_address
                0x00003dc2       0x36
 i.ll_handle_set_random_address
                0x00003dc2       0x36 C:\Users\Administrator\Documents\PSoC Creator\4.1\Downloads ( 4.1).cylib\BLE_v3_40\Library\gccCyBLEStack_BLE_SOC_PERIPHERAL.a(ll.o)
                0x00003dc2                ll_handle_set_random_address

i.ll_init       0x00003df8       0x20
 i.ll_init      0x00003df8       0x20 C:\Users\Administrator\Documents\PSoC Creator\4.1\Downloads ( 4.1).cylib\BLE_v3_40\Library\gccCyBLEStack_BLE_SOC_PERIPHERAL.a(ll.o)
                0x00003df8                ll_init

i.ll_initialize_device_attributes
                0x00003e18       0xc0
 i.ll_initialize_device_attributes
                0x00003e18       0xc0 C:\Users\Administrator\Documents\PSoC Creator\4.1\Downloads ( 4.1).cylib\BLE_v3_40\Library\gccCyBLEStack_BLE_SOC_PERIPHERAL.a(ll.o)
                0x00003e18                ll_initialize_device_attributes

i.ll_is_pkt_pending
                0x00003ed8       0x2a
 i.ll_is_pkt_pending
                0x00003ed8       0x2a C:\Users\Administrator\Documents\PSoC Creator\4.1\Downloads ( 4.1).cylib\BLE_v3_40\Library\gccCyBLEStack_BLE_SOC_PERIPHERAL.a(ll.o)
                0x00003ed8                ll_is_pkt_pending

i.ll_is_sent_pkt_pending
                0x00003f02       0x1a
 i.ll_is_sent_pkt_pending
                0x00003f02       0x1a C:\Users\Administrator\Documents\PSoC Creator\4.1\Downloads ( 4.1).cylib\BLE_v3_40\Library\gccCyBLEStack_BLE_SOC_PERIPHERAL.a(ll.o)
                0x00003f02                ll_is_sent_pkt_pending

i.ll_isr_exit_low_power_mode
                0x00003f1c       0x16
 i.ll_isr_exit_low_power_mode
                0x00003f1c       0x16 C:\Users\Administrator\Documents\PSoC Creator\4.1\Downloads ( 4.1).cylib\BLE_v3_40\Library\gccCyBLEStack_BLE_SOC_PERIPHERAL.a(ll.o)
                0x00003f1c                ll_isr_exit_low_power_mode

i.ll_load_host_data_packet
                0x00003f32       0x3c
 i.ll_load_host_data_packet
                0x00003f32       0x3c C:\Users\Administrator\Documents\PSoC Creator\4.1\Downloads ( 4.1).cylib\BLE_v3_40\Library\gccCyBLEStack_BLE_SOC_PERIPHERAL.a(ll.o)
                0x00003f32                ll_load_host_data_packet

i.ll_load_packet_to_fifo
                0x00003f70       0xc0
 i.ll_load_packet_to_fifo
                0x00003f70       0xc0 C:\Users\Administrator\Documents\PSoC Creator\4.1\Downloads ( 4.1).cylib\BLE_v3_40\Library\gccCyBLEStack_BLE_SOC_PERIPHERAL.a(ll.o)
                0x00003f70                ll_load_packet_to_fifo

i.ll_process_acks
                0x00004030       0x60
 i.ll_process_acks
                0x00004030       0x60 C:\Users\Administrator\Documents\PSoC Creator\4.1\Downloads ( 4.1).cylib\BLE_v3_40\Library\gccCyBLEStack_BLE_SOC_PERIPHERAL.a(ll.o)
                0x00004030                ll_process_acks

i.ll_reset      0x00004090       0x14
 i.ll_reset     0x00004090       0x14 C:\Users\Administrator\Documents\PSoC Creator\4.1\Downloads ( 4.1).cylib\BLE_v3_40\Library\gccCyBLEStack_BLE_SOC_PERIPHERAL.a(ll.o)
                0x00004090                ll_reset

i.ll_update_active_features
                0x000040a4       0x58
 i.ll_update_active_features
                0x000040a4       0x58 C:\Users\Administrator\Documents\PSoC Creator\4.1\Downloads ( 4.1).cylib\BLE_v3_40\Library\gccCyBLEStack_BLE_SOC_PERIPHERAL.a(ll.o)
                0x000040a4                ll_update_active_features

i.ll_update_device_fsm
                0x000040fc        0x8
 i.ll_update_device_fsm
                0x000040fc        0x8 C:\Users\Administrator\Documents\PSoC Creator\4.1\Downloads ( 4.1).cylib\BLE_v3_40\Library\gccCyBLEStack_BLE_SOC_PERIPHERAL.a(ll.o)
                0x000040fc                ll_update_device_fsm

i.ll_validate_add_device_to_whitelist_params
                0x00004104       0x14
 i.ll_validate_add_device_to_whitelist_params
                0x00004104       0x14 C:\Users\Administrator\Documents\PSoC Creator\4.1\Downloads ( 4.1).cylib\BLE_v3_40\Library\gccCyBLEStack_BLE_SOC_PERIPHERAL.a(ll.o)
                0x00004104                ll_validate_add_device_to_whitelist_params

i.ll_validate_bd_addr
                0x00004118       0x1a
 i.ll_validate_bd_addr
                0x00004118       0x1a C:\Users\Administrator\Documents\PSoC Creator\4.1\Downloads ( 4.1).cylib\BLE_v3_40\Library\gccCyBLEStack_BLE_SOC_PERIPHERAL.a(ll.o)
                0x00004118                ll_validate_bd_addr

i.ll_wait_to_enter_dsm
                0x00004134       0x40
 i.ll_wait_to_enter_dsm
                0x00004134       0x40 C:\Users\Administrator\Documents\PSoC Creator\4.1\Downloads ( 4.1).cylib\BLE_v3_40\Library\gccCyBLEStack_BLE_SOC_PERIPHERAL.a(ll.o)

i.ll_wait_to_exit_dsm
                0x00004174       0x2c
 i.ll_wait_to_exit_dsm
                0x00004174       0x2c C:\Users\Administrator\Documents\PSoC Creator\4.1\Downloads ( 4.1).cylib\BLE_v3_40\Library\gccCyBLEStack_BLE_SOC_PERIPHERAL.a(ll.o)

i.pf_le_start_timer
                0x000041a0       0x16
 i.pf_le_start_timer
                0x000041a0       0x16 C:\Users\Administrator\Documents\PSoC Creator\4.1\Downloads ( 4.1).cylib\BLE_v3_40\Library\gccCyBLEStack_BLE_SOC_PERIPHERAL.a(ll.o)
                0x000041a0                pf_le_start_timer

i.pf_le_stop_timer
                0x000041b6       0x12
 i.pf_le_stop_timer
                0x000041b6       0x12 C:\Users\Administrator\Documents\PSoC Creator\4.1\Downloads ( 4.1).cylib\BLE_v3_40\Library\gccCyBLEStack_BLE_SOC_PERIPHERAL.a(ll.o)
                0x000041b6                pf_le_stop_timer

i.CyBleControllerIP_TuneAdvEventInterPktSlots
                0x000041c8       0x3c
 i.CyBleControllerIP_TuneAdvEventInterPktSlots
                0x000041c8       0x3c C:\Users\Administrator\Documents\PSoC Creator\4.1\Downloads ( 4.1).cylib\BLE_v3_40\Library\gccCyBLEStack_BLE_SOC_PERIPHERAL.a(ll_advertiser.o)
                0x000041c8                CyBleControllerIP_TuneAdvEventInterPktSlots

i.ll_adv_is_configured_connection_adv
                0x00004204       0x1e
 i.ll_adv_is_configured_connection_adv
                0x00004204       0x1e C:\Users\Administrator\Documents\PSoC Creator\4.1\Downloads ( 4.1).cylib\BLE_v3_40\Library\gccCyBLEStack_BLE_SOC_PERIPHERAL.a(ll_advertiser.o)
                0x00004204                ll_adv_is_configured_connection_adv

i.ll_check_random_address_in_use_by_advertiser
                0x00004222       0x10
 i.ll_check_random_address_in_use_by_advertiser
                0x00004222       0x10 C:\Users\Administrator\Documents\PSoC Creator\4.1\Downloads ( 4.1).cylib\BLE_v3_40\Library\gccCyBLEStack_BLE_SOC_PERIPHERAL.a(ll_advertiser.o)
                0x00004222                ll_check_random_address_in_use_by_advertiser

i.ll_check_whitelist_in_use_by_advertiser
                0x00004232       0x10
 i.ll_check_whitelist_in_use_by_advertiser
                0x00004232       0x10 C:\Users\Administrator\Documents\PSoC Creator\4.1\Downloads ( 4.1).cylib\BLE_v3_40\Library\gccCyBLEStack_BLE_SOC_PERIPHERAL.a(ll_advertiser.o)
                0x00004232                ll_check_whitelist_in_use_by_advertiser

i.ll_get_adv_data
                0x00004244        0xc
 i.ll_get_adv_data
                0x00004244        0xc C:\Users\Administrator\Documents\PSoC Creator\4.1\Downloads ( 4.1).cylib\BLE_v3_40\Library\gccCyBLEStack_BLE_SOC_PERIPHERAL.a(ll_advertiser.o)
                0x00004244                ll_get_adv_data

i.ll_get_adv_status
                0x00004250        0xc
 i.ll_get_adv_status
                0x00004250        0xc C:\Users\Administrator\Documents\PSoC Creator\4.1\Downloads ( 4.1).cylib\BLE_v3_40\Library\gccCyBLEStack_BLE_SOC_PERIPHERAL.a(ll_advertiser.o)
                0x00004250                ll_get_adv_status

i.ll_get_adv_type
                0x0000425c       0x18
 i.ll_get_adv_type
                0x0000425c       0x18 C:\Users\Administrator\Documents\PSoC Creator\4.1\Downloads ( 4.1).cylib\BLE_v3_40\Library\gccCyBLEStack_BLE_SOC_PERIPHERAL.a(ll_advertiser.o)
                0x0000425c                ll_get_adv_type

i.ll_get_scan_rsp_data
                0x00004274        0xc
 i.ll_get_scan_rsp_data
                0x00004274        0xc C:\Users\Administrator\Documents\PSoC Creator\4.1\Downloads ( 4.1).cylib\BLE_v3_40\Library\gccCyBLEStack_BLE_SOC_PERIPHERAL.a(ll_advertiser.o)
                0x00004274                ll_get_scan_rsp_data

i.ll_handle_adv_intr
                0x00004280       0x54
 i.ll_handle_adv_intr
                0x00004280       0x54 C:\Users\Administrator\Documents\PSoC Creator\4.1\Downloads ( 4.1).cylib\BLE_v3_40\Library\gccCyBLEStack_BLE_SOC_PERIPHERAL.a(ll_advertiser.o)
                0x00004280                ll_handle_adv_intr

i.ll_handle_set_adv_data
                0x000042d4       0x38
 i.ll_handle_set_adv_data
                0x000042d4       0x38 C:\Users\Administrator\Documents\PSoC Creator\4.1\Downloads ( 4.1).cylib\BLE_v3_40\Library\gccCyBLEStack_BLE_SOC_PERIPHERAL.a(ll_advertiser.o)
                0x000042d4                ll_handle_set_adv_data

i.ll_handle_set_adv_parameters
                0x0000430c       0xa4
 i.ll_handle_set_adv_parameters
                0x0000430c       0xa4 C:\Users\Administrator\Documents\PSoC Creator\4.1\Downloads ( 4.1).cylib\BLE_v3_40\Library\gccCyBLEStack_BLE_SOC_PERIPHERAL.a(ll_advertiser.o)
                0x0000430c                ll_handle_set_adv_parameters

i.ll_handle_set_advertise_enable
                0x000043b0       0x6a
 i.ll_handle_set_advertise_enable
                0x000043b0       0x6a C:\Users\Administrator\Documents\PSoC Creator\4.1\Downloads ( 4.1).cylib\BLE_v3_40\Library\gccCyBLEStack_BLE_SOC_PERIPHERAL.a(ll_advertiser.o)
                0x000043b0                ll_handle_set_advertise_enable

i.ll_handle_set_scan_resp_data
                0x0000441c       0x38
 i.ll_handle_set_scan_resp_data
                0x0000441c       0x38 C:\Users\Administrator\Documents\PSoC Creator\4.1\Downloads ( 4.1).cylib\BLE_v3_40\Library\gccCyBLEStack_BLE_SOC_PERIPHERAL.a(ll_advertiser.o)
                0x0000441c                ll_handle_set_scan_resp_data

i.ll_init_advertiser
                0x00004454       0x70
 i.ll_init_advertiser
                0x00004454       0x70 C:\Users\Administrator\Documents\PSoC Creator\4.1\Downloads ( 4.1).cylib\BLE_v3_40\Library\gccCyBLEStack_BLE_SOC_PERIPHERAL.a(ll_advertiser.o)
                0x00004454                ll_init_advertiser

i.ll_update_adv_data
                0x000044c4       0x34
 i.ll_update_adv_data
                0x000044c4       0x34 C:\Users\Administrator\Documents\PSoC Creator\4.1\Downloads ( 4.1).cylib\BLE_v3_40\Library\gccCyBLEStack_BLE_SOC_PERIPHERAL.a(ll_advertiser.o)
                0x000044c4                ll_update_adv_data

i.ll_update_scan_rsp_data
                0x000044f8       0x34
 i.ll_update_scan_rsp_data
                0x000044f8       0x34 C:\Users\Administrator\Documents\PSoC Creator\4.1\Downloads ( 4.1).cylib\BLE_v3_40\Library\gccCyBLEStack_BLE_SOC_PERIPHERAL.a(ll_advertiser.o)
                0x000044f8                ll_update_scan_rsp_data

i.is_le_connection_handle
                0x0000452c       0x28
 i.is_le_connection_handle
                0x0000452c       0x28 C:\Users\Administrator\Documents\PSoC Creator\4.1\Downloads ( 4.1).cylib\BLE_v3_40\Library\gccCyBLEStack_BLE_SOC_PERIPHERAL.a(ll_connection.o)
                0x0000452c                is_le_connection_handle

i.le_assign_connection_handle
                0x00004554       0x28
 i.le_assign_connection_handle
                0x00004554       0x28 C:\Users\Administrator\Documents\PSoC Creator\4.1\Downloads ( 4.1).cylib\BLE_v3_40\Library\gccCyBLEStack_BLE_SOC_PERIPHERAL.a(ll_connection.o)
                0x00004554                le_assign_connection_handle

i.le_get_connection_index
                0x0000457c        0x6
 i.le_get_connection_index
                0x0000457c        0x6 C:\Users\Administrator\Documents\PSoC Creator\4.1\Downloads ( 4.1).cylib\BLE_v3_40\Library\gccCyBLEStack_BLE_SOC_PERIPHERAL.a(ll_connection.o)
                0x0000457c                le_get_connection_index

i.ll_allocate_connection
                0x00004584       0x44
 i.ll_allocate_connection
                0x00004584       0x44 C:\Users\Administrator\Documents\PSoC Creator\4.1\Downloads ( 4.1).cylib\BLE_v3_40\Library\gccCyBLEStack_BLE_SOC_PERIPHERAL.a(ll_connection.o)
                0x00004584                ll_allocate_connection

i.ll_calculate_and_program_def_win_widen_drift
                0x000045c8       0x14
 i.ll_calculate_and_program_def_win_widen_drift
                0x000045c8       0x14 C:\Users\Administrator\Documents\PSoC Creator\4.1\Downloads ( 4.1).cylib\BLE_v3_40\Library\gccCyBLEStack_BLE_SOC_PERIPHERAL.a(ll_connection.o)
                0x000045c8                ll_calculate_and_program_def_win_widen_drift

i.ll_calculate_drift
                0x000045dc       0x2c
 i.ll_calculate_drift
                0x000045dc       0x2c C:\Users\Administrator\Documents\PSoC Creator\4.1\Downloads ( 4.1).cylib\BLE_v3_40\Library\gccCyBLEStack_BLE_SOC_PERIPHERAL.a(ll_connection.o)
                0x000045dc                ll_calculate_drift

i.ll_check_and_decrypt_ll_pdu
                0x00004608       0x70
 i.ll_check_and_decrypt_ll_pdu
                0x00004608       0x70 C:\Users\Administrator\Documents\PSoC Creator\4.1\Downloads ( 4.1).cylib\BLE_v3_40\Library\gccCyBLEStack_BLE_SOC_PERIPHERAL.a(ll_connection.o)
                0x00004608                ll_check_and_decrypt_ll_pdu

i.ll_check_and_decrypt_packet
                0x00004678       0x6a
 i.ll_check_and_decrypt_packet