ARM GAS  C:\Users\ADMINI~1\AppData\Local\Temp\cc9JmNd2.s 			page 1


   1              		.syntax unified
   2              		.cpu cortex-m0
   3              		.fpu softvfp
   4              		.eabi_attribute 20, 1
   5              		.eabi_attribute 21, 1
   6              		.eabi_attribute 23, 3
   7              		.eabi_attribute 24, 1
   8              		.eabi_attribute 25, 1
   9              		.eabi_attribute 26, 1
  10              		.eabi_attribute 30, 1
  11              		.eabi_attribute 34, 0
  12              		.eabi_attribute 18, 4
  13              		.thumb
  14              		.syntax unified
  15              		.file	"cyfitter_cfg.c"
  16              		.text
  17              	.Ltext0:
  18              		.cfi_sections	.debug_frame
  19              		.section	.text.AnalogSetDefault,"ax",%progbits
  20              		.align	2
  21              		.code	16
  22              		.thumb_func
  23              		.type	AnalogSetDefault, %function
  24              	AnalogSetDefault:
  25              	.LFB6:
  26              		.file 1 "Generated_Source\\PSoC4\\cyfitter_cfg.c"
   1:Generated_Source\PSoC4/cyfitter_cfg.c **** 
   2:Generated_Source\PSoC4/cyfitter_cfg.c **** /*******************************************************************************
   3:Generated_Source\PSoC4/cyfitter_cfg.c **** * File Name: cyfitter_cfg.c
   4:Generated_Source\PSoC4/cyfitter_cfg.c **** * 
   5:Generated_Source\PSoC4/cyfitter_cfg.c **** * PSoC Creator  4.1
   6:Generated_Source\PSoC4/cyfitter_cfg.c **** *
   7:Generated_Source\PSoC4/cyfitter_cfg.c **** * Description:
   8:Generated_Source\PSoC4/cyfitter_cfg.c **** * This file contains device initialization code.
   9:Generated_Source\PSoC4/cyfitter_cfg.c **** * Except for the user defined sections in CyClockStartupError(), this file should not be modified.
  10:Generated_Source\PSoC4/cyfitter_cfg.c **** * This file is automatically generated by PSoC Creator.
  11:Generated_Source\PSoC4/cyfitter_cfg.c **** *
  12:Generated_Source\PSoC4/cyfitter_cfg.c **** ********************************************************************************
  13:Generated_Source\PSoC4/cyfitter_cfg.c **** * Copyright (c) 2007-2017 Cypress Semiconductor.  All rights reserved.
  14:Generated_Source\PSoC4/cyfitter_cfg.c **** * You may use this file only in accordance with the license, terms, conditions, 
  15:Generated_Source\PSoC4/cyfitter_cfg.c **** * disclaimers, and limitations in the end user license agreement accompanying 
  16:Generated_Source\PSoC4/cyfitter_cfg.c **** * the software package with which this file was provided.
  17:Generated_Source\PSoC4/cyfitter_cfg.c **** ********************************************************************************/
  18:Generated_Source\PSoC4/cyfitter_cfg.c **** 
  19:Generated_Source\PSoC4/cyfitter_cfg.c **** #include <string.h>
  20:Generated_Source\PSoC4/cyfitter_cfg.c **** #include "cytypes.h"
  21:Generated_Source\PSoC4/cyfitter_cfg.c **** #include "cydevice_trm.h"
  22:Generated_Source\PSoC4/cyfitter_cfg.c **** #include "cyfitter.h"
  23:Generated_Source\PSoC4/cyfitter_cfg.c **** #include "CyLib.h"
  24:Generated_Source\PSoC4/cyfitter_cfg.c **** #include "cyfitter_cfg.h"
  25:Generated_Source\PSoC4/cyfitter_cfg.c **** #include "cyapicallbacks.h"
  26:Generated_Source\PSoC4/cyfitter_cfg.c **** 
  27:Generated_Source\PSoC4/cyfitter_cfg.c **** 
  28:Generated_Source\PSoC4/cyfitter_cfg.c **** #if defined(__GNUC__) || defined(__ARMCC_VERSION)
  29:Generated_Source\PSoC4/cyfitter_cfg.c ****     #define CYPACKED 
  30:Generated_Source\PSoC4/cyfitter_cfg.c ****     #define CYPACKED_ATTR __attribute__ ((packed))
  31:Generated_Source\PSoC4/cyfitter_cfg.c ****     #define CYALIGNED __attribute__ ((aligned))
ARM GAS  C:\Users\ADMINI~1\AppData\Local\Temp\cc9JmNd2.s 			page 2


  32:Generated_Source\PSoC4/cyfitter_cfg.c ****     #define CY_CFG_UNUSED __attribute__ ((unused))
  33:Generated_Source\PSoC4/cyfitter_cfg.c ****     #ifndef CY_CFG_SECTION
  34:Generated_Source\PSoC4/cyfitter_cfg.c ****         #define CY_CFG_SECTION __attribute__ ((section(".psocinit")))
  35:Generated_Source\PSoC4/cyfitter_cfg.c ****     #endif
  36:Generated_Source\PSoC4/cyfitter_cfg.c ****     
  37:Generated_Source\PSoC4/cyfitter_cfg.c ****     #if defined(__ARMCC_VERSION)
  38:Generated_Source\PSoC4/cyfitter_cfg.c ****         #define CY_CFG_MEMORY_BARRIER() __memory_changed()
  39:Generated_Source\PSoC4/cyfitter_cfg.c ****     #else
  40:Generated_Source\PSoC4/cyfitter_cfg.c ****         #define CY_CFG_MEMORY_BARRIER() __sync_synchronize()
  41:Generated_Source\PSoC4/cyfitter_cfg.c ****     #endif
  42:Generated_Source\PSoC4/cyfitter_cfg.c ****     
  43:Generated_Source\PSoC4/cyfitter_cfg.c **** #elif defined(__ICCARM__)
  44:Generated_Source\PSoC4/cyfitter_cfg.c ****     #include <intrinsics.h>
  45:Generated_Source\PSoC4/cyfitter_cfg.c **** 
  46:Generated_Source\PSoC4/cyfitter_cfg.c ****     #define CYPACKED __packed
  47:Generated_Source\PSoC4/cyfitter_cfg.c ****     #define CYPACKED_ATTR 
  48:Generated_Source\PSoC4/cyfitter_cfg.c ****     #define CYALIGNED _Pragma("data_alignment=4")
  49:Generated_Source\PSoC4/cyfitter_cfg.c ****     #define CY_CFG_UNUSED _Pragma("diag_suppress=Pe177")
  50:Generated_Source\PSoC4/cyfitter_cfg.c ****     #define CY_CFG_SECTION _Pragma("location=\".psocinit\"")
  51:Generated_Source\PSoC4/cyfitter_cfg.c ****     
  52:Generated_Source\PSoC4/cyfitter_cfg.c ****     #define CY_CFG_MEMORY_BARRIER() __DMB()
  53:Generated_Source\PSoC4/cyfitter_cfg.c ****     
  54:Generated_Source\PSoC4/cyfitter_cfg.c **** #else
  55:Generated_Source\PSoC4/cyfitter_cfg.c ****     #error Unsupported toolchain
  56:Generated_Source\PSoC4/cyfitter_cfg.c **** #endif
  57:Generated_Source\PSoC4/cyfitter_cfg.c **** 
  58:Generated_Source\PSoC4/cyfitter_cfg.c **** #ifndef CYCODE
  59:Generated_Source\PSoC4/cyfitter_cfg.c ****     #define CYCODE
  60:Generated_Source\PSoC4/cyfitter_cfg.c **** #endif
  61:Generated_Source\PSoC4/cyfitter_cfg.c **** #ifndef CYDATA
  62:Generated_Source\PSoC4/cyfitter_cfg.c ****     #define CYDATA
  63:Generated_Source\PSoC4/cyfitter_cfg.c **** #endif
  64:Generated_Source\PSoC4/cyfitter_cfg.c **** #ifndef CYFAR
  65:Generated_Source\PSoC4/cyfitter_cfg.c ****     #define CYFAR
  66:Generated_Source\PSoC4/cyfitter_cfg.c **** #endif
  67:Generated_Source\PSoC4/cyfitter_cfg.c **** #ifndef CYXDATA
  68:Generated_Source\PSoC4/cyfitter_cfg.c ****     #define CYXDATA
  69:Generated_Source\PSoC4/cyfitter_cfg.c **** #endif
  70:Generated_Source\PSoC4/cyfitter_cfg.c **** 
  71:Generated_Source\PSoC4/cyfitter_cfg.c **** 
  72:Generated_Source\PSoC4/cyfitter_cfg.c **** CY_CFG_UNUSED
  73:Generated_Source\PSoC4/cyfitter_cfg.c **** static void CYMEMZERO(void *s, size_t n);
  74:Generated_Source\PSoC4/cyfitter_cfg.c **** CY_CFG_UNUSED
  75:Generated_Source\PSoC4/cyfitter_cfg.c **** static void CYMEMZERO(void *s, size_t n)
  76:Generated_Source\PSoC4/cyfitter_cfg.c **** {
  77:Generated_Source\PSoC4/cyfitter_cfg.c **** 	(void)memset(s, 0, n);
  78:Generated_Source\PSoC4/cyfitter_cfg.c **** }
  79:Generated_Source\PSoC4/cyfitter_cfg.c **** CY_CFG_UNUSED
  80:Generated_Source\PSoC4/cyfitter_cfg.c **** static void CYCONFIGCPY(void *dest, const void *src, size_t n);
  81:Generated_Source\PSoC4/cyfitter_cfg.c **** CY_CFG_UNUSED
  82:Generated_Source\PSoC4/cyfitter_cfg.c **** static void CYCONFIGCPY(void *dest, const void *src, size_t n)
  83:Generated_Source\PSoC4/cyfitter_cfg.c **** {
  84:Generated_Source\PSoC4/cyfitter_cfg.c **** 	(void)memcpy(dest, src, n);
  85:Generated_Source\PSoC4/cyfitter_cfg.c **** }
  86:Generated_Source\PSoC4/cyfitter_cfg.c **** CY_CFG_UNUSED
  87:Generated_Source\PSoC4/cyfitter_cfg.c **** static void CYCONFIGCPYCODE(void *dest, const void *src, size_t n);
  88:Generated_Source\PSoC4/cyfitter_cfg.c **** CY_CFG_UNUSED
ARM GAS  C:\Users\ADMINI~1\AppData\Local\Temp\cc9JmNd2.s 			page 3


  89:Generated_Source\PSoC4/cyfitter_cfg.c **** static void CYCONFIGCPYCODE(void *dest, const void *src, size_t n)
  90:Generated_Source\PSoC4/cyfitter_cfg.c **** {
  91:Generated_Source\PSoC4/cyfitter_cfg.c **** 	(void)memcpy(dest, src, n);
  92:Generated_Source\PSoC4/cyfitter_cfg.c **** }
  93:Generated_Source\PSoC4/cyfitter_cfg.c **** 
  94:Generated_Source\PSoC4/cyfitter_cfg.c **** 
  95:Generated_Source\PSoC4/cyfitter_cfg.c **** 
  96:Generated_Source\PSoC4/cyfitter_cfg.c **** 
  97:Generated_Source\PSoC4/cyfitter_cfg.c **** /* Clock startup error codes                                                   */
  98:Generated_Source\PSoC4/cyfitter_cfg.c **** #define CYCLOCKSTART_NO_ERROR    0u
  99:Generated_Source\PSoC4/cyfitter_cfg.c **** #define CYCLOCKSTART_XTAL_ERROR  1u
 100:Generated_Source\PSoC4/cyfitter_cfg.c **** #define CYCLOCKSTART_32KHZ_ERROR 2u
 101:Generated_Source\PSoC4/cyfitter_cfg.c **** #define CYCLOCKSTART_PLL_ERROR   3u
 102:Generated_Source\PSoC4/cyfitter_cfg.c **** #define CYCLOCKSTART_FLL_ERROR   4u
 103:Generated_Source\PSoC4/cyfitter_cfg.c **** 
 104:Generated_Source\PSoC4/cyfitter_cfg.c **** 
 105:Generated_Source\PSoC4/cyfitter_cfg.c **** #ifdef CY_NEED_CYCLOCKSTARTUPERROR
 106:Generated_Source\PSoC4/cyfitter_cfg.c **** /*******************************************************************************
 107:Generated_Source\PSoC4/cyfitter_cfg.c **** * Function Name: CyClockStartupError
 108:Generated_Source\PSoC4/cyfitter_cfg.c **** ********************************************************************************
 109:Generated_Source\PSoC4/cyfitter_cfg.c **** * Summary:
 110:Generated_Source\PSoC4/cyfitter_cfg.c **** *  If an error is encountered during clock configuration (crystal startup error,
 111:Generated_Source\PSoC4/cyfitter_cfg.c **** *  PLL lock error, etc.), the system will end up here.  Unless reimplemented by
 112:Generated_Source\PSoC4/cyfitter_cfg.c **** *  the customer, this function will stop in an infinite loop.
 113:Generated_Source\PSoC4/cyfitter_cfg.c **** *
 114:Generated_Source\PSoC4/cyfitter_cfg.c **** * Parameters:
 115:Generated_Source\PSoC4/cyfitter_cfg.c **** *   void
 116:Generated_Source\PSoC4/cyfitter_cfg.c **** *
 117:Generated_Source\PSoC4/cyfitter_cfg.c **** * Return:
 118:Generated_Source\PSoC4/cyfitter_cfg.c **** *   void
 119:Generated_Source\PSoC4/cyfitter_cfg.c **** *
 120:Generated_Source\PSoC4/cyfitter_cfg.c **** *******************************************************************************/
 121:Generated_Source\PSoC4/cyfitter_cfg.c **** CY_CFG_UNUSED
 122:Generated_Source\PSoC4/cyfitter_cfg.c **** static void CyClockStartupError(uint8 errorCode);
 123:Generated_Source\PSoC4/cyfitter_cfg.c **** CY_CFG_UNUSED
 124:Generated_Source\PSoC4/cyfitter_cfg.c **** static void CyClockStartupError(uint8 errorCode)
 125:Generated_Source\PSoC4/cyfitter_cfg.c **** {
 126:Generated_Source\PSoC4/cyfitter_cfg.c ****     /* To remove the compiler warning if errorCode not used. */
 127:Generated_Source\PSoC4/cyfitter_cfg.c **** #if defined(CY_PSOC3) && (CY_PSOC3)
 128:Generated_Source\PSoC4/cyfitter_cfg.c ****     errorCode = errorCode;
 129:Generated_Source\PSoC4/cyfitter_cfg.c **** #else
 130:Generated_Source\PSoC4/cyfitter_cfg.c ****     (void)errorCode;
 131:Generated_Source\PSoC4/cyfitter_cfg.c **** #endif /* CY_PSOC3 */
 132:Generated_Source\PSoC4/cyfitter_cfg.c **** 
 133:Generated_Source\PSoC4/cyfitter_cfg.c ****     /* If we have a clock startup error (bad MHz crystal, PLL lock, etc.),  */
 134:Generated_Source\PSoC4/cyfitter_cfg.c ****     /* we will end up here to allow the customer to implement something to  */
 135:Generated_Source\PSoC4/cyfitter_cfg.c ****     /* deal with the clock condition.                                       */
 136:Generated_Source\PSoC4/cyfitter_cfg.c **** 
 137:Generated_Source\PSoC4/cyfitter_cfg.c **** #ifdef CY_CFG_CLOCK_STARTUP_ERROR_CALLBACK
 138:Generated_Source\PSoC4/cyfitter_cfg.c ****     CY_CFG_Clock_Startup_ErrorCallback();
 139:Generated_Source\PSoC4/cyfitter_cfg.c **** #else
 140:Generated_Source\PSoC4/cyfitter_cfg.c ****     /*  If not using CY_CFG_CLOCK_STARTUP_ERROR_CALLBACK, place your clock startup code here. */
 141:Generated_Source\PSoC4/cyfitter_cfg.c ****     /* `#START CyClockStartupError` */
 142:Generated_Source\PSoC4/cyfitter_cfg.c **** 
 143:Generated_Source\PSoC4/cyfitter_cfg.c **** 
 144:Generated_Source\PSoC4/cyfitter_cfg.c **** 
 145:Generated_Source\PSoC4/cyfitter_cfg.c ****     /* `#END` */
ARM GAS  C:\Users\ADMINI~1\AppData\Local\Temp\cc9JmNd2.s 			page 4


 146:Generated_Source\PSoC4/cyfitter_cfg.c **** 
 147:Generated_Source\PSoC4/cyfitter_cfg.c ****     while(1) {}
 148:Generated_Source\PSoC4/cyfitter_cfg.c **** #endif /* CY_CFG_CLOCK_STARTUP_ERROR_CALLBACK */
 149:Generated_Source\PSoC4/cyfitter_cfg.c **** }
 150:Generated_Source\PSoC4/cyfitter_cfg.c **** #endif
 151:Generated_Source\PSoC4/cyfitter_cfg.c **** 
 152:Generated_Source\PSoC4/cyfitter_cfg.c **** 
 153:Generated_Source\PSoC4/cyfitter_cfg.c **** 
 154:Generated_Source\PSoC4/cyfitter_cfg.c **** /*******************************************************************************
 155:Generated_Source\PSoC4/cyfitter_cfg.c **** * Function Name: ClockSetup
 156:Generated_Source\PSoC4/cyfitter_cfg.c **** ********************************************************************************
 157:Generated_Source\PSoC4/cyfitter_cfg.c **** *
 158:Generated_Source\PSoC4/cyfitter_cfg.c **** * Summary:
 159:Generated_Source\PSoC4/cyfitter_cfg.c **** *   Performs the initialization of all of the clocks in the device based on the
 160:Generated_Source\PSoC4/cyfitter_cfg.c **** *   settings in the Clock tab of the DWR.  This includes enabling the requested
 161:Generated_Source\PSoC4/cyfitter_cfg.c **** *   clocks and setting the necessary dividers to produce the desired frequency. 
 162:Generated_Source\PSoC4/cyfitter_cfg.c **** *
 163:Generated_Source\PSoC4/cyfitter_cfg.c **** * Parameters:
 164:Generated_Source\PSoC4/cyfitter_cfg.c **** *   void
 165:Generated_Source\PSoC4/cyfitter_cfg.c **** *
 166:Generated_Source\PSoC4/cyfitter_cfg.c **** * Return:
 167:Generated_Source\PSoC4/cyfitter_cfg.c **** *   void
 168:Generated_Source\PSoC4/cyfitter_cfg.c **** *
 169:Generated_Source\PSoC4/cyfitter_cfg.c **** *******************************************************************************/
 170:Generated_Source\PSoC4/cyfitter_cfg.c **** static void ClockSetup(void);
 171:Generated_Source\PSoC4/cyfitter_cfg.c **** CY_CFG_SECTION
 172:Generated_Source\PSoC4/cyfitter_cfg.c **** static void ClockSetup(void)
 173:Generated_Source\PSoC4/cyfitter_cfg.c **** {
 174:Generated_Source\PSoC4/cyfitter_cfg.c **** 
 175:Generated_Source\PSoC4/cyfitter_cfg.c **** 	/* Set Flash Cycles based on max possible frequency in case a glitch occurs during ClockSetup(). *
 176:Generated_Source\PSoC4/cyfitter_cfg.c **** 	CY_SET_REG32((void CYXDATA *)(CYREG_CPUSS_FLASH_CTL), (0x0012u));
 177:Generated_Source\PSoC4/cyfitter_cfg.c **** 
 178:Generated_Source\PSoC4/cyfitter_cfg.c **** 	/* Start the WCO */
 179:Generated_Source\PSoC4/cyfitter_cfg.c **** 	CySysClkWcoStart();
 180:Generated_Source\PSoC4/cyfitter_cfg.c **** 	CyDelayCycles(12000000u); /* WCO may take up to 500ms to start */
 181:Generated_Source\PSoC4/cyfitter_cfg.c **** 	(void)CySysClkWcoSetPowerMode(CY_SYS_CLK_WCO_LPM);    /* Switch to the low power mode */
 182:Generated_Source\PSoC4/cyfitter_cfg.c **** 
 183:Generated_Source\PSoC4/cyfitter_cfg.c **** 	/* Setup and trim IMO based on desired frequency. */
 184:Generated_Source\PSoC4/cyfitter_cfg.c **** 	CySysClkWriteImoFreq(48u);
 185:Generated_Source\PSoC4/cyfitter_cfg.c **** 	/* CYDEV_CLK_ILO_CONFIG Starting address: CYDEV_CLK_ILO_CONFIG */
 186:Generated_Source\PSoC4/cyfitter_cfg.c **** 	CY_SET_REG32((void *)(CYREG_CLK_ILO_CONFIG), 0x80000006u);
 187:Generated_Source\PSoC4/cyfitter_cfg.c **** 
 188:Generated_Source\PSoC4/cyfitter_cfg.c **** 	/* CYDEV_WDT_CONFIG Starting address: CYDEV_WDT_CONFIG */
 189:Generated_Source\PSoC4/cyfitter_cfg.c **** 	CY_SET_REG32((void *)(CYREG_WDT_CONFIG), 0x40000000u);
 190:Generated_Source\PSoC4/cyfitter_cfg.c **** 
 191:Generated_Source\PSoC4/cyfitter_cfg.c **** 
 192:Generated_Source\PSoC4/cyfitter_cfg.c **** 	/* Enable fast start mode for XO */
 193:Generated_Source\PSoC4/cyfitter_cfg.c **** 	CY_SET_REG32((void*)CYREG_BLE_BLERD_BB_XO, CY_GET_REG32((void*)CYREG_BLE_BLERD_BB_XO) | (uint32)0x
 194:Generated_Source\PSoC4/cyfitter_cfg.c **** 	CY_SET_REG32((void *)(CYREG_BLE_BLERD_BB_XO_CAPTRIM), 0x00003E2Du);
 195:Generated_Source\PSoC4/cyfitter_cfg.c **** 	/*Set XTAL(ECO) divider*/
 196:Generated_Source\PSoC4/cyfitter_cfg.c **** 	CY_SET_REG32((void *)(CYREG_BLE_BLESS_XTAL_CLK_DIV_CONFIG), 0x00000000u);
 197:Generated_Source\PSoC4/cyfitter_cfg.c **** 	/* Disable Crystal Stable Interrupt before enabling ECO */
 198:Generated_Source\PSoC4/cyfitter_cfg.c **** 	CY_SET_REG32((void*)CYREG_BLE_BLESS_LL_DSM_CTRL, CY_GET_REG32((void*)CYREG_BLE_BLESS_LL_DSM_CTRL) 
 199:Generated_Source\PSoC4/cyfitter_cfg.c **** 	/* Start the ECO and do not check status since it is not needed for HFCLK */
 200:Generated_Source\PSoC4/cyfitter_cfg.c **** 	(void)CySysClkEcoStart(2000u);
 201:Generated_Source\PSoC4/cyfitter_cfg.c **** 	CyDelayUs(1500u); /* Wait to stabilize */
 202:Generated_Source\PSoC4/cyfitter_cfg.c **** 
ARM GAS  C:\Users\ADMINI~1\AppData\Local\Temp\cc9JmNd2.s 			page 5


 203:Generated_Source\PSoC4/cyfitter_cfg.c **** 	/* Setup phase aligned clocks */
 204:Generated_Source\PSoC4/cyfitter_cfg.c **** 
 205:Generated_Source\PSoC4/cyfitter_cfg.c **** 	/* CYDEV_CLK_IMO_CONFIG Starting address: CYDEV_CLK_IMO_CONFIG */
 206:Generated_Source\PSoC4/cyfitter_cfg.c **** 	CY_SET_REG32((void *)(CYREG_CLK_IMO_CONFIG), 0x80000000u);
 207:Generated_Source\PSoC4/cyfitter_cfg.c **** 
 208:Generated_Source\PSoC4/cyfitter_cfg.c **** 	/* CYDEV_CLK_SELECT Starting address: CYDEV_CLK_SELECT */
 209:Generated_Source\PSoC4/cyfitter_cfg.c **** 	CY_SET_REG32((void *)(CYREG_CLK_SELECT), 0x00040000u);
 210:Generated_Source\PSoC4/cyfitter_cfg.c **** 
 211:Generated_Source\PSoC4/cyfitter_cfg.c **** 	CY_SET_REG32((void *)(CYREG_WDT_CONFIG), 0x40000000u);
 212:Generated_Source\PSoC4/cyfitter_cfg.c **** }
 213:Generated_Source\PSoC4/cyfitter_cfg.c **** 
 214:Generated_Source\PSoC4/cyfitter_cfg.c **** 
 215:Generated_Source\PSoC4/cyfitter_cfg.c **** /* Analog API Functions */
 216:Generated_Source\PSoC4/cyfitter_cfg.c **** 
 217:Generated_Source\PSoC4/cyfitter_cfg.c **** 
 218:Generated_Source\PSoC4/cyfitter_cfg.c **** /*******************************************************************************
 219:Generated_Source\PSoC4/cyfitter_cfg.c **** * Function Name: AnalogSetDefault
 220:Generated_Source\PSoC4/cyfitter_cfg.c **** ********************************************************************************
 221:Generated_Source\PSoC4/cyfitter_cfg.c **** *
 222:Generated_Source\PSoC4/cyfitter_cfg.c **** * Summary:
 223:Generated_Source\PSoC4/cyfitter_cfg.c **** *  Sets up the analog portions of the chip to default values based on chip
 224:Generated_Source\PSoC4/cyfitter_cfg.c **** *  configuration options from the project.
 225:Generated_Source\PSoC4/cyfitter_cfg.c **** *
 226:Generated_Source\PSoC4/cyfitter_cfg.c **** * Parameters:
 227:Generated_Source\PSoC4/cyfitter_cfg.c **** *  void
 228:Generated_Source\PSoC4/cyfitter_cfg.c **** *
 229:Generated_Source\PSoC4/cyfitter_cfg.c **** * Return:
 230:Generated_Source\PSoC4/cyfitter_cfg.c **** *  void
 231:Generated_Source\PSoC4/cyfitter_cfg.c **** *
 232:Generated_Source\PSoC4/cyfitter_cfg.c **** *******************************************************************************/
 233:Generated_Source\PSoC4/cyfitter_cfg.c **** static void AnalogSetDefault(void);
 234:Generated_Source\PSoC4/cyfitter_cfg.c **** static void AnalogSetDefault(void)
 235:Generated_Source\PSoC4/cyfitter_cfg.c **** {
  27              		.loc 1 235 0
  28              		.cfi_startproc
  29              		@ args = 0, pretend = 0, frame = 0
  30              		@ frame_needed = 0, uses_anonymous_args = 0
  31              		@ link register save eliminated.
 236:Generated_Source\PSoC4/cyfitter_cfg.c **** 	CY_SET_XTND_REG32((void CYFAR *)CYREG_CTBM0_DFT_CTRL, 0x00000003u);
  32              		.loc 1 236 0
  33 0000 0323     		movs	r3, #3
  34 0002 044A     		ldr	r2, .L2
  35 0004 1360     		str	r3, [r2]
 237:Generated_Source\PSoC4/cyfitter_cfg.c **** 	CY_SET_XTND_REG32((void CYFAR *)CYREG_CTBM1_DFT_CTRL, 0x00000003u);
  36              		.loc 1 237 0
  37 0006 044A     		ldr	r2, .L2+4
  38 0008 1360     		str	r3, [r2]
 238:Generated_Source\PSoC4/cyfitter_cfg.c **** 	CY_SET_XTND_REG32((void CYFAR *)CYREG_PASS_DSAB_DSAB_CTRL, 0x00000000u);
  39              		.loc 1 238 0
  40 000a 0022     		movs	r2, #0
  41 000c 034B     		ldr	r3, .L2+8
  42 000e 1A60     		str	r2, [r3]
 239:Generated_Source\PSoC4/cyfitter_cfg.c **** }
  43              		.loc 1 239 0
  44              		@ sp needed
  45 0010 7047     		bx	lr
  46              	.L3:
ARM GAS  C:\Users\ADMINI~1\AppData\Local\Temp\cc9JmNd2.s 			page 6


  47 0012 C046     		.align	2
  48              	.L2:
  49 0014 30003040 		.word	1076887600
  50 0018 30003140 		.word	1076953136
  51 001c 000E3F40 		.word	1077874176
  52              		.cfi_endproc
  53              	.LFE6:
  54              		.size	AnalogSetDefault, .-AnalogSetDefault
  55              		.section	.text.CYMEMZERO,"ax",%progbits
  56              		.align	2
  57              		.code	16
  58              		.thumb_func
  59              		.type	CYMEMZERO, %function
  60              	CYMEMZERO:
  61              	.LFB2:
  76:Generated_Source\PSoC4/cyfitter_cfg.c **** 	(void)memset(s, 0, n);
  62              		.loc 1 76 0
  63              		.cfi_startproc
  64              		@ args = 0, pretend = 0, frame = 0
  65              		@ frame_needed = 0, uses_anonymous_args = 0
  66              	.LVL0:
  67 0000 10B5     		push	{r4, lr}
  68              		.cfi_def_cfa_offset 8
  69              		.cfi_offset 4, -8
  70              		.cfi_offset 14, -4
  71 0002 0A00     		movs	r2, r1
  77:Generated_Source\PSoC4/cyfitter_cfg.c **** }
  72              		.loc 1 77 0
  73 0004 0021     		movs	r1, #0
  74              	.LVL1:
  75 0006 FFF7FEFF 		bl	memset
  76              	.LVL2:
  78:Generated_Source\PSoC4/cyfitter_cfg.c **** CY_CFG_UNUSED
  77              		.loc 1 78 0
  78              		@ sp needed
  79 000a 10BD     		pop	{r4, pc}
  80              		.cfi_endproc
  81              	.LFE2:
  82              		.size	CYMEMZERO, .-CYMEMZERO
  83              		.section	.psocinit,"ax",%progbits
  84              		.align	2
  85              		.code	16
  86              		.thumb_func
  87              		.type	ClockSetup, %function
  88              	ClockSetup:
  89              	.LFB5:
 173:Generated_Source\PSoC4/cyfitter_cfg.c **** 
  90              		.loc 1 173 0
  91              		.cfi_startproc
  92              		@ args = 0, pretend = 0, frame = 0
  93              		@ frame_needed = 0, uses_anonymous_args = 0
  94 0000 70B5     		push	{r4, r5, r6, lr}
  95              		.cfi_def_cfa_offset 16
  96              		.cfi_offset 4, -16
  97              		.cfi_offset 5, -12
  98              		.cfi_offset 6, -8
  99              		.cfi_offset 14, -4
ARM GAS  C:\Users\ADMINI~1\AppData\Local\Temp\cc9JmNd2.s 			page 7


 176:Generated_Source\PSoC4/cyfitter_cfg.c **** 
 100              		.loc 1 176 0
 101 0002 1222     		movs	r2, #18
 102 0004 1A4B     		ldr	r3, .L6
 103 0006 1A60     		str	r2, [r3]
 179:Generated_Source\PSoC4/cyfitter_cfg.c **** 	CyDelayCycles(12000000u); /* WCO may take up to 500ms to start */
 104              		.loc 1 179 0
 105 0008 FFF7FEFF 		bl	CySysClkWcoStart
 106              	.LVL3:
 180:Generated_Source\PSoC4/cyfitter_cfg.c **** 	(void)CySysClkWcoSetPowerMode(CY_SYS_CLK_WCO_LPM);    /* Switch to the low power mode */
 107              		.loc 1 180 0
 108 000c 1948     		ldr	r0, .L6+4
 109 000e FFF7FEFF 		bl	CyDelayCycles
 110              	.LVL4:
 181:Generated_Source\PSoC4/cyfitter_cfg.c **** 
 111              		.loc 1 181 0
 112 0012 0120     		movs	r0, #1
 113 0014 FFF7FEFF 		bl	CySysClkWcoSetPowerMode
 114              	.LVL5:
 184:Generated_Source\PSoC4/cyfitter_cfg.c **** 	/* CYDEV_CLK_ILO_CONFIG Starting address: CYDEV_CLK_ILO_CONFIG */
 115              		.loc 1 184 0
 116 0018 3020     		movs	r0, #48
 117 001a FFF7FEFF 		bl	CySysClkWriteImoFreq
 118              	.LVL6:
 186:Generated_Source\PSoC4/cyfitter_cfg.c **** 
 119              		.loc 1 186 0
 120 001e 164A     		ldr	r2, .L6+8
 121 0020 164B     		ldr	r3, .L6+12
 122 0022 1A60     		str	r2, [r3]
 189:Generated_Source\PSoC4/cyfitter_cfg.c **** 
 123              		.loc 1 189 0
 124 0024 164C     		ldr	r4, .L6+16
 125 0026 8025     		movs	r5, #128
 126 0028 ED05     		lsls	r5, r5, #23
 127 002a 2560     		str	r5, [r4]
 193:Generated_Source\PSoC4/cyfitter_cfg.c **** 	CY_SET_REG32((void *)(CYREG_BLE_BLERD_BB_XO_CAPTRIM), 0x00003E2Du);
 128              		.loc 1 193 0
 129 002c 154A     		ldr	r2, .L6+20
 130 002e 1168     		ldr	r1, [r2]
 131 0030 0223     		movs	r3, #2
 132 0032 0B43     		orrs	r3, r1
 133 0034 1360     		str	r3, [r2]
 194:Generated_Source\PSoC4/cyfitter_cfg.c **** 	/*Set XTAL(ECO) divider*/
 134              		.loc 1 194 0
 135 0036 144A     		ldr	r2, .L6+24
 136 0038 144B     		ldr	r3, .L6+28
 137 003a 1A60     		str	r2, [r3]
 196:Generated_Source\PSoC4/cyfitter_cfg.c **** 	/* Disable Crystal Stable Interrupt before enabling ECO */
 138              		.loc 1 196 0
 139 003c 0022     		movs	r2, #0
 140 003e 144B     		ldr	r3, .L6+32
 141 0040 1A60     		str	r2, [r3]
 198:Generated_Source\PSoC4/cyfitter_cfg.c **** 	/* Start the ECO and do not check status since it is not needed for HFCLK */
 142              		.loc 1 198 0
 143 0042 144A     		ldr	r2, .L6+36
 144 0044 1368     		ldr	r3, [r2]
 145 0046 0821     		movs	r1, #8
ARM GAS  C:\Users\ADMINI~1\AppData\Local\Temp\cc9JmNd2.s 			page 8


 146 0048 8B43     		bics	r3, r1
 147 004a 1360     		str	r3, [r2]
 200:Generated_Source\PSoC4/cyfitter_cfg.c **** 	CyDelayUs(1500u); /* Wait to stabilize */
 148              		.loc 1 200 0
 149 004c FA20     		movs	r0, #250
 150 004e C000     		lsls	r0, r0, #3
 151 0050 FFF7FEFF 		bl	CySysClkEcoStart
 152              	.LVL7:
 201:Generated_Source\PSoC4/cyfitter_cfg.c **** 
 153              		.loc 1 201 0
 154 0054 1048     		ldr	r0, .L6+40
 155 0056 FFF7FEFF 		bl	CyDelayUs
 156              	.LVL8:
 206:Generated_Source\PSoC4/cyfitter_cfg.c **** 
 157              		.loc 1 206 0
 158 005a 8022     		movs	r2, #128
 159 005c 1206     		lsls	r2, r2, #24
 160 005e 0F4B     		ldr	r3, .L6+44
 161 0060 1A60     		str	r2, [r3]
 209:Generated_Source\PSoC4/cyfitter_cfg.c **** 
 162              		.loc 1 209 0
 163 0062 8022     		movs	r2, #128
 164 0064 D202     		lsls	r2, r2, #11
 165 0066 0E4B     		ldr	r3, .L6+48
 166 0068 1A60     		str	r2, [r3]
 211:Generated_Source\PSoC4/cyfitter_cfg.c **** }
 167              		.loc 1 211 0
 168 006a 2560     		str	r5, [r4]
 212:Generated_Source\PSoC4/cyfitter_cfg.c **** 
 169              		.loc 1 212 0
 170              		@ sp needed
 171 006c 70BD     		pop	{r4, r5, r6, pc}
 172              	.L7:
 173 006e C046     		.align	2
 174              	.L6:
 175 0070 30001040 		.word	1074790448
 176 0074 001BB700 		.word	12000000
 177 0078 06000080 		.word	-2147483642
 178 007c 04010B40 		.word	1074462980
 179 0080 0C020B40 		.word	1074463244
 180 0084 78002E40 		.word	1076756600
 181 0088 2D3E0000 		.word	15917
 182 008c 7C002E40 		.word	1076756604
 183 0090 64F02E40 		.word	1076818020
 184 0094 6CF02E40 		.word	1076818028
 185 0098 DC050000 		.word	1500
 186 009c 08010B40 		.word	1074462984
 187 00a0 00010B40 		.word	1074462976
 188              		.cfi_endproc
 189              	.LFE5:
 190              		.size	ClockSetup, .-ClockSetup
 191              		.align	2
 192              		.global	cyfitter_cfg
 193              		.code	16
 194              		.thumb_func
 195              		.type	cyfitter_cfg, %function
 196              	cyfitter_cfg:
ARM GAS  C:\Users\ADMINI~1\AppData\Local\Temp\cc9JmNd2.s 			page 9


 197              	.LFB7:
 240:Generated_Source\PSoC4/cyfitter_cfg.c **** 
 241:Generated_Source\PSoC4/cyfitter_cfg.c **** 
 242:Generated_Source\PSoC4/cyfitter_cfg.c **** 
 243:Generated_Source\PSoC4/cyfitter_cfg.c **** 
 244:Generated_Source\PSoC4/cyfitter_cfg.c **** /*******************************************************************************
 245:Generated_Source\PSoC4/cyfitter_cfg.c **** * Function Name: cyfitter_cfg
 246:Generated_Source\PSoC4/cyfitter_cfg.c **** ********************************************************************************
 247:Generated_Source\PSoC4/cyfitter_cfg.c **** * Summary:
 248:Generated_Source\PSoC4/cyfitter_cfg.c **** *  This function is called by the start-up code for the selected device. It
 249:Generated_Source\PSoC4/cyfitter_cfg.c **** *  performs all of the necessary device configuration based on the design
 250:Generated_Source\PSoC4/cyfitter_cfg.c **** *  settings.  This includes settings from the Design Wide Resources (DWR) such
 251:Generated_Source\PSoC4/cyfitter_cfg.c **** *  as Clocks and Pins as well as any component configuration that is necessary.
 252:Generated_Source\PSoC4/cyfitter_cfg.c **** *
 253:Generated_Source\PSoC4/cyfitter_cfg.c **** * Parameters:
 254:Generated_Source\PSoC4/cyfitter_cfg.c **** *   void
 255:Generated_Source\PSoC4/cyfitter_cfg.c **** *
 256:Generated_Source\PSoC4/cyfitter_cfg.c **** * Return:
 257:Generated_Source\PSoC4/cyfitter_cfg.c **** *   void
 258:Generated_Source\PSoC4/cyfitter_cfg.c **** *
 259:Generated_Source\PSoC4/cyfitter_cfg.c **** *******************************************************************************/
 260:Generated_Source\PSoC4/cyfitter_cfg.c **** CY_CFG_SECTION
 261:Generated_Source\PSoC4/cyfitter_cfg.c **** void cyfitter_cfg(void)
 262:Generated_Source\PSoC4/cyfitter_cfg.c **** {
 198              		.loc 1 262 0
 199              		.cfi_startproc
 200              		@ args = 0, pretend = 0, frame = 0
 201              		@ frame_needed = 0, uses_anonymous_args = 0
 202 00a4 10B5     		push	{r4, lr}
 203              		.cfi_def_cfa_offset 8
 204              		.cfi_offset 4, -8
 205              		.cfi_offset 14, -4
 263:Generated_Source\PSoC4/cyfitter_cfg.c **** 	/* Disable interrupts by default. Let user enable if/when they want. */
 264:Generated_Source\PSoC4/cyfitter_cfg.c **** 	CyGlobalIntDisable;
 206              		.loc 1 264 0
 207              		.syntax divided
 208              	@ 264 "Generated_Source\PSoC4\cyfitter_cfg.c" 1
 209 00a6 72B6     		CPSID   i
 210              	@ 0 "" 2
 265:Generated_Source\PSoC4/cyfitter_cfg.c **** 
 266:Generated_Source\PSoC4/cyfitter_cfg.c **** 	CY_SET_REG32((void *)(CYREG_BLE_BLESS_LL_DSM_CTRL), 0x00000000u);
 211              		.loc 1 266 0
 212              		.thumb
 213              		.syntax unified
 214 00a8 0022     		movs	r2, #0
 215 00aa 184B     		ldr	r3, .L11
 216 00ac 1A60     		str	r2, [r3]
 217              	.LVL9:
 218              	.LBB2:
 267:Generated_Source\PSoC4/cyfitter_cfg.c **** 
 268:Generated_Source\PSoC4/cyfitter_cfg.c **** 	{
 269:Generated_Source\PSoC4/cyfitter_cfg.c **** 
 270:Generated_Source\PSoC4/cyfitter_cfg.c **** 		CYPACKED typedef struct {
 271:Generated_Source\PSoC4/cyfitter_cfg.c **** 			void CYFAR *address;
 272:Generated_Source\PSoC4/cyfitter_cfg.c **** 			uint16 size;
 273:Generated_Source\PSoC4/cyfitter_cfg.c **** 		} CYPACKED_ATTR cfg_memset_t;
 274:Generated_Source\PSoC4/cyfitter_cfg.c **** 
ARM GAS  C:\Users\ADMINI~1\AppData\Local\Temp\cc9JmNd2.s 			page 10


 275:Generated_Source\PSoC4/cyfitter_cfg.c **** 		static const cfg_memset_t CYCODE cfg_memset_list[] = {
 276:Generated_Source\PSoC4/cyfitter_cfg.c **** 			/* address, size */
 277:Generated_Source\PSoC4/cyfitter_cfg.c **** 			{(void CYFAR *)(CYDEV_UDB_P0_U0_BASE), 1024u},
 278:Generated_Source\PSoC4/cyfitter_cfg.c **** 			{(void CYFAR *)(CYDEV_UDB_DSI0_BASE), 1024u},
 279:Generated_Source\PSoC4/cyfitter_cfg.c **** 		};
 280:Generated_Source\PSoC4/cyfitter_cfg.c **** 
 281:Generated_Source\PSoC4/cyfitter_cfg.c **** 		uint8 CYDATA i;
 282:Generated_Source\PSoC4/cyfitter_cfg.c **** 
 283:Generated_Source\PSoC4/cyfitter_cfg.c **** 		/* Zero out critical memory blocks before beginning configuration */
 284:Generated_Source\PSoC4/cyfitter_cfg.c **** 		for (i = 0u; i < (sizeof(cfg_memset_list)/sizeof(cfg_memset_list[0])); i++)
 219              		.loc 1 284 0
 220 00ae 0024     		movs	r4, #0
 221 00b0 0FE0     		b	.L9
 222              	.LVL10:
 223              	.L10:
 224              	.LBB3:
 285:Generated_Source\PSoC4/cyfitter_cfg.c **** 		{
 286:Generated_Source\PSoC4/cyfitter_cfg.c **** 			const cfg_memset_t CYCODE * CYDATA ms = &cfg_memset_list[i];
 287:Generated_Source\PSoC4/cyfitter_cfg.c **** 			CYMEMZERO(ms->address, (size_t)(uint32)(ms->size));
 225              		.loc 1 287 0 discriminator 3
 226 00b2 1748     		ldr	r0, .L11+4
 227 00b4 6200     		lsls	r2, r4, #1
 228 00b6 1319     		adds	r3, r2, r4
 229 00b8 5900     		lsls	r1, r3, #1
 230 00ba 0B00     		movs	r3, r1
 231 00bc 4118     		adds	r1, r0, r1
 232 00be 8988     		ldrh	r1, [r1, #4]
 233 00c0 1A5A     		ldrh	r2, [r3, r0]
 234 00c2 C318     		adds	r3, r0, r3
 235 00c4 5888     		ldrh	r0, [r3, #2]
 236 00c6 0004     		lsls	r0, r0, #16
 237 00c8 1043     		orrs	r0, r2
 238 00ca FFF7FEFF 		bl	CYMEMZERO
 239              	.LVL11:
 240              	.LBE3:
 284:Generated_Source\PSoC4/cyfitter_cfg.c **** 		{
 241              		.loc 1 284 0 discriminator 3
 242 00ce 0134     		adds	r4, r4, #1
 243              	.LVL12:
 244 00d0 E4B2     		uxtb	r4, r4
 245              	.LVL13:
 246              	.L9:
 284:Generated_Source\PSoC4/cyfitter_cfg.c **** 		{
 247              		.loc 1 284 0 is_stmt 0 discriminator 1
 248 00d2 012C     		cmp	r4, #1
 249 00d4 EDD9     		bls	.L10
 288:Generated_Source\PSoC4/cyfitter_cfg.c **** 		}
 289:Generated_Source\PSoC4/cyfitter_cfg.c **** 
 290:Generated_Source\PSoC4/cyfitter_cfg.c **** 		/* FORCED_HSIOM Starting address: CYDEV_HSIOM_PORT_SEL0 */
 291:Generated_Source\PSoC4/cyfitter_cfg.c **** 		CY_SET_REG32((void *)(CYREG_HSIOM_PORT_SEL0), 0x00000000u);
 250              		.loc 1 291 0 is_stmt 1
 251 00d6 0023     		movs	r3, #0
 252 00d8 0E4A     		ldr	r2, .L11+8
 253 00da 1360     		str	r3, [r2]
 292:Generated_Source\PSoC4/cyfitter_cfg.c **** 
 293:Generated_Source\PSoC4/cyfitter_cfg.c **** 		/* IOPINS0_0 Starting address: CYDEV_GPIO_PRT0_PC */
 294:Generated_Source\PSoC4/cyfitter_cfg.c **** 		CY_SET_REG32((void *)(CYREG_GPIO_PRT0_PC), 0x00000000u);
ARM GAS  C:\Users\ADMINI~1\AppData\Local\Temp\cc9JmNd2.s 			page 11


 254              		.loc 1 294 0
 255 00dc 0E4A     		ldr	r2, .L11+12
 256 00de 1360     		str	r3, [r2]
 295:Generated_Source\PSoC4/cyfitter_cfg.c **** 
 296:Generated_Source\PSoC4/cyfitter_cfg.c **** 		/* UDB_PA_1 Starting address: CYDEV_UDB_PA1_BASE */
 297:Generated_Source\PSoC4/cyfitter_cfg.c **** 		CY_SET_REG32((void *)(CYDEV_UDB_PA1_BASE), 0x00990000u);
 257              		.loc 1 297 0
 258 00e0 9922     		movs	r2, #153
 259 00e2 1204     		lsls	r2, r2, #16
 260 00e4 0D4B     		ldr	r3, .L11+16
 261 00e6 1A60     		str	r2, [r3]
 298:Generated_Source\PSoC4/cyfitter_cfg.c **** 
 299:Generated_Source\PSoC4/cyfitter_cfg.c **** 		/* Enable digital routing */
 300:Generated_Source\PSoC4/cyfitter_cfg.c **** 		CY_SET_XTND_REG8((void *)CYREG_UDB_UDBIF_BANK_CTL, (uint8)(CY_GET_XTND_REG8((void *)CYREG_UDB_UDB
 262              		.loc 1 300 0
 263 00e8 0D4A     		ldr	r2, .L11+20
 264 00ea 1178     		ldrb	r1, [r2]
 265 00ec 0623     		movs	r3, #6
 266 00ee 0B43     		orrs	r3, r1
 267 00f0 DBB2     		uxtb	r3, r3
 268 00f2 1370     		strb	r3, [r2]
 269              	.LBE2:
 301:Generated_Source\PSoC4/cyfitter_cfg.c **** 	}
 302:Generated_Source\PSoC4/cyfitter_cfg.c **** 
 303:Generated_Source\PSoC4/cyfitter_cfg.c **** 	/* Perform second pass device configuration. These items must be configured in specific order afte
 304:Generated_Source\PSoC4/cyfitter_cfg.c **** 	/* IOPINS0_1 Starting address: CYDEV_GPIO_PRT1_BASE */
 305:Generated_Source\PSoC4/cyfitter_cfg.c **** 	CY_SET_REG32((void *)(CYDEV_GPIO_PRT1_BASE), 0x00000001u);
 270              		.loc 1 305 0
 271 00f4 0122     		movs	r2, #1
 272 00f6 0B4B     		ldr	r3, .L11+24
 273 00f8 1A60     		str	r2, [r3]
 306:Generated_Source\PSoC4/cyfitter_cfg.c **** 	CY_SET_REG32((void *)(CYREG_GPIO_PRT1_PC), 0x00000006u);
 274              		.loc 1 306 0
 275 00fa 0B4B     		ldr	r3, .L11+28
 276 00fc 0532     		adds	r2, r2, #5
 277 00fe 1A60     		str	r2, [r3]
 307:Generated_Source\PSoC4/cyfitter_cfg.c **** 
 308:Generated_Source\PSoC4/cyfitter_cfg.c **** 
 309:Generated_Source\PSoC4/cyfitter_cfg.c **** 	/* Setup clocks based on selections from Clock DWR */
 310:Generated_Source\PSoC4/cyfitter_cfg.c **** 	ClockSetup();
 278              		.loc 1 310 0
 279 0100 FFF77EFF 		bl	ClockSetup
 280              	.LVL14:
 311:Generated_Source\PSoC4/cyfitter_cfg.c **** 
 312:Generated_Source\PSoC4/cyfitter_cfg.c **** 	/* Perform basic analog initialization to defaults */
 313:Generated_Source\PSoC4/cyfitter_cfg.c **** 	AnalogSetDefault();
 281              		.loc 1 313 0
 282 0104 FFF7FEFF 		bl	AnalogSetDefault
 283              	.LVL15:
 314:Generated_Source\PSoC4/cyfitter_cfg.c **** 
 315:Generated_Source\PSoC4/cyfitter_cfg.c **** }
 284              		.loc 1 315 0
 285              		@ sp needed
 286              	.LVL16:
 287 0108 10BD     		pop	{r4, pc}
 288              	.L12:
 289 010a C046     		.align	2
ARM GAS  C:\Users\ADMINI~1\AppData\Local\Temp\cc9JmNd2.s 			page 12


 290              	.L11:
 291 010c 6CF02E40 		.word	1076818028
 292 0110 00000000 		.word	.LANCHOR0
 293 0114 00000240 		.word	1073872896
 294 0118 08000440 		.word	1074003976
 295 011c 10500F40 		.word	1074745360
 296 0120 00700F40 		.word	1074753536
 297 0124 00010440 		.word	1074004224
 298 0128 08010440 		.word	1074004232
 299              		.cfi_endproc
 300              	.LFE7:
 301              		.size	cyfitter_cfg, .-cyfitter_cfg
 302              		.section	.rodata
 303              		.align	2
 304              		.set	.LANCHOR0,. + 0
 305              		.type	cfg_memset_list.4884, %object
 306              		.size	cfg_memset_list.4884, 12
 307              	cfg_memset_list.4884:
 308 0000 00300F40 		.word	1074737152
 309 0004 0004     		.short	1024
 310 0006 00400F40 		.4byte	1074741248
 311 000a 0004     		.short	1024
 312              		.text
 313              	.Letext0:
 314              		.file 2 "d:\\program files (x86)\\cypress\\psoc creator\\4.1\\psoc creator\\import\\gnu\\arm\\5.4.
 315              		.file 3 "Generated_Source\\PSoC4\\cytypes.h"
 316              		.file 4 "Generated_Source\\PSoC4\\CyLFClk.h"
 317              		.file 5 "Generated_Source\\PSoC4\\CyLib.h"
 318              		.section	.debug_info,"",%progbits
 319              	.Ldebug_info0:
 320 0000 ED020000 		.4byte	0x2ed
 321 0004 0400     		.2byte	0x4
 322 0006 00000000 		.4byte	.Ldebug_abbrev0
 323 000a 04       		.byte	0x4
 324 000b 01       		.uleb128 0x1
 325 000c 72010000 		.4byte	.LASF32
 326 0010 0C       		.byte	0xc
 327 0011 84020000 		.4byte	.LASF33
 328 0015 60000000 		.4byte	.LASF34
 329 0019 00000000 		.4byte	.Ldebug_ranges0+0
 330 001d 00000000 		.4byte	0
 331 0021 00000000 		.4byte	.Ldebug_line0
 332 0025 02       		.uleb128 0x2
 333 0026 04       		.byte	0x4
 334 0027 05       		.byte	0x5
 335 0028 696E7400 		.ascii	"int\000"
 336 002c 03       		.uleb128 0x3
 337 002d 14000000 		.4byte	.LASF12
 338 0031 02       		.byte	0x2
 339 0032 D8       		.byte	0xd8
 340 0033 37000000 		.4byte	0x37
 341 0037 04       		.uleb128 0x4
 342 0038 04       		.byte	0x4
 343 0039 07       		.byte	0x7
 344 003a 46010000 		.4byte	.LASF0
 345 003e 04       		.uleb128 0x4
 346 003f 08       		.byte	0x8
ARM GAS  C:\Users\ADMINI~1\AppData\Local\Temp\cc9JmNd2.s 			page 13


 347 0040 05       		.byte	0x5
 348 0041 16020000 		.4byte	.LASF1
 349 0045 04       		.uleb128 0x4
 350 0046 08       		.byte	0x8
 351 0047 04       		.byte	0x4
 352 0048 6C020000 		.4byte	.LASF2
 353 004c 04       		.uleb128 0x4
 354 004d 01       		.byte	0x1
 355 004e 06       		.byte	0x6
 356 004f 78020000 		.4byte	.LASF3
 357 0053 04       		.uleb128 0x4
 358 0054 01       		.byte	0x1
 359 0055 08       		.byte	0x8
 360 0056 0F010000 		.4byte	.LASF4
 361 005a 04       		.uleb128 0x4
 362 005b 02       		.byte	0x2
 363 005c 05       		.byte	0x5
 364 005d 44020000 		.4byte	.LASF5
 365 0061 04       		.uleb128 0x4
 366 0062 02       		.byte	0x2
 367 0063 07       		.byte	0x7
 368 0064 47000000 		.4byte	.LASF6
 369 0068 04       		.uleb128 0x4
 370 0069 04       		.byte	0x4
 371 006a 05       		.byte	0x5
 372 006b 63020000 		.4byte	.LASF7
 373 006f 04       		.uleb128 0x4
 374 0070 04       		.byte	0x4
 375 0071 07       		.byte	0x7
 376 0072 DC000000 		.4byte	.LASF8
 377 0076 04       		.uleb128 0x4
 378 0077 08       		.byte	0x8
 379 0078 07       		.byte	0x7
 380 0079 5B010000 		.4byte	.LASF9
 381 007d 04       		.uleb128 0x4
 382 007e 04       		.byte	0x4
 383 007f 07       		.byte	0x7
 384 0080 0D020000 		.4byte	.LASF10
 385 0084 05       		.uleb128 0x5
 386 0085 04       		.byte	0x4
 387 0086 04       		.uleb128 0x4
 388 0087 01       		.byte	0x1
 389 0088 08       		.byte	0x8
 390 0089 2E020000 		.4byte	.LASF11
 391 008d 06       		.uleb128 0x6
 392 008e EE000000 		.4byte	.LASF13
 393 0092 03       		.byte	0x3
 394 0093 D201     		.2byte	0x1d2
 395 0095 53000000 		.4byte	0x53
 396 0099 06       		.uleb128 0x6
 397 009a 38010000 		.4byte	.LASF14
 398 009e 03       		.byte	0x3
 399 009f D301     		.2byte	0x1d3
 400 00a1 61000000 		.4byte	0x61
 401 00a5 06       		.uleb128 0x6
 402 00a6 3F010000 		.4byte	.LASF15
 403 00aa 03       		.byte	0x3
ARM GAS  C:\Users\ADMINI~1\AppData\Local\Temp\cc9JmNd2.s 			page 14


 404 00ab D401     		.2byte	0x1d4
 405 00ad 6F000000 		.4byte	0x6f
 406 00b1 04       		.uleb128 0x4
 407 00b2 04       		.byte	0x4
 408 00b3 04       		.byte	0x4
 409 00b4 5A000000 		.4byte	.LASF16
 410 00b8 04       		.uleb128 0x4
 411 00b9 08       		.byte	0x8
 412 00ba 04       		.byte	0x4
 413 00bb 24010000 		.4byte	.LASF17
 414 00bf 06       		.uleb128 0x6
 415 00c0 D7000000 		.4byte	.LASF18
 416 00c4 03       		.byte	0x3
 417 00c5 7C02     		.2byte	0x27c
 418 00c7 CB000000 		.4byte	0xcb
 419 00cb 07       		.uleb128 0x7
 420 00cc 8D000000 		.4byte	0x8d
 421 00d0 06       		.uleb128 0x6
 422 00d1 0E000000 		.4byte	.LASF19
 423 00d5 03       		.byte	0x3
 424 00d6 7E02     		.2byte	0x27e
 425 00d8 DC000000 		.4byte	0xdc
 426 00dc 07       		.uleb128 0x7
 427 00dd A5000000 		.4byte	0xa5
 428 00e1 08       		.uleb128 0x8
 429 00e2 1B000000 		.4byte	.LASF35
 430 00e6 01       		.byte	0x1
 431 00e7 EA       		.byte	0xea
 432 00e8 00000000 		.4byte	.LFB6
 433 00ec 20000000 		.4byte	.LFE6-.LFB6
 434 00f0 01       		.uleb128 0x1
 435 00f1 9C       		.byte	0x9c
 436 00f2 09       		.uleb128 0x9
 437 00f3 05010000 		.4byte	.LASF20
 438 00f7 01       		.byte	0x1
 439 00f8 4B       		.byte	0x4b
 440 00f9 00000000 		.4byte	.LFB2
 441 00fd 0C000000 		.4byte	.LFE2-.LFB2
 442 0101 01       		.uleb128 0x1
 443 0102 9C       		.byte	0x9c
 444 0103 3F010000 		.4byte	0x13f
 445 0107 0A       		.uleb128 0xa
 446 0108 7300     		.ascii	"s\000"
 447 010a 01       		.byte	0x1
 448 010b 4B       		.byte	0x4b
 449 010c 84000000 		.4byte	0x84
 450 0110 00000000 		.4byte	.LLST0
 451 0114 0A       		.uleb128 0xa
 452 0115 6E00     		.ascii	"n\000"
 453 0117 01       		.byte	0x1
 454 0118 4B       		.byte	0x4b
 455 0119 2C000000 		.4byte	0x2c
 456 011d 21000000 		.4byte	.LLST1
 457 0121 0B       		.uleb128 0xb
 458 0122 0A000000 		.4byte	.LVL2
 459 0126 A5020000 		.4byte	0x2a5
 460 012a 0C       		.uleb128 0xc
ARM GAS  C:\Users\ADMINI~1\AppData\Local\Temp\cc9JmNd2.s 			page 15


 461 012b 01       		.uleb128 0x1
 462 012c 50       		.byte	0x50
 463 012d 03       		.uleb128 0x3
 464 012e F3       		.byte	0xf3
 465 012f 01       		.uleb128 0x1
 466 0130 50       		.byte	0x50
 467 0131 0C       		.uleb128 0xc
 468 0132 01       		.uleb128 0x1
 469 0133 51       		.byte	0x51
 470 0134 01       		.uleb128 0x1
 471 0135 30       		.byte	0x30
 472 0136 0C       		.uleb128 0xc
 473 0137 01       		.uleb128 0x1
 474 0138 52       		.byte	0x52
 475 0139 03       		.uleb128 0x3
 476 013a F3       		.byte	0xf3
 477 013b 01       		.uleb128 0x1
 478 013c 51       		.byte	0x51
 479 013d 00       		.byte	0
 480 013e 00       		.byte	0
 481 013f 09       		.uleb128 0x9
 482 0140 3C000000 		.4byte	.LASF21
 483 0144 01       		.byte	0x1
 484 0145 AC       		.byte	0xac
 485 0146 00000000 		.4byte	.LFB5
 486 014a A4000000 		.4byte	.LFE5-.LFB5
 487 014e 01       		.uleb128 0x1
 488 014f 9C       		.byte	0x9c
 489 0150 C2010000 		.4byte	0x1c2
 490 0154 0D       		.uleb128 0xd
 491 0155 0C000000 		.4byte	.LVL3
 492 0159 AE020000 		.4byte	0x2ae
 493 015d 0E       		.uleb128 0xe
 494 015e 12000000 		.4byte	.LVL4
 495 0162 B9020000 		.4byte	0x2b9
 496 0166 74010000 		.4byte	0x174
 497 016a 0C       		.uleb128 0xc
 498 016b 01       		.uleb128 0x1
 499 016c 50       		.byte	0x50
 500 016d 05       		.uleb128 0x5
 501 016e 0C       		.byte	0xc
 502 016f 001BB700 		.4byte	0xb71b00
 503 0173 00       		.byte	0
 504 0174 0E       		.uleb128 0xe
 505 0175 18000000 		.4byte	.LVL5
 506 0179 C4020000 		.4byte	0x2c4
 507 017d 87010000 		.4byte	0x187
 508 0181 0C       		.uleb128 0xc
 509 0182 01       		.uleb128 0x1
 510 0183 50       		.byte	0x50
 511 0184 01       		.uleb128 0x1
 512 0185 31       		.byte	0x31
 513 0186 00       		.byte	0
 514 0187 0E       		.uleb128 0xe
 515 0188 1E000000 		.4byte	.LVL6
 516 018c CF020000 		.4byte	0x2cf
 517 0190 9B010000 		.4byte	0x19b
ARM GAS  C:\Users\ADMINI~1\AppData\Local\Temp\cc9JmNd2.s 			page 16


 518 0194 0C       		.uleb128 0xc
 519 0195 01       		.uleb128 0x1
 520 0196 50       		.byte	0x50
 521 0197 02       		.uleb128 0x2
 522 0198 08       		.byte	0x8
 523 0199 30       		.byte	0x30
 524 019a 00       		.byte	0
 525 019b 0E       		.uleb128 0xe
 526 019c 54000000 		.4byte	.LVL7
 527 01a0 DA020000 		.4byte	0x2da
 528 01a4 B0010000 		.4byte	0x1b0
 529 01a8 0C       		.uleb128 0xc
 530 01a9 01       		.uleb128 0x1
 531 01aa 50       		.byte	0x50
 532 01ab 03       		.uleb128 0x3
 533 01ac 0A       		.byte	0xa
 534 01ad D007     		.2byte	0x7d0
 535 01af 00       		.byte	0
 536 01b0 0B       		.uleb128 0xb
 537 01b1 5A000000 		.4byte	.LVL8
 538 01b5 E5020000 		.4byte	0x2e5
 539 01b9 0C       		.uleb128 0xc
 540 01ba 01       		.uleb128 0x1
 541 01bb 50       		.byte	0x50
 542 01bc 03       		.uleb128 0x3
 543 01bd 0A       		.byte	0xa
 544 01be DC05     		.2byte	0x5dc
 545 01c0 00       		.byte	0
 546 01c1 00       		.byte	0
 547 01c2 0F       		.uleb128 0xf
 548 01c3 2B010000 		.4byte	.LASF36
 549 01c7 01       		.byte	0x1
 550 01c8 0501     		.2byte	0x105
 551 01ca A4000000 		.4byte	.LFB7
 552 01ce 88000000 		.4byte	.LFE7-.LFB7
 553 01d2 01       		.uleb128 0x1
 554 01d3 9C       		.byte	0x9c
 555 01d4 A5020000 		.4byte	0x2a5
 556 01d8 10       		.uleb128 0x10
 557 01d9 AE000000 		.4byte	.LBB2
 558 01dd 46000000 		.4byte	.LBE2-.LBB2
 559 01e1 92020000 		.4byte	0x292
 560 01e5 11       		.uleb128 0x11
 561 01e6 06       		.byte	0x6
 562 01e7 01       		.byte	0x1
 563 01e8 0E01     		.2byte	0x10e
 564 01ea 09020000 		.4byte	0x209
 565 01ee 12       		.uleb128 0x12
 566 01ef 53010000 		.4byte	.LASF22
 567 01f3 01       		.byte	0x1
 568 01f4 0F01     		.2byte	0x10f
 569 01f6 84000000 		.4byte	0x84
 570 01fa 00       		.byte	0
 571 01fb 12       		.uleb128 0x12
 572 01fc BA000000 		.4byte	.LASF23
 573 0200 01       		.byte	0x1
 574 0201 1001     		.2byte	0x110
ARM GAS  C:\Users\ADMINI~1\AppData\Local\Temp\cc9JmNd2.s 			page 17


 575 0203 99000000 		.4byte	0x99
 576 0207 04       		.byte	0x4
 577 0208 00       		.byte	0
 578 0209 06       		.uleb128 0x6
 579 020a 00020000 		.4byte	.LASF24
 580 020e 01       		.byte	0x1
 581 020f 1101     		.2byte	0x111
 582 0211 E5010000 		.4byte	0x1e5
 583 0215 13       		.uleb128 0x13
 584 0216 25020000 		.4byte	0x225
 585 021a 25020000 		.4byte	0x225
 586 021e 14       		.uleb128 0x14
 587 021f 7D000000 		.4byte	0x7d
 588 0223 01       		.byte	0x1
 589 0224 00       		.byte	0
 590 0225 15       		.uleb128 0x15
 591 0226 09020000 		.4byte	0x209
 592 022a 16       		.uleb128 0x16
 593 022b 2C000000 		.4byte	.LASF25
 594 022f 01       		.byte	0x1
 595 0230 1301     		.2byte	0x113
 596 0232 3C020000 		.4byte	0x23c
 597 0236 05       		.uleb128 0x5
 598 0237 03       		.byte	0x3
 599 0238 00000000 		.4byte	cfg_memset_list.4884
 600 023c 15       		.uleb128 0x15
 601 023d 15020000 		.4byte	0x215
 602 0241 17       		.uleb128 0x17
 603 0242 6900     		.ascii	"i\000"
 604 0244 01       		.byte	0x1
 605 0245 1901     		.2byte	0x119
 606 0247 8D000000 		.4byte	0x8d
 607 024b 4D000000 		.4byte	.LLST2
 608 024f 18       		.uleb128 0x18
 609 0250 B2000000 		.4byte	.LBB3
 610 0254 1C000000 		.4byte	.LBE3-.LBB3
 611 0258 17       		.uleb128 0x17
 612 0259 6D7300   		.ascii	"ms\000"
 613 025c 01       		.byte	0x1
 614 025d 1E01     		.2byte	0x11e
 615 025f 67020000 		.4byte	0x267
 616 0263 77000000 		.4byte	.LLST3
 617 0267 19       		.uleb128 0x19
 618 0268 04       		.byte	0x4
 619 0269 25020000 		.4byte	0x225
 620 026d 0B       		.uleb128 0xb
 621 026e CE000000 		.4byte	.LVL11
 622 0272 F2000000 		.4byte	0xf2
 623 0276 0C       		.uleb128 0xc
 624 0277 01       		.uleb128 0x1
 625 0278 51       		.byte	0x51
 626 0279 15       		.uleb128 0x15
 627 027a 74       		.byte	0x74
 628 027b 00       		.sleb128 0
 629 027c 31       		.byte	0x31
 630 027d 24       		.byte	0x24
 631 027e 74       		.byte	0x74
ARM GAS  C:\Users\ADMINI~1\AppData\Local\Temp\cc9JmNd2.s 			page 18


 632 027f 00       		.sleb128 0
 633 0280 22       		.byte	0x22
 634 0281 31       		.byte	0x31
 635 0282 24       		.byte	0x24
 636 0283 03       		.byte	0x3
 637 0284 04000000 		.4byte	.LANCHOR0+4
 638 0288 22       		.byte	0x22
 639 0289 94       		.byte	0x94
 640 028a 02       		.byte	0x2
 641 028b 0A       		.byte	0xa
 642 028c FFFF     		.2byte	0xffff
 643 028e 1A       		.byte	0x1a
 644 028f 00       		.byte	0
 645 0290 00       		.byte	0
 646 0291 00       		.byte	0
 647 0292 0D       		.uleb128 0xd
 648 0293 04010000 		.4byte	.LVL14
 649 0297 3F010000 		.4byte	0x13f
 650 029b 0D       		.uleb128 0xd
 651 029c 08010000 		.4byte	.LVL15
 652 02a0 E1000000 		.4byte	0xe1
 653 02a4 00       		.byte	0
 654 02a5 1A       		.uleb128 0x1a
 655 02a6 1D010000 		.4byte	.LASF37
 656 02aa 1D010000 		.4byte	.LASF37
 657 02ae 1B       		.uleb128 0x1b
 658 02af F4000000 		.4byte	.LASF26
 659 02b3 F4000000 		.4byte	.LASF26
 660 02b7 04       		.byte	0x4
 661 02b8 4E       		.byte	0x4e
 662 02b9 1B       		.uleb128 0x1b
 663 02ba 00000000 		.4byte	.LASF27
 664 02be 00000000 		.4byte	.LASF27
 665 02c2 05       		.byte	0x5
 666 02c3 DC       		.byte	0xdc
 667 02c4 1B       		.uleb128 0x1b
 668 02c5 BF000000 		.4byte	.LASF28
 669 02c9 BF000000 		.4byte	.LASF28
 670 02cd 04       		.byte	0x4
 671 02ce 50       		.byte	0x50
 672 02cf 1B       		.uleb128 0x1b
 673 02d0 4E020000 		.4byte	.LASF29
 674 02d4 4E020000 		.4byte	.LASF29
 675 02d8 05       		.byte	0x5
 676 02d9 6C       		.byte	0x6c
 677 02da 1B       		.uleb128 0x1b
 678 02db 33020000 		.4byte	.LASF30
 679 02df 33020000 		.4byte	.LASF30
 680 02e3 05       		.byte	0x5
 681 02e4 84       		.byte	0x84
 682 02e5 1B       		.uleb128 0x1b
 683 02e6 24020000 		.4byte	.LASF31
 684 02ea 24020000 		.4byte	.LASF31
 685 02ee 05       		.byte	0x5
 686 02ef DA       		.byte	0xda
 687 02f0 00       		.byte	0
 688              		.section	.debug_abbrev,"",%progbits
ARM GAS  C:\Users\ADMINI~1\AppData\Local\Temp\cc9JmNd2.s 			page 19


 689              	.Ldebug_abbrev0:
 690 0000 01       		.uleb128 0x1
 691 0001 11       		.uleb128 0x11
 692 0002 01       		.byte	0x1
 693 0003 25       		.uleb128 0x25
 694 0004 0E       		.uleb128 0xe
 695 0005 13       		.uleb128 0x13
 696 0006 0B       		.uleb128 0xb
 697 0007 03       		.uleb128 0x3
 698 0008 0E       		.uleb128 0xe
 699 0009 1B       		.uleb128 0x1b
 700 000a 0E       		.uleb128 0xe
 701 000b 55       		.uleb128 0x55
 702 000c 17       		.uleb128 0x17
 703 000d 11       		.uleb128 0x11
 704 000e 01       		.uleb128 0x1
 705 000f 10       		.uleb128 0x10
 706 0010 17       		.uleb128 0x17
 707 0011 00       		.byte	0
 708 0012 00       		.byte	0
 709 0013 02       		.uleb128 0x2
 710 0014 24       		.uleb128 0x24
 711 0015 00       		.byte	0
 712 0016 0B       		.uleb128 0xb
 713 0017 0B       		.uleb128 0xb
 714 0018 3E       		.uleb128 0x3e
 715 0019 0B       		.uleb128 0xb
 716 001a 03       		.uleb128 0x3
 717 001b 08       		.uleb128 0x8
 718 001c 00       		.byte	0
 719 001d 00       		.byte	0
 720 001e 03       		.uleb128 0x3
 721 001f 16       		.uleb128 0x16
 722 0020 00       		.byte	0
 723 0021 03       		.uleb128 0x3
 724 0022 0E       		.uleb128 0xe
 725 0023 3A       		.uleb128 0x3a
 726 0024 0B       		.uleb128 0xb
 727 0025 3B       		.uleb128 0x3b
 728 0026 0B       		.uleb128 0xb
 729 0027 49       		.uleb128 0x49
 730 0028 13       		.uleb128 0x13
 731 0029 00       		.byte	0
 732 002a 00       		.byte	0
 733 002b 04       		.uleb128 0x4
 734 002c 24       		.uleb128 0x24
 735 002d 00       		.byte	0
 736 002e 0B       		.uleb128 0xb
 737 002f 0B       		.uleb128 0xb
 738 0030 3E       		.uleb128 0x3e
 739 0031 0B       		.uleb128 0xb
 740 0032 03       		.uleb128 0x3
 741 0033 0E       		.uleb128 0xe
 742 0034 00       		.byte	0
 743 0035 00       		.byte	0
 744 0036 05       		.uleb128 0x5
 745 0037 0F       		.uleb128 0xf
ARM GAS  C:\Users\ADMINI~1\AppData\Local\Temp\cc9JmNd2.s 			page 20


 746 0038 00       		.byte	0
 747 0039 0B       		.uleb128 0xb
 748 003a 0B       		.uleb128 0xb
 749 003b 00       		.byte	0
 750 003c 00       		.byte	0
 751 003d 06       		.uleb128 0x6
 752 003e 16       		.uleb128 0x16
 753 003f 00       		.byte	0
 754 0040 03       		.uleb128 0x3
 755 0041 0E       		.uleb128 0xe
 756 0042 3A       		.uleb128 0x3a
 757 0043 0B       		.uleb128 0xb
 758 0044 3B       		.uleb128 0x3b
 759 0045 05       		.uleb128 0x5
 760 0046 49       		.uleb128 0x49
 761 0047 13       		.uleb128 0x13
 762 0048 00       		.byte	0
 763 0049 00       		.byte	0
 764 004a 07       		.uleb128 0x7
 765 004b 35       		.uleb128 0x35
 766 004c 00       		.byte	0
 767 004d 49       		.uleb128 0x49
 768 004e 13       		.uleb128 0x13
 769 004f 00       		.byte	0
 770 0050 00       		.byte	0
 771 0051 08       		.uleb128 0x8
 772 0052 2E       		.uleb128 0x2e
 773 0053 00       		.byte	0
 774 0054 03       		.uleb128 0x3
 775 0055 0E       		.uleb128 0xe
 776 0056 3A       		.uleb128 0x3a
 777 0057 0B       		.uleb128 0xb
 778 0058 3B       		.uleb128 0x3b
 779 0059 0B       		.uleb128 0xb
 780 005a 27       		.uleb128 0x27
 781 005b 19       		.uleb128 0x19
 782 005c 11       		.uleb128 0x11
 783 005d 01       		.uleb128 0x1
 784 005e 12       		.uleb128 0x12
 785 005f 06       		.uleb128 0x6
 786 0060 40       		.uleb128 0x40
 787 0061 18       		.uleb128 0x18
 788 0062 9742     		.uleb128 0x2117
 789 0064 19       		.uleb128 0x19
 790 0065 00       		.byte	0
 791 0066 00       		.byte	0
 792 0067 09       		.uleb128 0x9
 793 0068 2E       		.uleb128 0x2e
 794 0069 01       		.byte	0x1
 795 006a 03       		.uleb128 0x3
 796 006b 0E       		.uleb128 0xe
 797 006c 3A       		.uleb128 0x3a
 798 006d 0B       		.uleb128 0xb
 799 006e 3B       		.uleb128 0x3b
 800 006f 0B       		.uleb128 0xb
 801 0070 27       		.uleb128 0x27
 802 0071 19       		.uleb128 0x19
ARM GAS  C:\Users\ADMINI~1\AppData\Local\Temp\cc9JmNd2.s 			page 21


 803 0072 11       		.uleb128 0x11
 804 0073 01       		.uleb128 0x1
 805 0074 12       		.uleb128 0x12
 806 0075 06       		.uleb128 0x6
 807 0076 40       		.uleb128 0x40
 808 0077 18       		.uleb128 0x18
 809 0078 9742     		.uleb128 0x2117
 810 007a 19       		.uleb128 0x19
 811 007b 01       		.uleb128 0x1
 812 007c 13       		.uleb128 0x13
 813 007d 00       		.byte	0
 814 007e 00       		.byte	0
 815 007f 0A       		.uleb128 0xa
 816 0080 05       		.uleb128 0x5
 817 0081 00       		.byte	0
 818 0082 03       		.uleb128 0x3
 819 0083 08       		.uleb128 0x8
 820 0084 3A       		.uleb128 0x3a
 821 0085 0B       		.uleb128 0xb
 822 0086 3B       		.uleb128 0x3b
 823 0087 0B       		.uleb128 0xb
 824 0088 49       		.uleb128 0x49
 825 0089 13       		.uleb128 0x13
 826 008a 02       		.uleb128 0x2
 827 008b 17       		.uleb128 0x17
 828 008c 00       		.byte	0
 829 008d 00       		.byte	0
 830 008e 0B       		.uleb128 0xb
 831 008f 898201   		.uleb128 0x4109
 832 0092 01       		.byte	0x1
 833 0093 11       		.uleb128 0x11
 834 0094 01       		.uleb128 0x1
 835 0095 31       		.uleb128 0x31
 836 0096 13       		.uleb128 0x13
 837 0097 00       		.byte	0
 838 0098 00       		.byte	0
 839 0099 0C       		.uleb128 0xc
 840 009a 8A8201   		.uleb128 0x410a
 841 009d 00       		.byte	0
 842 009e 02       		.uleb128 0x2
 843 009f 18       		.uleb128 0x18
 844 00a0 9142     		.uleb128 0x2111
 845 00a2 18       		.uleb128 0x18
 846 00a3 00       		.byte	0
 847 00a4 00       		.byte	0
 848 00a5 0D       		.uleb128 0xd
 849 00a6 898201   		.uleb128 0x4109
 850 00a9 00       		.byte	0
 851 00aa 11       		.uleb128 0x11
 852 00ab 01       		.uleb128 0x1
 853 00ac 31       		.uleb128 0x31
 854 00ad 13       		.uleb128 0x13
 855 00ae 00       		.byte	0
 856 00af 00       		.byte	0
 857 00b0 0E       		.uleb128 0xe
 858 00b1 898201   		.uleb128 0x4109
 859 00b4 01       		.byte	0x1
ARM GAS  C:\Users\ADMINI~1\AppData\Local\Temp\cc9JmNd2.s 			page 22


 860 00b5 11       		.uleb128 0x11
 861 00b6 01       		.uleb128 0x1
 862 00b7 31       		.uleb128 0x31
 863 00b8 13       		.uleb128 0x13
 864 00b9 01       		.uleb128 0x1
 865 00ba 13       		.uleb128 0x13
 866 00bb 00       		.byte	0
 867 00bc 00       		.byte	0
 868 00bd 0F       		.uleb128 0xf
 869 00be 2E       		.uleb128 0x2e
 870 00bf 01       		.byte	0x1
 871 00c0 3F       		.uleb128 0x3f
 872 00c1 19       		.uleb128 0x19
 873 00c2 03       		.uleb128 0x3
 874 00c3 0E       		.uleb128 0xe
 875 00c4 3A       		.uleb128 0x3a
 876 00c5 0B       		.uleb128 0xb
 877 00c6 3B       		.uleb128 0x3b
 878 00c7 05       		.uleb128 0x5
 879 00c8 27       		.uleb128 0x27
 880 00c9 19       		.uleb128 0x19
 881 00ca 11       		.uleb128 0x11
 882 00cb 01       		.uleb128 0x1
 883 00cc 12       		.uleb128 0x12
 884 00cd 06       		.uleb128 0x6
 885 00ce 40       		.uleb128 0x40
 886 00cf 18       		.uleb128 0x18
 887 00d0 9742     		.uleb128 0x2117
 888 00d2 19       		.uleb128 0x19
 889 00d3 01       		.uleb128 0x1
 890 00d4 13       		.uleb128 0x13
 891 00d5 00       		.byte	0
 892 00d6 00       		.byte	0
 893 00d7 10       		.uleb128 0x10
 894 00d8 0B       		.uleb128 0xb
 895 00d9 01       		.byte	0x1
 896 00da 11       		.uleb128 0x11
 897 00db 01       		.uleb128 0x1
 898 00dc 12       		.uleb128 0x12
 899 00dd 06       		.uleb128 0x6
 900 00de 01       		.uleb128 0x1
 901 00df 13       		.uleb128 0x13
 902 00e0 00       		.byte	0
 903 00e1 00       		.byte	0
 904 00e2 11       		.uleb128 0x11
 905 00e3 13       		.uleb128 0x13
 906 00e4 01       		.byte	0x1
 907 00e5 0B       		.uleb128 0xb
 908 00e6 0B       		.uleb128 0xb
 909 00e7 3A       		.uleb128 0x3a
 910 00e8 0B       		.uleb128 0xb
 911 00e9 3B       		.uleb128 0x3b
 912 00ea 05       		.uleb128 0x5
 913 00eb 01       		.uleb128 0x1
 914 00ec 13       		.uleb128 0x13
 915 00ed 00       		.byte	0
 916 00ee 00       		.byte	0
ARM GAS  C:\Users\ADMINI~1\AppData\Local\Temp\cc9JmNd2.s 			page 23


 917 00ef 12       		.uleb128 0x12
 918 00f0 0D       		.uleb128 0xd
 919 00f1 00       		.byte	0
 920 00f2 03       		.uleb128 0x3
 921 00f3 0E       		.uleb128 0xe
 922 00f4 3A       		.uleb128 0x3a
 923 00f5 0B       		.uleb128 0xb
 924 00f6 3B       		.uleb128 0x3b
 925 00f7 05       		.uleb128 0x5
 926 00f8 49       		.uleb128 0x49
 927 00f9 13       		.uleb128 0x13
 928 00fa 38       		.uleb128 0x38
 929 00fb 0B       		.uleb128 0xb
 930 00fc 00       		.byte	0
 931 00fd 00       		.byte	0
 932 00fe 13       		.uleb128 0x13
 933 00ff 01       		.uleb128 0x1
 934 0100 01       		.byte	0x1
 935 0101 49       		.uleb128 0x49
 936 0102 13       		.uleb128 0x13
 937 0103 01       		.uleb128 0x1
 938 0104 13       		.uleb128 0x13
 939 0105 00       		.byte	0
 940 0106 00       		.byte	0
 941 0107 14       		.uleb128 0x14
 942 0108 21       		.uleb128 0x21
 943 0109 00       		.byte	0
 944 010a 49       		.uleb128 0x49
 945 010b 13       		.uleb128 0x13
 946 010c 2F       		.uleb128 0x2f
 947 010d 0B       		.uleb128 0xb
 948 010e 00       		.byte	0
 949 010f 00       		.byte	0
 950 0110 15       		.uleb128 0x15
 951 0111 26       		.uleb128 0x26
 952 0112 00       		.byte	0
 953 0113 49       		.uleb128 0x49
 954 0114 13       		.uleb128 0x13
 955 0115 00       		.byte	0
 956 0116 00       		.byte	0
 957 0117 16       		.uleb128 0x16
 958 0118 34       		.uleb128 0x34
 959 0119 00       		.byte	0
 960 011a 03       		.uleb128 0x3
 961 011b 0E       		.uleb128 0xe
 962 011c 3A       		.uleb128 0x3a
 963 011d 0B       		.uleb128 0xb
 964 011e 3B       		.uleb128 0x3b
 965 011f 05       		.uleb128 0x5
 966 0120 49       		.uleb128 0x49
 967 0121 13       		.uleb128 0x13
 968 0122 02       		.uleb128 0x2
 969 0123 18       		.uleb128 0x18
 970 0124 00       		.byte	0
 971 0125 00       		.byte	0
 972 0126 17       		.uleb128 0x17
 973 0127 34       		.uleb128 0x34
ARM GAS  C:\Users\ADMINI~1\AppData\Local\Temp\cc9JmNd2.s 			page 24


 974 0128 00       		.byte	0
 975 0129 03       		.uleb128 0x3
 976 012a 08       		.uleb128 0x8
 977 012b 3A       		.uleb128 0x3a
 978 012c 0B       		.uleb128 0xb
 979 012d 3B       		.uleb128 0x3b
 980 012e 05       		.uleb128 0x5
 981 012f 49       		.uleb128 0x49
 982 0130 13       		.uleb128 0x13
 983 0131 02       		.uleb128 0x2
 984 0132 17       		.uleb128 0x17
 985 0133 00       		.byte	0
 986 0134 00       		.byte	0
 987 0135 18       		.uleb128 0x18
 988 0136 0B       		.uleb128 0xb
 989 0137 01       		.byte	0x1
 990 0138 11       		.uleb128 0x11
 991 0139 01       		.uleb128 0x1
 992 013a 12       		.uleb128 0x12
 993 013b 06       		.uleb128 0x6
 994 013c 00       		.byte	0
 995 013d 00       		.byte	0
 996 013e 19       		.uleb128 0x19
 997 013f 0F       		.uleb128 0xf
 998 0140 00       		.byte	0
 999 0141 0B       		.uleb128 0xb
 1000 0142 0B       		.uleb128 0xb
 1001 0143 49       		.uleb128 0x49
 1002 0144 13       		.uleb128 0x13
 1003 0145 00       		.byte	0
 1004 0146 00       		.byte	0
 1005 0147 1A       		.uleb128 0x1a
 1006 0148 2E       		.uleb128 0x2e
 1007 0149 00       		.byte	0
 1008 014a 3F       		.uleb128 0x3f
 1009 014b 19       		.uleb128 0x19
 1010 014c 3C       		.uleb128 0x3c
 1011 014d 19       		.uleb128 0x19
 1012 014e 6E       		.uleb128 0x6e
 1013 014f 0E       		.uleb128 0xe
 1014 0150 03       		.uleb128 0x3
 1015 0151 0E       		.uleb128 0xe
 1016 0152 00       		.byte	0
 1017 0153 00       		.byte	0
 1018 0154 1B       		.uleb128 0x1b
 1019 0155 2E       		.uleb128 0x2e
 1020 0156 00       		.byte	0
 1021 0157 3F       		.uleb128 0x3f
 1022 0158 19       		.uleb128 0x19
 1023 0159 3C       		.uleb128 0x3c
 1024 015a 19       		.uleb128 0x19
 1025 015b 6E       		.uleb128 0x6e
 1026 015c 0E       		.uleb128 0xe
 1027 015d 03       		.uleb128 0x3
 1028 015e 0E       		.uleb128 0xe
 1029 015f 3A       		.uleb128 0x3a
 1030 0160 0B       		.uleb128 0xb
ARM GAS  C:\Users\ADMINI~1\AppData\Local\Temp\cc9JmNd2.s 			page 25


 1031 0161 3B       		.uleb128 0x3b
 1032 0162 0B       		.uleb128 0xb
 1033 0163 00       		.byte	0
 1034 0164 00       		.byte	0
 1035 0165 00       		.byte	0
 1036              		.section	.debug_loc,"",%progbits
 1037              	.Ldebug_loc0:
 1038              	.LLST0:
 1039 0000 00000000 		.4byte	.LVL0
 1040 0004 09000000 		.4byte	.LVL2-1
 1041 0008 0100     		.2byte	0x1
 1042 000a 50       		.byte	0x50
 1043 000b 09000000 		.4byte	.LVL2-1
 1044 000f 0C000000 		.4byte	.LFE2
 1045 0013 0400     		.2byte	0x4
 1046 0015 F3       		.byte	0xf3
 1047 0016 01       		.uleb128 0x1
 1048 0017 50       		.byte	0x50
 1049 0018 9F       		.byte	0x9f
 1050 0019 00000000 		.4byte	0
 1051 001d 00000000 		.4byte	0
 1052              	.LLST1:
 1053 0021 00000000 		.4byte	.LVL0
 1054 0025 06000000 		.4byte	.LVL1
 1055 0029 0100     		.2byte	0x1
 1056 002b 51       		.byte	0x51
 1057 002c 06000000 		.4byte	.LVL1
 1058 0030 09000000 		.4byte	.LVL2-1
 1059 0034 0100     		.2byte	0x1
 1060 0036 52       		.byte	0x52
 1061 0037 09000000 		.4byte	.LVL2-1
 1062 003b 0C000000 		.4byte	.LFE2
 1063 003f 0400     		.2byte	0x4
 1064 0041 F3       		.byte	0xf3
 1065 0042 01       		.uleb128 0x1
 1066 0043 51       		.byte	0x51
 1067 0044 9F       		.byte	0x9f
 1068 0045 00000000 		.4byte	0
 1069 0049 00000000 		.4byte	0
 1070              	.LLST2:
 1071 004d AE000000 		.4byte	.LVL9
 1072 0051 B2000000 		.4byte	.LVL10
 1073 0055 0200     		.2byte	0x2
 1074 0057 30       		.byte	0x30
 1075 0058 9F       		.byte	0x9f
 1076 0059 B2000000 		.4byte	.LVL10
 1077 005d D0000000 		.4byte	.LVL12
 1078 0061 0100     		.2byte	0x1
 1079 0063 54       		.byte	0x54
 1080 0064 D2000000 		.4byte	.LVL13
 1081 0068 08010000 		.4byte	.LVL16
 1082 006c 0100     		.2byte	0x1
 1083 006e 54       		.byte	0x54
 1084 006f 00000000 		.4byte	0
 1085 0073 00000000 		.4byte	0
 1086              	.LLST3:
 1087 0077 B2000000 		.4byte	.LVL10
ARM GAS  C:\Users\ADMINI~1\AppData\Local\Temp\cc9JmNd2.s 			page 26


 1088 007b D0000000 		.4byte	.LVL12
 1089 007f 0B00     		.2byte	0xb
 1090 0081 74       		.byte	0x74
 1091 0082 00       		.sleb128 0
 1092 0083 36       		.byte	0x36
 1093 0084 1E       		.byte	0x1e
 1094 0085 03       		.byte	0x3
 1095 0086 00000000 		.4byte	cfg_memset_list.4884
 1096 008a 22       		.byte	0x22
 1097 008b 9F       		.byte	0x9f
 1098 008c D0000000 		.4byte	.LVL12
 1099 0090 D2000000 		.4byte	.LVL13
 1100 0094 0B00     		.2byte	0xb
 1101 0096 74       		.byte	0x74
 1102 0097 7F       		.sleb128 -1
 1103 0098 36       		.byte	0x36
 1104 0099 1E       		.byte	0x1e
 1105 009a 03       		.byte	0x3
 1106 009b 00000000 		.4byte	cfg_memset_list.4884
 1107 009f 22       		.byte	0x22
 1108 00a0 9F       		.byte	0x9f
 1109 00a1 00000000 		.4byte	0
 1110 00a5 00000000 		.4byte	0
 1111              		.section	.debug_aranges,"",%progbits
 1112 0000 34000000 		.4byte	0x34
 1113 0004 0200     		.2byte	0x2
 1114 0006 00000000 		.4byte	.Ldebug_info0
 1115 000a 04       		.byte	0x4
 1116 000b 00       		.byte	0
 1117 000c 0000     		.2byte	0
 1118 000e 0000     		.2byte	0
 1119 0010 00000000 		.4byte	.LFB6
 1120 0014 20000000 		.4byte	.LFE6-.LFB6
 1121 0018 00000000 		.4byte	.LFB2
 1122 001c 0C000000 		.4byte	.LFE2-.LFB2
 1123 0020 00000000 		.4byte	.LFB5
 1124 0024 A4000000 		.4byte	.LFE5-.LFB5
 1125 0028 A4000000 		.4byte	.LFB7
 1126 002c 88000000 		.4byte	.LFE7-.LFB7
 1127 0030 00000000 		.4byte	0
 1128 0034 00000000 		.4byte	0
 1129              		.section	.debug_ranges,"",%progbits
 1130              	.Ldebug_ranges0:
 1131 0000 00000000 		.4byte	.LFB6
 1132 0004 20000000 		.4byte	.LFE6
 1133 0008 00000000 		.4byte	.LFB2
 1134 000c 0C000000 		.4byte	.LFE2
 1135 0010 00000000 		.4byte	.LFB5
 1136 0014 A4000000 		.4byte	.LFE5
 1137 0018 A4000000 		.4byte	.LFB7
 1138 001c 2C010000 		.4byte	.LFE7
 1139 0020 00000000 		.4byte	0
 1140 0024 00000000 		.4byte	0
 1141              		.section	.debug_line,"",%progbits
 1142              	.Ldebug_line0:
 1143 0000 53010000 		.section	.debug_str,"MS",%progbits,1
 1143      0200E300 
ARM GAS  C:\Users\ADMINI~1\AppData\Local\Temp\cc9JmNd2.s 			page 27


 1143      00000201 
 1143      FB0E0D00 
 1143      01010101 
 1144              	.LASF27:
 1145 0000 43794465 		.ascii	"CyDelayCycles\000"
 1145      6C617943 
 1145      79636C65 
 1145      7300
 1146              	.LASF19:
 1147 000e 72656733 		.ascii	"reg32\000"
 1147      3200
 1148              	.LASF12:
 1149 0014 73697A65 		.ascii	"size_t\000"
 1149      5F7400
 1150              	.LASF35:
 1151 001b 416E616C 		.ascii	"AnalogSetDefault\000"
 1151      6F675365 
 1151      74446566 
 1151      61756C74 
 1151      00
 1152              	.LASF25:
 1153 002c 6366675F 		.ascii	"cfg_memset_list\000"
 1153      6D656D73 
 1153      65745F6C 
 1153      69737400 
 1154              	.LASF21:
 1155 003c 436C6F63 		.ascii	"ClockSetup\000"
 1155      6B536574 
 1155      757000
 1156              	.LASF6:
 1157 0047 73686F72 		.ascii	"short unsigned int\000"
 1157      7420756E 
 1157      7369676E 
 1157      65642069 
 1157      6E7400
 1158              	.LASF16:
 1159 005a 666C6F61 		.ascii	"float\000"
 1159      7400
 1160              	.LASF34:
 1161 0060 453A5C4D 		.ascii	"E:\\MCU_learning\\cypress\\Cypress_Lowpower\\BLE_Lo"
 1161      43555F6C 
 1161      6561726E 
 1161      696E675C 
 1161      63797072 
 1162 008f 77706F77 		.ascii	"wpower\\BLE_Lowpower\\BLE_WDT_Lowpower.cydsn\000"
 1162      65725C42 
 1162      4C455F4C 
 1162      6F77706F 
 1162      7765725C 
 1163              	.LASF23:
 1164 00ba 73697A65 		.ascii	"size\000"
 1164      00
 1165              	.LASF28:
 1166 00bf 43795379 		.ascii	"CySysClkWcoSetPowerMode\000"
 1166      73436C6B 
 1166      57636F53 
 1166      6574506F 
ARM GAS  C:\Users\ADMINI~1\AppData\Local\Temp\cc9JmNd2.s 			page 28


 1166      7765724D 
 1167              	.LASF18:
 1168 00d7 72656738 		.ascii	"reg8\000"
 1168      00
 1169              	.LASF8:
 1170 00dc 6C6F6E67 		.ascii	"long unsigned int\000"
 1170      20756E73 
 1170      69676E65 
 1170      6420696E 
 1170      7400
 1171              	.LASF13:
 1172 00ee 75696E74 		.ascii	"uint8\000"
 1172      3800
 1173              	.LASF26:
 1174 00f4 43795379 		.ascii	"CySysClkWcoStart\000"
 1174      73436C6B 
 1174      57636F53 
 1174      74617274 
 1174      00
 1175              	.LASF20:
 1176 0105 43594D45 		.ascii	"CYMEMZERO\000"
 1176      4D5A4552 
 1176      4F00
 1177              	.LASF4:
 1178 010f 756E7369 		.ascii	"unsigned char\000"
 1178      676E6564 
 1178      20636861 
 1178      7200
 1179              	.LASF37:
 1180 011d 6D656D73 		.ascii	"memset\000"
 1180      657400
 1181              	.LASF17:
 1182 0124 646F7562 		.ascii	"double\000"
 1182      6C6500
 1183              	.LASF36:
 1184 012b 63796669 		.ascii	"cyfitter_cfg\000"
 1184      74746572 
 1184      5F636667 
 1184      00
 1185              	.LASF14:
 1186 0138 75696E74 		.ascii	"uint16\000"
 1186      313600
 1187              	.LASF15:
 1188 013f 75696E74 		.ascii	"uint32\000"
 1188      333200
 1189              	.LASF0:
 1190 0146 756E7369 		.ascii	"unsigned int\000"
 1190      676E6564 
 1190      20696E74 
 1190      00
 1191              	.LASF22:
 1192 0153 61646472 		.ascii	"address\000"
 1192      65737300 
 1193              	.LASF9:
 1194 015b 6C6F6E67 		.ascii	"long long unsigned int\000"
 1194      206C6F6E 
 1194      6720756E 
ARM GAS  C:\Users\ADMINI~1\AppData\Local\Temp\cc9JmNd2.s 			page 29


 1194      7369676E 
 1194      65642069 
 1195              	.LASF32:
 1196 0172 474E5520 		.ascii	"GNU C11 5.4.1 20160609 (release) [ARM/embedded-5-br"
 1196      43313120 
 1196      352E342E 
 1196      31203230 
 1196      31363036 
 1197 01a5 616E6368 		.ascii	"anch revision 237715] -mcpu=cortex-m0 -mthumb -g -O"
 1197      20726576 
 1197      6973696F 
 1197      6E203233 
 1197      37373135 
 1198 01d8 67202D66 		.ascii	"g -ffunction-sections -ffat-lto-objects\000"
 1198      66756E63 
 1198      74696F6E 
 1198      2D736563 
 1198      74696F6E 
 1199              	.LASF24:
 1200 0200 6366675F 		.ascii	"cfg_memset_t\000"
 1200      6D656D73 
 1200      65745F74 
 1200      00
 1201              	.LASF10:
 1202 020d 73697A65 		.ascii	"sizetype\000"
 1202      74797065 
 1202      00
 1203              	.LASF1:
 1204 0216 6C6F6E67 		.ascii	"long long int\000"
 1204      206C6F6E 
 1204      6720696E 
 1204      7400
 1205              	.LASF31:
 1206 0224 43794465 		.ascii	"CyDelayUs\000"
 1206      6C617955 
 1206      7300
 1207              	.LASF11:
 1208 022e 63686172 		.ascii	"char\000"
 1208      00
 1209              	.LASF30:
 1210 0233 43795379 		.ascii	"CySysClkEcoStart\000"
 1210      73436C6B 
 1210      45636F53 
 1210      74617274 
 1210      00
 1211              	.LASF5:
 1212 0244 73686F72 		.ascii	"short int\000"
 1212      7420696E 
 1212      7400
 1213              	.LASF29:
 1214 024e 43795379 		.ascii	"CySysClkWriteImoFreq\000"
 1214      73436C6B 
 1214      57726974 
 1214      65496D6F 
 1214      46726571 
 1215              	.LASF7:
 1216 0263 6C6F6E67 		.ascii	"long int\000"
ARM GAS  C:\Users\ADMINI~1\AppData\Local\Temp\cc9JmNd2.s 			page 30


 1216      20696E74 
 1216      00
 1217              	.LASF2:
 1218 026c 6C6F6E67 		.ascii	"long double\000"
 1218      20646F75 
 1218      626C6500 
 1219              	.LASF3:
 1220 0278 7369676E 		.ascii	"signed char\000"
 1220      65642063 
 1220      68617200 
 1221              	.LASF33:
 1222 0284 47656E65 		.ascii	"Generated_Source\\PSoC4\\cyfitter_cfg.c\000"
 1222      72617465 
 1222      645F536F 
 1222      75726365 
 1222      5C50536F 
 1223              		.ident	"GCC: (GNU Tools for ARM Embedded Processors) 5.4.1 20160609 (release) [ARM/embedded-5-bran
